Archive member included to satisfy reference by file (symbol)

app/libapp.a(main.c.obj)      (--whole-archive)
zephyr/libzephyr.a(cbprintf_packaged.c.obj)
                              (--whole-archive)
zephyr/libzephyr.a(dec.c.obj)
                              (--whole-archive)
zephyr/libzephyr.a(fdtable.c.obj)
                              (--whole-archive)
zephyr/libzephyr.a(hex.c.obj)
                              (--whole-archive)
zephyr/libzephyr.a(printk.c.obj)
                              (--whole-archive)
zephyr/libzephyr.a(rb.c.obj)  (--whole-archive)
zephyr/libzephyr.a(sem.c.obj)
                              (--whole-archive)
zephyr/libzephyr.a(thread_entry.c.obj)
                              (--whole-archive)
zephyr/libzephyr.a(timeutil.c.obj)
                              (--whole-archive)
zephyr/libzephyr.a(heap.c.obj)
                              (--whole-archive)
zephyr/libzephyr.a(heap-validate.c.obj)
                              (--whole-archive)
zephyr/libzephyr.a(bitarray.c.obj)
                              (--whole-archive)
zephyr/libzephyr.a(multi_heap.c.obj)
                              (--whole-archive)
zephyr/libzephyr.a(onoff.c.obj)
                              (--whole-archive)
zephyr/libzephyr.a(notify.c.obj)
                              (--whole-archive)
zephyr/libzephyr.a(crc32c_sw.c.obj)
                              (--whole-archive)
zephyr/libzephyr.a(crc32_sw.c.obj)
                              (--whole-archive)
zephyr/libzephyr.a(crc16_sw.c.obj)
                              (--whole-archive)
zephyr/libzephyr.a(crc8_sw.c.obj)
                              (--whole-archive)
zephyr/libzephyr.a(crc7_sw.c.obj)
                              (--whole-archive)
zephyr/libzephyr.a(cbprintf_complete.c.obj)
                              (--whole-archive)
zephyr/libzephyr.a(cbprintf.c.obj)
                              (--whole-archive)
zephyr/libzephyr.a(assert.c.obj)
                              (--whole-archive)
zephyr/libzephyr.a(mpsc_pbuf.c.obj)
                              (--whole-archive)
zephyr/libzephyr.a(reboot.c.obj)
                              (--whole-archive)
zephyr/libzephyr.a(configs.c.obj)
                              (--whole-archive)
zephyr/libzephyr.a(soc.c.obj)
                              (--whole-archive)
zephyr/libzephyr.a(soc_nrf_common.S.obj)
                              (--whole-archive)
zephyr/libzephyr.a(validate_base_addresses.c.obj)
                              (--whole-archive)
zephyr/libzephyr.a(validate_enabled_instances.c.obj)
                              (--whole-archive)
zephyr/libzephyr.a(log_core.c.obj)
                              (--whole-archive)
zephyr/libzephyr.a(log_mgmt.c.obj)
                              (--whole-archive)
zephyr/libzephyr.a(log_cache.c.obj)
                              (--whole-archive)
zephyr/libzephyr.a(log_msg.c.obj)
                              (--whole-archive)
zephyr/libzephyr.a(log_output.c.obj)
                              (--whole-archive)
zephyr/libzephyr.a(log_backend_rtt.c.obj)
                              (--whole-archive)
zephyr/libzephyr.a(log_backend_uart.c.obj)
                              (--whole-archive)
zephyr/libzephyr.a(tracing_none.c.obj)
                              (--whole-archive)
zephyr/arch/common/libarch__common.a(sw_isr_common.c.obj)
                              (--whole-archive)
zephyr/arch/arch/arm/core/aarch32/libarch__arm__core__aarch32.a(cpu_idle.S.obj)
                              (--whole-archive)
zephyr/arch/arch/arm/core/aarch32/libarch__arm__core__aarch32.a(fatal.c.obj)
                              (--whole-archive)
zephyr/arch/arch/arm/core/aarch32/libarch__arm__core__aarch32.a(irq_manage.c.obj)
                              (--whole-archive)
zephyr/arch/arch/arm/core/aarch32/libarch__arm__core__aarch32.a(nmi.c.obj)
                              (--whole-archive)
zephyr/arch/arch/arm/core/aarch32/libarch__arm__core__aarch32.a(nmi_on_reset.S.obj)
                              (--whole-archive)
zephyr/arch/arch/arm/core/aarch32/libarch__arm__core__aarch32.a(prep_c.c.obj)
                              (--whole-archive)
zephyr/arch/arch/arm/core/aarch32/libarch__arm__core__aarch32.a(swap.c.obj)
                              (--whole-archive)
zephyr/arch/arch/arm/core/aarch32/libarch__arm__core__aarch32.a(swap_helper.S.obj)
                              (--whole-archive)
zephyr/arch/arch/arm/core/aarch32/libarch__arm__core__aarch32.a(thread.c.obj)
                              (--whole-archive)
zephyr/arch/arch/arm/core/aarch32/libarch__arm__core__aarch32.a(isr_wrapper.S.obj)
                              (--whole-archive)
zephyr/arch/arch/arm/core/aarch32/cortex_m/libarch__arm__core__aarch32__cortex_m.a(exc_exit.S.obj)
                              (--whole-archive)
zephyr/arch/arch/arm/core/aarch32/cortex_m/libarch__arm__core__aarch32__cortex_m.a(fault.c.obj)
                              (--whole-archive)
[...]
Memory Configuration

Name             Origin             Length             Attributes
FLASH            0x0000000001000000 0x0000000000040000 xr
RAM              0x0000000021000000 0x0000000000010000 xw
SRAM1            0x0000000021000000 0x0000000000010000
IDT_LIST         0x00000000fffff7ff 0x0000000000000800 xw
*default*        0x0000000000000000 0xffffffffffffffff

Linker script and memory map

LOAD zephyr/CMakeFiles/zephyr_pre0.dir/misc/empty_file.c.obj
                0x0000000000000020                _region_min_align = 0x20

.rel.plt        0x0000000001000000        0x0
 *(SORT_BY_ALIGNMENT(.rel.plt))
                [!provide]                        PROVIDE (__rel_iplt_start = .)
 *(SORT_BY_ALIGNMENT(.rel.iplt))
 .rel.iplt      0x0000000001000000        0x0 app/libapp.a(main.c.obj)
                [!provide]                        PROVIDE (__rel_iplt_end = .)

.rela.plt       0x0000000000000000        0x0
 *(SORT_BY_ALIGNMENT(.rela.plt))
                [!provide]                        PROVIDE (__rela_iplt_start = .)
 *(SORT_BY_ALIGNMENT(.rela.iplt))
                [!provide]                        PROVIDE (__rela_iplt_end = .)

.rel.dyn
 *(SORT_BY_ALIGNMENT(.rel.*))

.rela.dyn
 *(SORT_BY_ALIGNMENT(.rela.*))

/DISCARD/
 *(SORT_BY_ALIGNMENT(.plt))

/DISCARD/
 *(SORT_BY_ALIGNMENT(.iplt))
                0x0000000001000000                __rom_region_start = 0x1000000

rom_start       0x0000000001000000       0xb8
                0x0000000000000000                . = 0x0
                0x0000000000000000                . = ALIGN (0x4)
                0x0000000000000000                . = ALIGN (0x80)
                0x0000000000000000                . = ALIGN (0x100)
                0x0000000001000000                _vector_start = .
 *(SORT_BY_ALIGNMENT(.exc_vector_table))
 *(SORT_BY_ALIGNMENT(.exc_vector_table.*))
 .exc_vector_table._vector_table_section
                0x0000000001000000       0x40 zephyr/arch/arch/arm/core/aarch32/cortex_m/libarch__arm__core__aarch32__cortex_m.a(vector_table.S.obj)
                0x0000000001000000                _vector_table
 *(SORT_BY_ALIGNMENT(.vectors))
                0x00000000010000b8                _vector_end = .
                0x0000000001000040                . = ALIGN (0x4)
 *(SORT_BY_ALIGNMENT(.gnu.linkonce.irq_vector_table*))
 .gnu.linkonce.irq_vector_table
                0x0000000001000040       0x78 zephyr/arch/common/libisr_tables.a(isr_tables.c.obj)
                0x0000000001000040                _irq_vector_table
                0x00000000010000b8                _vector_end = .

text            0x00000000010000b8     0x6c38
                0x00000000010000b8                __text_region_start = .
 *(SORT_BY_ALIGNMENT(.text))
 .text          0x00000000010000b8       0x30 c:/ncs/toolchains/v2.2.99-dev3/opt/zephyr-sdk/arm-zephyr-eabi/bin/../lib/gcc/arm-zephyr-eabi/12.1.0/thumb/v8-m.main/nofp\libgcc.a(_aeabi_uldivmod.o)
                0x00000000010000b8                __aeabi_uldivmod
 .text          0x00000000010000e8        0x4 c:/ncs/toolchains/v2.2.99-dev3/opt/zephyr-sdk/arm-zephyr-eabi/bin/../lib/gcc/arm-zephyr-eabi/12.1.0/thumb/v8-m.main/nofp\libgcc.a(_dvmd_tls.o)
                0x00000000010000e8                __aeabi_idiv0
                0x00000000010000e8                __aeabi_ldiv0
 .text          0x00000000010000ec      0x29c c:/ncs/toolchains/v2.2.99-dev3/opt/zephyr-sdk/arm-zephyr-eabi/bin/../lib/gcc/arm-zephyr-eabi/12.1.0/thumb/v8-m.main/nofp\libgcc.a(_udivmoddi4.o)
                0x00000000010000ec                __udivmoddi4
 *(SORT_BY_ALIGNMENT(.text.*))
 .text.nrfx_ipc_send.part.0
                0x0000000001000388       0x2c app/libapp.a(main.c.obj)
 .text.nrfx_ipc_handler
                0x00000000010003b4       0xc0 app/libapp.a(main.c.obj)
 .text.nrfx_ipc_send
                0x0000000001000474       0x50 app/libapp.a(main.c.obj)
                0x0000000001000474                nrfx_ipc_send
 .text.send_to_app
                0x00000000010004c4       0x80 app/libapp.a(main.c.obj)
                0x00000000010004c4                send_to_app
 .text.main     0x0000000001000544      0x100 app/libapp.a(main.c.obj)
                0x0000000001000544                main
 .text.cbvprintf_package
                0x0000000001000644      0x3a8 zephyr/libzephyr.a(cbprintf_packaged.c.obj)
                0x0000000001000644                cbvprintf_package
 .text.cbprintf_package_convert
                0x00000000010009ec      0x3bc zephyr/libzephyr.a(cbprintf_packaged.c.obj)
                0x00000000010009ec                cbprintf_package_convert
 .text.__printk_hook_install
                0x0000000001000da8        0xc zephyr/libzephyr.a(printk.c.obj)
                0x0000000001000da8                __printk_hook_install
 .text.vsnprintk
                0x0000000001000db4       0x2c zephyr/libzephyr.a(printk.c.obj)
                0x0000000001000db4                vsnprintk
 .text.process_event
                0x0000000001000de0      0x21c zephyr/libzephyr.a(onoff.c.obj)
 .text.z_cbvprintf_impl
                0x0000000001000ffc      0x764 zephyr/libzephyr.a(cbprintf_complete.c.obj)
                0x0000000001000ffc                z_cbvprintf_impl
 .text.nordicsemi_nrf53_init
                0x0000000001001760       0x28 zephyr/libzephyr.a(soc.c.obj)
 .text.arch_busy_wait
                0x0000000001001788       0x14 zephyr/libzephyr.a(soc.c.obj)
                0x0000000001001788                arch_busy_wait
 .text.z_arm_platform_init
                0x000000000100179c        0x4 zephyr/libzephyr.a(soc_nrf_common.S.obj)
                0x000000000100179c                z_arm_platform_init
 .text.activate_foreach_backend
                0x00000000010017a0       0x64 zephyr/libzephyr.a(log_core.c.obj)
 .text.enable_logger
                0x0000000001001804       0x5c zephyr/libzephyr.a(log_core.c.obj)
 .text.log_process_thread_timer_expiry_fn
                0x0000000001001860        0xc zephyr/libzephyr.a(log_core.c.obj)
 .text.z_log_init
                0x000000000100186c       0x90 zephyr/libzephyr.a(log_core.c.obj)
 .text.log_format_func_t_get
                0x00000000010018fc        0xc zephyr/libzephyr.a(log_core.c.obj)
                0x00000000010018fc                log_format_func_t_get
 .text.log_set_timestamp_func
                0x0000000001001908       0x20 zephyr/libzephyr.a(log_core.c.obj)
                0x0000000001001908                log_set_timestamp_func
 .text.z_log_notify_backend_enabled
                0x0000000001001928       0x1c zephyr/libzephyr.a(log_core.c.obj)
                0x0000000001001928                z_log_notify_backend_enabled
 .text.z_log_dropped
                0x0000000001001944       0x28 zephyr/libzephyr.a(log_core.c.obj)
                0x0000000001001944                z_log_dropped
 .text.z_log_dropped_read_and_clear
                0x000000000100196c       0x18 zephyr/libzephyr.a(log_core.c.obj)
                0x000000000100196c                z_log_dropped_read_and_clear
 .text.dropped_notify
                0x0000000001001984       0x30 zephyr/libzephyr.a(log_core.c.obj)
                0x0000000001001984                dropped_notify
 .text.z_log_msg_init
                0x00000000010019b4       0x20 zephyr/libzephyr.a(log_core.c.obj)
                0x00000000010019b4                z_log_msg_init
 .text.log_core_init
                0x00000000010019d4       0x2c zephyr/libzephyr.a(log_core.c.obj)
                0x00000000010019d4                log_core_init
 .text.z_log_msg_alloc
                0x0000000001001a00       0x10 zephyr/libzephyr.a(log_core.c.obj)
                0x0000000001001a00                z_log_msg_alloc
 .text.z_log_msg_local_claim
                0x0000000001001a10        0xc zephyr/libzephyr.a(log_core.c.obj)
                0x0000000001001a10                z_log_msg_local_claim
 .text.z_log_msg_free
                0x0000000001001a1c       0x10 zephyr/libzephyr.a(log_core.c.obj)
                0x0000000001001a1c                z_log_msg_free
 .text.z_log_msg_pending
                0x0000000001001a2c        0xc zephyr/libzephyr.a(log_core.c.obj)
                0x0000000001001a2c                z_log_msg_pending
 .text.z_impl_log_process
                0x0000000001001a38       0xb4 zephyr/libzephyr.a(log_core.c.obj)
                0x0000000001001a38                z_impl_log_process
 .text.z_impl_log_panic
                0x0000000001001aec       0x44 zephyr/libzephyr.a(log_core.c.obj)
                0x0000000001001aec                z_impl_log_panic
 .text.log_process_thread_func
                0x0000000001001b30       0x9c zephyr/libzephyr.a(log_core.c.obj)
 .text.z_log_msg_post_finalize
                0x0000000001001bcc       0x78 zephyr/libzephyr.a(log_core.c.obj)
 .text.z_log_msg_commit
                0x0000000001001c44       0x24 zephyr/libzephyr.a(log_core.c.obj)
                0x0000000001001c44                z_log_msg_commit
 .text.log_source_name_get
                0x0000000001001c68       0x1c zephyr/libzephyr.a(log_mgmt.c.obj)
                0x0000000001001c68                log_source_name_get
 .text.log_backend_enable
                0x0000000001001c84       0x28 zephyr/libzephyr.a(log_mgmt.c.obj)
                0x0000000001001c84                log_backend_enable
 .text.z_impl_z_log_msg_static_create
                0x0000000001001cac       0xa8 zephyr/libzephyr.a(log_msg.c.obj)
                0x0000000001001cac                z_impl_z_log_msg_static_create
 .text.z_impl_z_log_msg_runtime_vcreate
                0x0000000001001d54       0x94 zephyr/libzephyr.a(log_msg.c.obj)
                0x0000000001001d54                z_impl_z_log_msg_runtime_vcreate
 .text.print_formatted
                0x0000000001001de8       0x24 zephyr/libzephyr.a(log_output.c.obj)
 .text.newline_print
                0x0000000001001e0c       0x1c zephyr/libzephyr.a(log_output.c.obj)
 .text.log_output_process
                0x0000000001001e28      0x2a4 zephyr/libzephyr.a(log_output.c.obj)
                0x0000000001001e28                log_output_process
 .text.log_output_msg_process
                0x00000000010020cc       0x6c zephyr/libzephyr.a(log_output.c.obj)
                0x00000000010020cc                log_output_msg_process
 .text.log_output_dropped_process
                0x0000000001002138       0x58 zephyr/libzephyr.a(log_output.c.obj)
                0x0000000001002138                log_output_dropped_process
 .text.log_output_timestamp_freq_set
                0x0000000001002190       0x2c zephyr/libzephyr.a(log_output.c.obj)
                0x0000000001002190                log_output_timestamp_freq_set
 .text.log_backend_rtt_init
                0x00000000010021bc        0xc zephyr/libzephyr.a(log_backend_rtt.c.obj)
 .text.format_set
                0x00000000010021c8        0xc zephyr/libzephyr.a(log_backend_rtt.c.obj)
 .text.panic    0x00000000010021d4       0x14 zephyr/libzephyr.a(log_backend_rtt.c.obj)
 .text.dropped  0x00000000010021e8        0xc zephyr/libzephyr.a(log_backend_rtt.c.obj)
 .text.process  0x00000000010021f4       0x24 zephyr/libzephyr.a(log_backend_rtt.c.obj)
 .text.on_failed_write
                0x0000000001002218       0x28 zephyr/libzephyr.a(log_backend_rtt.c.obj)
 .text.data_out_block_mode
                0x0000000001002240       0x84 zephyr/libzephyr.a(log_backend_rtt.c.obj)
 .text.format_set
                0x00000000010022c4        0xc zephyr/libzephyr.a(log_backend_uart.c.obj)
 .text.panic    0x00000000010022d0       0x14 zephyr/libzephyr.a(log_backend_uart.c.obj)
 .text.dropped  0x00000000010022e4        0xc zephyr/libzephyr.a(log_backend_uart.c.obj)
 .text.process  0x00000000010022f0       0x24 zephyr/libzephyr.a(log_backend_uart.c.obj)
 .text.char_out
                0x0000000001002314       0x24 zephyr/libzephyr.a(log_backend_uart.c.obj)
 .text.z_arm_cpu_idle_init
                0x0000000001002338        0xc zephyr/arch/arch/arm/core/aarch32/libarch__arm__core__aarch32.a(cpu_idle.S.obj)
                0x0000000001002338                z_arm_cpu_idle_init
 .text.arch_cpu_idle
                0x0000000001002344       0x1c zephyr/arch/arch/arm/core/aarch32/libarch__arm__core__aarch32.a(cpu_idle.S.obj)
                0x0000000001002344                arch_cpu_idle
 .text.arch_cpu_atomic_idle
                0x0000000001002360       0x14 zephyr/arch/arch/arm/core/aarch32/libarch__arm__core__aarch32.a(cpu_idle.S.obj)
                0x0000000001002360                arch_cpu_atomic_idle
 .text.z_arm_fatal_error
                0x0000000001002374       0xcc zephyr/arch/arch/arm/core/aarch32/libarch__arm__core__aarch32.a(fatal.c.obj)
                0x0000000001002374                z_arm_fatal_error
 .text.arch_irq_enable
                0x0000000001002440       0x1c zephyr/arch/arch/arm/core/aarch32/libarch__arm__core__aarch32.a(irq_manage.c.obj)
                0x0000000001002440                arch_irq_enable
 .text.arch_irq_is_enabled
                0x000000000100245c       0x1c zephyr/arch/arch/arm/core/aarch32/libarch__arm__core__aarch32.a(irq_manage.c.obj)
                0x000000000100245c                arch_irq_is_enabled
 .text.z_arm_irq_priority_set
                0x0000000001002478       0x2c zephyr/arch/arch/arm/core/aarch32/libarch__arm__core__aarch32.a(irq_manage.c.obj)
                0x0000000001002478                z_arm_irq_priority_set
 .text.z_SysNmiOnReset
                0x00000000010024a4        0x8 zephyr/arch/arch/arm/core/aarch32/libarch__arm__core__aarch32.a(nmi_on_reset.S.obj)
                0x00000000010024a4                z_SysNmiOnReset
 .text.z_arm_prep_c
                0x00000000010024ac       0x2c zephyr/arch/arch/arm/core/aarch32/libarch__arm__core__aarch32.a(prep_c.c.obj)
                0x00000000010024ac                z_arm_prep_c
 .text.arch_swap
                0x00000000010024d8       0x34 zephyr/arch/arch/arm/core/aarch32/libarch__arm__core__aarch32.a(swap.c.obj)
                0x00000000010024d8                arch_swap
 .text.z_arm_pendsv
                0x000000000100250c       0x58 zephyr/arch/arch/arm/core/aarch32/libarch__arm__core__aarch32.a(swap_helper.S.obj)
                0x000000000100250c                z_arm_pendsv
 .text.z_arm_svc
                0x0000000001002564       0x20 zephyr/arch/arch/arm/core/aarch32/libarch__arm__core__aarch32.a(swap_helper.S.obj)
                0x0000000001002564                z_arm_svc
 .text.arch_new_thread
                0x0000000001002584       0x38 zephyr/arch/arch/arm/core/aarch32/libarch__arm__core__aarch32.a(thread.c.obj)
                0x0000000001002584                arch_new_thread
 .text.arch_switch_to_main_thread
                0x00000000010025bc       0x28 zephyr/arch/arch/arm/core/aarch32/libarch__arm__core__aarch32.a(thread.c.obj)
                0x00000000010025bc                arch_switch_to_main_thread
 .text._isr_wrapper
                0x00000000010025e4       0x28 zephyr/arch/arch/arm/core/aarch32/libarch__arm__core__aarch32.a(isr_wrapper.S.obj)
                0x00000000010025e4                _isr_wrapper
 .text._HandlerModeExit
                0x000000000100260c       0x1c zephyr/arch/arch/arm/core/aarch32/cortex_m/libarch__arm__core__aarch32__cortex_m.a(exc_exit.S.obj)
                0x000000000100260c                z_arm_int_exit
                0x000000000100260c                z_arm_exc_exit
 .text.mem_manage_fault.constprop.0
                0x0000000001002628      0x108 zephyr/arch/arch/arm/core/aarch32/cortex_m/libarch__arm__core__aarch32__cortex_m.a(fault.c.obj)
 .text.bus_fault.constprop.0
                0x0000000001002730      0x120 zephyr/arch/arch/arm/core/aarch32/cortex_m/libarch__arm__core__aarch32__cortex_m.a(fault.c.obj)
 .text.usage_fault.constprop.0
                0x0000000001002850      0x118 zephyr/arch/arch/arm/core/aarch32/cortex_m/libarch__arm__core__aarch32__cortex_m.a(fault.c.obj)
 .text.z_arm_fault
                0x0000000001002968      0x214 zephyr/arch/arch/arm/core/aarch32/cortex_m/libarch__arm__core__aarch32__cortex_m.a(fault.c.obj)
                0x0000000001002968                z_arm_fault
 .text.z_arm_fault_init
                0x0000000001002b7c       0x18 zephyr/arch/arch/arm/core/aarch32/cortex_m/libarch__arm__core__aarch32__cortex_m.a(fault.c.obj)
                0x0000000001002b7c                z_arm_fault_init
 .text.__fault  0x0000000001002b94       0x14 zephyr/arch/arch/arm/core/aarch32/cortex_m/libarch__arm__core__aarch32__cortex_m.a(fault_s.S.obj)
                0x0000000001002b94                z_arm_usage_fault
                0x0000000001002b94                z_arm_mpu_fault
                0x0000000001002b94                z_arm_exc_spurious
                0x0000000001002b94                z_arm_debug_monitor
                0x0000000001002b94                z_arm_hard_fault
                0x0000000001002b94                z_arm_bus_fault
 .text.z_arm_interrupt_init
                0x0000000001002ba8       0x18 zephyr/arch/arch/arm/core/aarch32/cortex_m/libarch__arm__core__aarch32__cortex_m.a(irq_init.c.obj)
                0x0000000001002ba8                z_arm_interrupt_init
 .text._reset_section
                0x0000000001002bc0       0x60 zephyr/arch/arch/arm/core/aarch32/cortex_m/libarch__arm__core__aarch32__cortex_m.a(reset.S.obj)
                0x0000000001002bc0                __start
                0x0000000001002bc0                z_arm_reset
 .text.sys_arch_reboot
                0x0000000001002c20       0x24 zephyr/arch/arch/arm/core/aarch32/cortex_m/libarch__arm__core__aarch32__cortex_m.a(scb.c.obj)
                0x0000000001002c20                sys_arch_reboot
 .text.z_arm_clear_arm_mpu_config
                0x0000000001002c44       0x24 zephyr/arch/arch/arm/core/aarch32/cortex_m/libarch__arm__core__aarch32__cortex_m.a(scb.c.obj)
                0x0000000001002c44                z_arm_clear_arm_mpu_config
 .text.z_arm_init_arch_hw_at_boot
                0x0000000001002c68       0x4c zephyr/arch/arch/arm/core/aarch32/cortex_m/libarch__arm__core__aarch32__cortex_m.a(scb.c.obj)
                0x0000000001002c68                z_arm_init_arch_hw_at_boot
 .text.z_impl_k_thread_abort
                0x0000000001002cb4       0x2c zephyr/arch/arch/arm/core/aarch32/cortex_m/libarch__arm__core__aarch32__cortex_m.a(thread_abort.c.obj)
                0x0000000001002cb4                z_impl_k_thread_abort
 .text.z_arm_configure_static_mpu_regions
                0x0000000001002ce0       0x38 zephyr/arch/arch/arm/core/aarch32/mpu/libarch__arm__core__aarch32__mpu.a(arm_core_mpu.c.obj)
                0x0000000001002ce0                z_arm_configure_static_mpu_regions
 .text.region_init
                0x0000000001002d18       0x34 zephyr/arch/arch/arm/core/aarch32/mpu/libarch__arm__core__aarch32__mpu.a(arm_mpu.c.obj)
 .text.region_allocate_and_init.part.0
                0x0000000001002d4c       0x30 zephyr/arch/arch/arm/core/aarch32/mpu/libarch__arm__core__aarch32__mpu.a(arm_mpu.c.obj)
 .text.mpu_configure_regions_and_partition.constprop.0
                0x0000000001002d7c      0x19c zephyr/arch/arch/arm/core/aarch32/mpu/libarch__arm__core__aarch32__mpu.a(arm_mpu.c.obj)
 .text.arm_core_mpu_enable
                0x0000000001002f18       0x18 zephyr/arch/arch/arm/core/aarch32/mpu/libarch__arm__core__aarch32__mpu.a(arm_mpu.c.obj)
                0x0000000001002f18                arm_core_mpu_enable
 .text.arm_core_mpu_disable
                0x0000000001002f30       0x14 zephyr/arch/arch/arm/core/aarch32/mpu/libarch__arm__core__aarch32__mpu.a(arm_mpu.c.obj)
                0x0000000001002f30                arm_core_mpu_disable
 .text.arm_core_mpu_configure_static_mpu_regions
                0x0000000001002f44       0x14 zephyr/arch/arch/arm/core/aarch32/mpu/libarch__arm__core__aarch32__mpu.a(arm_mpu.c.obj)
                0x0000000001002f44                arm_core_mpu_configure_static_mpu_regions
 .text.arm_core_mpu_mark_areas_for_dynamic_regions
                0x0000000001002f58       0xb8 zephyr/arch/arch/arm/core/aarch32/mpu/libarch__arm__core__aarch32__mpu.a(arm_mpu.c.obj)
                0x0000000001002f58                arm_core_mpu_mark_areas_for_dynamic_regions
 .text.z_arm_mpu_init
                0x0000000001003010       0x4c zephyr/arch/arch/arm/core/aarch32/mpu/libarch__arm__core__aarch32__mpu.a(arm_mpu.c.obj)
                0x0000000001003010                z_arm_mpu_init
 .text.__stdout_hook_install
                0x000000000100305c        0xc zephyr/lib/libc/minimal/liblib__libc__minimal.a(stdout_console.c.obj)
                0x000000000100305c                __stdout_hook_install
 .text.snprintf
                0x0000000001003068       0x34 zephyr/lib/libc/minimal/liblib__libc__minimal.a(sprintf.c.obj)
                0x0000000001003068                snprintf
 .text.onoff_stop
                0x000000000100309c       0x30 zephyr/drivers/clock_control/libdrivers__clock_control.a(clock_control_nrf.c.obj)
 .text.onoff_start
                0x00000000010030cc       0x44 zephyr/drivers/clock_control/libdrivers__clock_control.a(clock_control_nrf.c.obj)
 .text.clk_init
                0x0000000001003110       0x58 zephyr/drivers/clock_control/libdrivers__clock_control.a(clock_control_nrf.c.obj)
 .text.clkstarted_handle.constprop.0
                0x0000000001003168       0x34 zephyr/drivers/clock_control/libdrivers__clock_control.a(clock_control_nrf.c.obj)
 .text.clock_event_handler
                0x000000000100319c       0x1c zephyr/drivers/clock_control/libdrivers__clock_control.a(clock_control_nrf.c.obj)
 .text.generic_hfclk_start
                0x00000000010031b8       0x64 zephyr/drivers/clock_control/libdrivers__clock_control.a(clock_control_nrf.c.obj)
 .text.api_blocking_start
                0x000000000100321c       0x34 zephyr/drivers/clock_control/libdrivers__clock_control.a(clock_control_nrf.c.obj)
 .text.generic_hfclk_stop
                0x0000000001003250       0x34 zephyr/drivers/clock_control/libdrivers__clock_control.a(clock_control_nrf.c.obj)
 .text.z_nrf_clock_control_lf_on
                0x0000000001003284       0xf8 zephyr/drivers/clock_control/libdrivers__clock_control.a(clock_control_nrf.c.obj)
                0x0000000001003284                z_nrf_clock_control_lf_on
 .text.rtt_console_init
                0x000000000100337c       0x18 zephyr/drivers/console/libdrivers__console.a(rtt_console.c.obj)
 .text.rtt_console_out
                0x0000000001003394       0x54 zephyr/drivers/console/libdrivers__console.a(rtt_console.c.obj)
 .text.uart_console_init
                0x00000000010033e8       0x28 zephyr/drivers/console/libdrivers__console.a(uart_console.c.obj)
 .text.console_out
                0x0000000001003410       0x28 zephyr/drivers/console/libdrivers__console.a(uart_console.c.obj)
 .text.gpio_nrfx_pin_interrupt_configure
                0x0000000001003438       0xd8 zephyr/drivers/gpio/libdrivers__gpio.a(gpio_nrfx.c.obj)
 .text.gpio_nrfx_init
                0x0000000001003510       0x38 zephyr/drivers/gpio/libdrivers__gpio.a(gpio_nrfx.c.obj)
 .text.nrfx_gpio_handler
                0x0000000001003548       0x4c zephyr/drivers/gpio/libdrivers__gpio.a(gpio_nrfx.c.obj)
 .text.gpio_nrfx_pin_configure
                0x0000000001003594      0x124 zephyr/drivers/gpio/libdrivers__gpio.a(gpio_nrfx.c.obj)
 .text.uarte_nrfx_configure
                0x00000000010036b8      0x17c zephyr/drivers/serial/libdrivers__serial.a(uart_nrfx_uarte.c.obj)
 .text.uarte_0_init
                0x0000000001003834      0x10c zephyr/drivers/serial/libdrivers__serial.a(uart_nrfx_uarte.c.obj)
 .text.uarte_nrfx_poll_out
                0x0000000001003940       0xcc zephyr/drivers/serial/libdrivers__serial.a(uart_nrfx_uarte.c.obj)
 .text.compare_int_lock
                0x0000000001003a0c       0x40 zephyr/drivers/timer/libdrivers__timer.a(nrf_rtc_timer.c.obj)
 .text.sys_clock_timeout_handler
                0x0000000001003a4c       0x80 zephyr/drivers/timer/libdrivers__timer.a(nrf_rtc_timer.c.obj)
 .text.compare_int_unlock
                0x0000000001003acc       0x4c zephyr/drivers/timer/libdrivers__timer.a(nrf_rtc_timer.c.obj)
 .text.z_nrf_rtc_timer_read
                0x0000000001003b18       0x44 zephyr/drivers/timer/libdrivers__timer.a(nrf_rtc_timer.c.obj)
                0x0000000001003b18                z_nrf_rtc_timer_read
 .text.compare_set
                0x0000000001003b5c      0x158 zephyr/drivers/timer/libdrivers__timer.a(nrf_rtc_timer.c.obj)
 .text.sys_clock_driver_init
                0x0000000001003cb4       0x80 zephyr/drivers/timer/libdrivers__timer.a(nrf_rtc_timer.c.obj)
 .text.rtc_nrf_isr
                0x0000000001003d34       0xdc zephyr/drivers/timer/libdrivers__timer.a(nrf_rtc_timer.c.obj)
                0x0000000001003d34                rtc_nrf_isr
 .text.sys_clock_set_timeout
                0x0000000001003e10       0x60 zephyr/drivers/timer/libdrivers__timer.a(nrf_rtc_timer.c.obj)
                0x0000000001003e10                sys_clock_set_timeout
 .text.sys_clock_elapsed
                0x0000000001003e70       0x14 zephyr/drivers/timer/libdrivers__timer.a(nrf_rtc_timer.c.obj)
                0x0000000001003e70                sys_clock_elapsed
 .text.pinctrl_configure_pins
                0x0000000001003e84       0xcc zephyr/drivers/pinctrl/libdrivers__pinctrl.a(pinctrl_nrf.c.obj)
                0x0000000001003e84                pinctrl_configure_pins
 .text.k_sys_fatal_error_handler
                0x0000000001003f50       0x2c modules/nrf/lib/fatal_error/lib..__nrf__lib__fatal_error.a(fatal_error.c.obj)
                0x0000000001003f50                k_sys_fatal_error_handler
 .text.SystemInit
                0x0000000001003f7c       0x94 modules/hal_nordic/nrfx/libmodules__hal_nordic__nrfx.a(system_nrf5340_network.c.obj)
                0x0000000001003f7c                SystemInit
 .text.nrfx_flag32_alloc
                0x0000000001004010       0x38 modules/hal_nordic/nrfx/libmodules__hal_nordic__nrfx.a(nrfx_flag32_allocator.c.obj)
                0x0000000001004010                nrfx_flag32_alloc
 .text.nrfx_flag32_free
                0x0000000001004048       0x38 modules/hal_nordic/nrfx/libmodules__hal_nordic__nrfx.a(nrfx_flag32_allocator.c.obj)
                0x0000000001004048                nrfx_flag32_free
 .text.clock_stop
                0x0000000001004080       0xb4 modules/hal_nordic/nrfx/libmodules__hal_nordic__nrfx.a(nrfx_clock.c.obj)
 .text.nrfx_clock_init
                0x0000000001004134       0x20 modules/hal_nordic/nrfx/libmodules__hal_nordic__nrfx.a(nrfx_clock.c.obj)
                0x0000000001004134                nrfx_clock_init
 .text.nrfx_clock_enable
                0x0000000001004154       0x24 modules/hal_nordic/nrfx/libmodules__hal_nordic__nrfx.a(nrfx_clock.c.obj)
                0x0000000001004154                nrfx_clock_enable
 .text.nrfx_clock_start
                0x0000000001004178       0x80 modules/hal_nordic/nrfx/libmodules__hal_nordic__nrfx.a(nrfx_clock.c.obj)
                0x0000000001004178                nrfx_clock_start
 .text.nrfx_power_clock_irq_handler
                0x00000000010041f8       0x68 modules/hal_nordic/nrfx/libmodules__hal_nordic__nrfx.a(nrfx_clock.c.obj)
                0x00000000010041f8                nrfx_power_clock_irq_handler
 .text.nrfx_dppi_channel_alloc
                0x0000000001004260        0xc modules/hal_nordic/nrfx/libmodules__hal_nordic__nrfx.a(nrfx_dppi.c.obj)
                0x0000000001004260                nrfx_dppi_channel_alloc
 .text.nrf_gpio_pin_port_decode
                0x000000000100426c       0x20 modules/hal_nordic/nrfx/libmodules__hal_nordic__nrfx.a(nrfx_gpiote.c.obj)
 .text.pin_in_use_by_te
                0x000000000100428c       0x14 modules/hal_nordic/nrfx/libmodules__hal_nordic__nrfx.a(nrfx_gpiote.c.obj)
 .text.call_handler
                0x00000000010042a0       0x3c modules/hal_nordic/nrfx/libmodules__hal_nordic__nrfx.a(nrfx_gpiote.c.obj)
 .text.release_handler
                0x00000000010042dc       0x54 modules/hal_nordic/nrfx/libmodules__hal_nordic__nrfx.a(nrfx_gpiote.c.obj)
 .text.pin_handler_trigger_uninit
                0x0000000001004330       0x3c modules/hal_nordic/nrfx/libmodules__hal_nordic__nrfx.a(nrfx_gpiote.c.obj)
 .text.nrfx_gpiote_input_configure
                0x000000000100436c      0x160 modules/hal_nordic/nrfx/libmodules__hal_nordic__nrfx.a(nrfx_gpiote.c.obj)
                0x000000000100436c                nrfx_gpiote_input_configure
 .text.nrfx_gpiote_output_configure
                0x00000000010044cc       0xe8 modules/hal_nordic/nrfx/libmodules__hal_nordic__nrfx.a(nrfx_gpiote.c.obj)
                0x00000000010044cc                nrfx_gpiote_output_configure
 .text.nrfx_gpiote_global_callback_set
                0x00000000010045b4        0xc modules/hal_nordic/nrfx/libmodules__hal_nordic__nrfx.a(nrfx_gpiote.c.obj)
                0x00000000010045b4                nrfx_gpiote_global_callback_set
 .text.nrfx_gpiote_channel_get
                0x00000000010045c0       0x2c modules/hal_nordic/nrfx/libmodules__hal_nordic__nrfx.a(nrfx_gpiote.c.obj)
                0x00000000010045c0                nrfx_gpiote_channel_get
 .text.nrfx_gpiote_init
                0x00000000010045ec       0x50 modules/hal_nordic/nrfx/libmodules__hal_nordic__nrfx.a(nrfx_gpiote.c.obj)
                0x00000000010045ec                nrfx_gpiote_init
 .text.nrfx_gpiote_is_init
                0x000000000100463c       0x14 modules/hal_nordic/nrfx/libmodules__hal_nordic__nrfx.a(nrfx_gpiote.c.obj)
                0x000000000100463c                nrfx_gpiote_is_init
 .text.nrfx_gpiote_channel_free
                0x0000000001004650        0xc modules/hal_nordic/nrfx/libmodules__hal_nordic__nrfx.a(nrfx_gpiote.c.obj)
                0x0000000001004650                nrfx_gpiote_channel_free
 .text.nrfx_gpiote_channel_alloc
                0x000000000100465c        0xc modules/hal_nordic/nrfx/libmodules__hal_nordic__nrfx.a(nrfx_gpiote.c.obj)
                0x000000000100465c                nrfx_gpiote_channel_alloc
 .text.nrfx_gpiote_trigger_enable
                0x0000000001004668       0x8c modules/hal_nordic/nrfx/libmodules__hal_nordic__nrfx.a(nrfx_gpiote.c.obj)
                0x0000000001004668                nrfx_gpiote_trigger_enable
 .text.nrfx_gpiote_trigger_disable
                0x00000000010046f4       0x50 modules/hal_nordic/nrfx/libmodules__hal_nordic__nrfx.a(nrfx_gpiote.c.obj)
                0x00000000010046f4                nrfx_gpiote_trigger_disable
 .text.nrfx_gpiote_pin_uninit
                0x0000000001004744       0x50 modules/hal_nordic/nrfx/libmodules__hal_nordic__nrfx.a(nrfx_gpiote.c.obj)
                0x0000000001004744                nrfx_gpiote_pin_uninit
 .text.nrfx_gpiote_irq_handler
                0x0000000001004794      0x1b8 modules/hal_nordic/nrfx/libmodules__hal_nordic__nrfx.a(nrfx_gpiote.c.obj)
                0x0000000001004794                nrfx_gpiote_irq_handler
 .text.nrfx_ipc_init
                0x000000000100494c       0x30 modules/hal_nordic/nrfx/libmodules__hal_nordic__nrfx.a(nrfx_ipc.c.obj)
                0x000000000100494c                nrfx_ipc_init
 .text.nrfx_ipc_irq_handler
                0x000000000100497c       0x40 modules/hal_nordic/nrfx/libmodules__hal_nordic__nrfx.a(nrfx_ipc.c.obj)
                0x000000000100497c                nrfx_ipc_irq_handler
 .text._DoInit  0x00000000010049bc       0x60 modules/segger/libmodules__segger.a(SEGGER_RTT.c.obj)
 .text.SEGGER_RTT_WriteSkipNoLock
                0x0000000001004a1c       0x90 modules/segger/libmodules__segger.a(SEGGER_RTT.c.obj)
                0x0000000001004a1c                SEGGER_RTT_WriteSkipNoLock
 .text.SEGGER_RTT_WriteNoLock
                0x0000000001004aac       0x58 modules/segger/libmodules__segger.a(SEGGER_RTT.c.obj)
                0x0000000001004aac                SEGGER_RTT_WriteNoLock
 .text.SEGGER_RTT_HasDataUp
                0x0000000001004b04       0x14 modules/segger/libmodules__segger.a(SEGGER_RTT.c.obj)
                0x0000000001004b04                SEGGER_RTT_HasDataUp
 .text.zephyr_rtt_mutex_lock
                0x0000000001004b18       0x14 modules/segger/libmodules__segger.a(SEGGER_RTT_zephyr.c.obj)
                0x0000000001004b18                zephyr_rtt_mutex_lock
 .text.zephyr_rtt_mutex_unlock
                0x0000000001004b2c        0xc modules/segger/libmodules__segger.a(SEGGER_RTT_zephyr.c.obj)
                0x0000000001004b2c                zephyr_rtt_mutex_unlock
 .text.z_fatal_error
                0x0000000001004b38       0xfc zephyr/kernel/libkernel.a(fatal.c.obj)
                0x0000000001004b38                z_fatal_error
 .text.z_sys_init_run_level
                0x0000000001004c34       0x44 zephyr/kernel/libkernel.a(init.c.obj)
 .text.bg_thread_main
                0x0000000001004c78       0x34 zephyr/kernel/libkernel.a(init.c.obj)
 .text.z_bss_zero
                0x0000000001004cac       0x18 zephyr/kernel/libkernel.a(init.c.obj)
                0x0000000001004cac                z_bss_zero
 .text.z_init_cpu
                0x0000000001004cc4       0x68 zephyr/kernel/libkernel.a(init.c.obj)
                0x0000000001004cc4                z_init_cpu
 .text.z_cstart
                0x0000000001004d2c       0xe0 zephyr/kernel/libkernel.a(init.c.obj)
                0x0000000001004d2c                z_cstart
 .text.z_setup_new_thread
                0x0000000001004e0c       0x60 zephyr/kernel/libkernel.a(thread.c.obj)
                0x0000000001004e0c                z_setup_new_thread
 .text.z_impl_k_thread_create
                0x0000000001004e6c       0x58 zephyr/kernel/libkernel.a(thread.c.obj)
                0x0000000001004e6c                z_impl_k_thread_create
 .text.z_init_static_threads
                0x0000000001004ec4       0xb8 zephyr/kernel/libkernel.a(thread.c.obj)
                0x0000000001004ec4                z_init_static_threads
 .text.z_impl_k_mutex_lock
                0x0000000001004f7c       0xf4 zephyr/kernel/libkernel.a(mutex.c.obj)
                0x0000000001004f7c                z_impl_k_mutex_lock
 .text.z_impl_k_mutex_unlock
                0x0000000001005070       0x78 zephyr/kernel/libkernel.a(mutex.c.obj)
                0x0000000001005070                z_impl_k_mutex_unlock
 .text.z_impl_k_sem_give
                0x00000000010050e8       0x40 zephyr/kernel/libkernel.a(sem.c.obj)
                0x00000000010050e8                z_impl_k_sem_give
 .text.z_impl_k_sem_take
                0x0000000001005128       0x50 zephyr/kernel/libkernel.a(sem.c.obj)
                0x0000000001005128                z_impl_k_sem_take
 .text.z_reset_time_slice
                0x0000000001005178       0x28 zephyr/kernel/libkernel.a(sched.c.obj)
                0x0000000001005178                z_reset_time_slice
 .text.update_cache
                0x00000000010051a0       0x3c zephyr/kernel/libkernel.a(sched.c.obj)
 .text.move_thread_to_end_of_prio_q
                0x00000000010051dc       0x74 zephyr/kernel/libkernel.a(sched.c.obj)
 .text.ready_thread
                0x0000000001005250       0x68 zephyr/kernel/libkernel.a(sched.c.obj)
 .text.unready_thread
                0x00000000010052b8       0x30 zephyr/kernel/libkernel.a(sched.c.obj)
 .text.pend_locked
                0x00000000010052e8       0x30 zephyr/kernel/libkernel.a(sched.c.obj)
 .text.k_sched_time_slice_set
                0x0000000001005318       0x64 zephyr/kernel/libkernel.a(sched.c.obj)
                0x0000000001005318                k_sched_time_slice_set
 .text.z_time_slice
                0x000000000100537c       0x84 zephyr/kernel/libkernel.a(sched.c.obj)
                0x000000000100537c                z_time_slice
 .text.z_pend_curr
                0x0000000001005400       0x3c zephyr/kernel/libkernel.a(sched.c.obj)
                0x0000000001005400                z_pend_curr
 .text.z_set_prio
                0x000000000100543c       0x8c zephyr/kernel/libkernel.a(sched.c.obj)
                0x000000000100543c                z_set_prio
 .text.z_reschedule
                0x00000000010054c8       0x24 zephyr/kernel/libkernel.a(sched.c.obj)
                0x00000000010054c8                z_reschedule
 .text.z_sched_start
                0x00000000010054ec       0x3c zephyr/kernel/libkernel.a(sched.c.obj)
                0x00000000010054ec                z_sched_start
 .text.z_impl_k_thread_suspend
                0x0000000001005528       0x64 zephyr/kernel/libkernel.a(sched.c.obj)
                0x0000000001005528                z_impl_k_thread_suspend
 .text.k_sched_lock
                0x000000000100558c       0x28 zephyr/kernel/libkernel.a(sched.c.obj)
                0x000000000100558c                k_sched_lock
 .text.k_sched_unlock
                0x00000000010055b4       0x38 zephyr/kernel/libkernel.a(sched.c.obj)
                0x00000000010055b4                k_sched_unlock
 .text.z_sched_init
                0x00000000010055ec       0x18 zephyr/kernel/libkernel.a(sched.c.obj)
                0x00000000010055ec                z_sched_init
 .text.z_impl_k_yield
                0x0000000001005604       0x7c zephyr/kernel/libkernel.a(sched.c.obj)
                0x0000000001005604                z_impl_k_yield
 .text.z_tick_sleep
                0x0000000001005680       0x88 zephyr/kernel/libkernel.a(sched.c.obj)
 .text.z_impl_k_sleep
                0x0000000001005708       0x34 zephyr/kernel/libkernel.a(sched.c.obj)
                0x0000000001005708                z_impl_k_sleep
 .text.z_impl_z_current_get
                0x000000000100573c        0xc zephyr/kernel/libkernel.a(sched.c.obj)
                0x000000000100573c                z_impl_z_current_get
 .text.z_thread_abort
                0x0000000001005748       0xc0 zephyr/kernel/libkernel.a(sched.c.obj)
                0x0000000001005748                z_thread_abort
 .text.z_data_copy
                0x0000000001005808       0x34 zephyr/kernel/libkernel.a(xip.c.obj)
                0x0000000001005808                z_data_copy
 .text.elapsed  0x000000000100583c       0x14 zephyr/kernel/libkernel.a(timeout.c.obj)
 .text.next_timeout
                0x0000000001005850       0x50 zephyr/kernel/libkernel.a(timeout.c.obj)
 .text.remove_timeout
                0x00000000010058a0       0x38 zephyr/kernel/libkernel.a(timeout.c.obj)
 .text.z_add_timeout
                0x00000000010058d8       0xfc zephyr/kernel/libkernel.a(timeout.c.obj)
                0x00000000010058d8                z_add_timeout
 .text.sys_clock_announce
                0x00000000010059d4       0xb8 zephyr/kernel/libkernel.a(timeout.c.obj)
                0x00000000010059d4                sys_clock_announce
 .text.sys_clock_tick_get
                0x0000000001005a8c       0x34 zephyr/kernel/libkernel.a(timeout.c.obj)
                0x0000000001005a8c                sys_clock_tick_get
 .text.z_timer_expiration_handler
                0x0000000001005ac0       0xd4 zephyr/kernel/libkernel.a(timer.c.obj)
                0x0000000001005ac0                z_timer_expiration_handler
 .text.z_impl_k_timer_start
                0x0000000001005b94       0x98 zephyr/kernel/libkernel.a(timer.c.obj)
                0x0000000001005b94                z_impl_k_timer_start
 .text.boot_banner
                0x0000000001005c2c        0xc zephyr/kernel/libkernel.a(banner.c.obj)
                0x0000000001005c2c                boot_banner
 .text.cbpprintf_external
                0x0000000001005c38       0x62 zephyr/libzephyr.a(cbprintf_packaged.c.obj)
                0x0000000001005c38                cbpprintf_external
 .text.is_ptr   0x0000000001005c9a       0x4a zephyr/libzephyr.a(cbprintf_packaged.c.obj)
                0x0000000001005c9a                is_ptr
 .text.arch_printk_char_out
                0x0000000001005ce4        0x4 zephyr/libzephyr.a(printk.c.obj)
                0x0000000001005ce4                arch_printk_char_out
 .text.str_out  0x0000000001005ce8       0x26 zephyr/libzephyr.a(printk.c.obj)
 .text.printk   0x0000000001005d0e       0x1a zephyr/libzephyr.a(printk.c.obj)
                0x0000000001005d0e                printk
 .text.snprintk
                0x0000000001005d28       0x1a zephyr/libzephyr.a(printk.c.obj)
                0x0000000001005d28                snprintk
 .text.z_thread_entry
                0x0000000001005d42       0x14 zephyr/libzephyr.a(thread_entry.c.obj)
                0x0000000001005d42                z_thread_entry
 .text.process_recheck
                0x0000000001005d56       0x38 zephyr/libzephyr.a(onoff.c.obj)
 .text.validate_args
                0x0000000001005d8e       0x20 zephyr/libzephyr.a(onoff.c.obj)
 .text.notify_one
                0x0000000001005dae       0x2c zephyr/libzephyr.a(onoff.c.obj)
 .text.transition_complete
                0x0000000001005dda       0x1c zephyr/libzephyr.a(onoff.c.obj)
 .text.onoff_manager_init
                0x0000000001005df6       0x26 zephyr/libzephyr.a(onoff.c.obj)
                0x0000000001005df6                onoff_manager_init
 .text.onoff_request
                0x0000000001005e1c       0xb0 zephyr/libzephyr.a(onoff.c.obj)
                0x0000000001005e1c                onoff_request
 .text.sys_notify_validate
                0x0000000001005ecc       0x22 zephyr/libzephyr.a(notify.c.obj)
                0x0000000001005ecc                sys_notify_validate
 .text.sys_notify_finalize
                0x0000000001005eee       0x1a zephyr/libzephyr.a(notify.c.obj)
                0x0000000001005eee                sys_notify_finalize
 .text.encode_uint
                0x0000000001005f08       0x8c zephyr/libzephyr.a(cbprintf_complete.c.obj)
 .text.outs     0x0000000001005f94       0x2e zephyr/libzephyr.a(cbprintf_complete.c.obj)
 .text.free_space
                0x0000000001005fc2       0x22 zephyr/libzephyr.a(mpsc_pbuf.c.obj)
 .text.get_usage
                0x0000000001005fe4       0x22 zephyr/libzephyr.a(mpsc_pbuf.c.obj)
 .text.idx_inc  0x0000000001006006       0x1c zephyr/libzephyr.a(mpsc_pbuf.c.obj)
 .text.add_skip_item
                0x0000000001006022       0x2c zephyr/libzephyr.a(mpsc_pbuf.c.obj)
 .text.max_utilization_update
                0x000000000100604e       0x1a zephyr/libzephyr.a(mpsc_pbuf.c.obj)
 .text.drop_item_locked
                0x0000000001006068       0xb4 zephyr/libzephyr.a(mpsc_pbuf.c.obj)
 .text.mpsc_pbuf_init
                0x000000000100611c       0x42 zephyr/libzephyr.a(mpsc_pbuf.c.obj)
                0x000000000100611c                mpsc_pbuf_init
 .text.mpsc_pbuf_alloc
                0x000000000100615e       0xfc zephyr/libzephyr.a(mpsc_pbuf.c.obj)
                0x000000000100615e                mpsc_pbuf_alloc
 .text.mpsc_pbuf_commit
                0x000000000100625a       0x40 zephyr/libzephyr.a(mpsc_pbuf.c.obj)
                0x000000000100625a                mpsc_pbuf_commit
 .text.mpsc_pbuf_claim
                0x000000000100629a       0xa0 zephyr/libzephyr.a(mpsc_pbuf.c.obj)
                0x000000000100629a                mpsc_pbuf_claim
 .text.mpsc_pbuf_free
                0x000000000100633a       0x68 zephyr/libzephyr.a(mpsc_pbuf.c.obj)
                0x000000000100633a                mpsc_pbuf_free
 .text.mpsc_pbuf_is_pending
                0x00000000010063a2       0x14 zephyr/libzephyr.a(mpsc_pbuf.c.obj)
                0x00000000010063a2                mpsc_pbuf_is_pending
 .text._ConfigAbsSyms
                0x00000000010063b6        0x2 zephyr/libzephyr.a(configs.c.obj)
                0x00000000010063b6                _ConfigAbsSyms
 .text.log_msg_generic_get_wlen
                0x00000000010063b8       0x22 zephyr/libzephyr.a(log_core.c.obj)
 .text.dummy_timestamp
                0x00000000010063da        0x4 zephyr/libzephyr.a(log_core.c.obj)
 .text.default_get_timestamp
                0x00000000010063de        0x4 zephyr/libzephyr.a(log_core.c.obj)
 .text.atomic_inc
                0x00000000010063e2       0x12 zephyr/libzephyr.a(log_core.c.obj)
 .text.z_log_vprintk
                0x00000000010063f4       0x1c zephyr/libzephyr.a(log_core.c.obj)
                0x00000000010063f4                z_log_vprintk
 .text.z_log_notify_drop
                0x0000000001006410        0x6 zephyr/libzephyr.a(log_core.c.obj)
 .text.z_log_get_tag
                0x0000000001006416        0x4 zephyr/libzephyr.a(log_core.c.obj)
                0x0000000001006416                z_log_get_tag
 .text.z_cbprintf_cpy
                0x000000000100641a       0x2c zephyr/libzephyr.a(log_msg.c.obj)
 .text.z_log_msg_finalize
                0x0000000001006446       0x34 zephyr/libzephyr.a(log_msg.c.obj)
                0x0000000001006446                z_log_msg_finalize
 .text.buffer_write
                0x000000000100647a       0x1a zephyr/libzephyr.a(log_output.c.obj)
 .text.cbvprintf
                0x0000000001006494        0xe zephyr/libzephyr.a(log_output.c.obj)
 .text.log_output_flush
                0x00000000010064a2       0x1a zephyr/libzephyr.a(log_output.c.obj)
                0x00000000010064a2                log_output_flush
 .text.out_func
                0x00000000010064bc       0x2e zephyr/libzephyr.a(log_output.c.obj)
 .text.cr_out_func
                0x00000000010064ea       0x1c zephyr/libzephyr.a(log_output.c.obj)
 .text.log_backend_uart_init
                0x0000000001006506        0x2 zephyr/libzephyr.a(log_backend_uart.c.obj)
 .text.z_do_kernel_oops
                0x0000000001006508        0x8 zephyr/arch/arch/arm/core/aarch32/libarch__arm__core__aarch32.a(fatal.c.obj)
                0x0000000001006508                z_do_kernel_oops
 .text.z_irq_spurious
                0x0000000001006510        0x8 zephyr/arch/arch/arm/core/aarch32/libarch__arm__core__aarch32.a(irq_manage.c.obj)
                0x0000000001006510                z_irq_spurious
 .text.z_arm_nmi
                0x0000000001006518        0xe zephyr/arch/arch/arm/core/aarch32/libarch__arm__core__aarch32.a(nmi.c.obj)
                0x0000000001006518                z_arm_nmi
 .text.configure_builtin_stack_guard
                0x0000000001006526        0x8 zephyr/arch/arch/arm/core/aarch32/libarch__arm__core__aarch32.a(thread.c.obj)
                0x0000000001006526                configure_builtin_stack_guard
 .text.z_log_msg_static_create.constprop.0
                0x000000000100652e        0x6 zephyr/arch/arch/arm/core/aarch32/cortex_m/libarch__arm__core__aarch32__cortex_m.a(fault.c.obj)
 .text.arm_cmse_mpu_region_get
                0x0000000001006534       0x12 zephyr/arch/arch/arm/core/aarch32/cortex_m/cmse/libarch__arm__core__aarch32__cortex_m__cmse.a(arm_core_cmse.c.obj)
                0x0000000001006534                arm_cmse_mpu_region_get
 .text.mpu_configure_region
                0x0000000001006546       0x40 zephyr/arch/arch/arm/core/aarch32/mpu/libarch__arm__core__aarch32__mpu.a(arm_mpu.c.obj)
 .text.strcpy   0x0000000001006586       0x14 zephyr/lib/libc/minimal/liblib__libc__minimal.a(string.c.obj)
                0x0000000001006586                strcpy
 .text.strlen   0x000000000100659a        0xe zephyr/lib/libc/minimal/liblib__libc__minimal.a(string.c.obj)
                0x000000000100659a                strlen
 .text.strnlen  0x00000000010065a8       0x12 zephyr/lib/libc/minimal/liblib__libc__minimal.a(string.c.obj)
                0x00000000010065a8                strnlen
 .text.memcpy   0x00000000010065ba       0x16 zephyr/lib/libc/minimal/liblib__libc__minimal.a(string.c.obj)
                0x00000000010065ba                memcpy
 .text.memset   0x00000000010065d0       0x12 zephyr/lib/libc/minimal/liblib__libc__minimal.a(string.c.obj)
                0x00000000010065d0                memset
 .text._stdout_hook_default
                0x00000000010065e2        0x6 zephyr/lib/libc/minimal/liblib__libc__minimal.a(stdout_console.c.obj)
 .text.sprintf_out
                0x00000000010065e8       0x1a zephyr/lib/libc/minimal/liblib__libc__minimal.a(sprintf.c.obj)
 .text.get_status
                0x0000000001006602       0x12 zephyr/drivers/clock_control/libdrivers__clock_control.a(clock_control_nrf.c.obj)
 .text.set_on_state
                0x0000000001006614       0x26 zephyr/drivers/clock_control/libdrivers__clock_control.a(clock_control_nrf.c.obj)
 .text.stop     0x000000000100663a       0x52 zephyr/drivers/clock_control/libdrivers__clock_control.a(clock_control_nrf.c.obj)
 .text.api_stop
                0x000000000100668c        0x6 zephyr/drivers/clock_control/libdrivers__clock_control.a(clock_control_nrf.c.obj)
 .text.async_start
                0x0000000001006692       0x5c zephyr/drivers/clock_control/libdrivers__clock_control.a(clock_control_nrf.c.obj)
 .text.api_start
                0x00000000010066ee        0xe zephyr/drivers/clock_control/libdrivers__clock_control.a(clock_control_nrf.c.obj)
 .text.onoff_started_callback
                0x00000000010066fc       0x12 zephyr/drivers/clock_control/libdrivers__clock_control.a(clock_control_nrf.c.obj)
 .text.lfclk_start
                0x000000000100670e        0x6 zephyr/drivers/clock_control/libdrivers__clock_control.a(clock_control_nrf.c.obj)
 .text.lfclk_stop
                0x0000000001006714        0x6 zephyr/drivers/clock_control/libdrivers__clock_control.a(clock_control_nrf.c.obj)
 .text.blocking_start_callback
                0x000000000100671a        0x6 zephyr/drivers/clock_control/libdrivers__clock_control.a(clock_control_nrf.c.obj)
 .text.gpio_nrfx_port_get_raw
                0x0000000001006720        0xc zephyr/drivers/gpio/libdrivers__gpio.a(gpio_nrfx.c.obj)
 .text.gpio_nrfx_port_set_masked_raw
                0x000000000100672c       0x14 zephyr/drivers/gpio/libdrivers__gpio.a(gpio_nrfx.c.obj)
 .text.gpio_nrfx_port_set_bits_raw
                0x0000000001006740        0xa zephyr/drivers/gpio/libdrivers__gpio.a(gpio_nrfx.c.obj)
 .text.gpio_nrfx_port_clear_bits_raw
                0x000000000100674a        0xa zephyr/drivers/gpio/libdrivers__gpio.a(gpio_nrfx.c.obj)
 .text.gpio_nrfx_port_toggle_bits
                0x0000000001006754       0x14 zephyr/drivers/gpio/libdrivers__gpio.a(gpio_nrfx.c.obj)
 .text.gpio_nrfx_manage_callback
                0x0000000001006768       0x52 zephyr/drivers/gpio/libdrivers__gpio.a(gpio_nrfx.c.obj)
 .text.uarte_nrfx_config_get
                0x00000000010067ba       0x10 zephyr/drivers/serial/libdrivers__serial.a(uart_nrfx_uarte.c.obj)
 .text.uarte_nrfx_err_check
                0x00000000010067ca        0xe zephyr/drivers/serial/libdrivers__serial.a(uart_nrfx_uarte.c.obj)
 .text.uarte_nrfx_poll_in
                0x00000000010067d8       0x28 zephyr/drivers/serial/libdrivers__serial.a(uart_nrfx_uarte.c.obj)
 .text.is_tx_ready.isra.0
                0x0000000001006800       0x20 zephyr/drivers/serial/libdrivers__serial.a(uart_nrfx_uarte.c.obj)
 .text.uarte_nrfx_isr_int
                0x0000000001006820       0x72 zephyr/drivers/serial/libdrivers__serial.a(uart_nrfx_uarte.c.obj)
 .text.sys_clock_cycle_get_32
                0x0000000001006892        0x8 zephyr/drivers/timer/libdrivers__timer.a(nrf_rtc_timer.c.obj)
                0x0000000001006892                sys_clock_cycle_get_32
 .text.pinctrl_lookup_state
                0x000000000100689a       0x26 zephyr/drivers/pinctrl/libdrivers__pinctrl.a(common.c.obj)
                0x000000000100689a                pinctrl_lookup_state
 .text.nrfx_isr
                0x00000000010068c0        0x2 modules/hal_nordic/nrfx/libmodules__hal_nordic__nrfx.a(nrfx_glue.c.obj)
                0x00000000010068c0                nrfx_isr
 .text.nrfx_busy_wait
                0x00000000010068c2        0x4 modules/hal_nordic/nrfx/libmodules__hal_nordic__nrfx.a(nrfx_glue.c.obj)
                0x00000000010068c2                nrfx_busy_wait
 .text.nrfx_clock_stop
                0x00000000010068c6        0x4 modules/hal_nordic/nrfx/libmodules__hal_nordic__nrfx.a(nrfx_clock.c.obj)
                0x00000000010068c6                nrfx_clock_stop
 .text.nrf_gpio_reconfigure
                0x00000000010068ca       0x92 modules/hal_nordic/nrfx/libmodules__hal_nordic__nrfx.a(nrfx_gpiote.c.obj)
 .text.nrf_gpio_cfg_sense_set
                0x000000000100695c       0x1e modules/hal_nordic/nrfx/libmodules__hal_nordic__nrfx.a(nrfx_gpiote.c.obj)
 .text._GetAvailWriteSpace
                0x000000000100697a       0x12 modules/segger/libmodules__segger.a(SEGGER_RTT.c.obj)
 .text._WriteNoCheck
                0x000000000100698c       0x36 modules/segger/libmodules__segger.a(SEGGER_RTT.c.obj)
 .text._WriteBlocking
                0x00000000010069c2       0x52 modules/segger/libmodules__segger.a(SEGGER_RTT.c.obj)
 .text.SEGGER_RTT_Init
                0x0000000001006a14        0x4 modules/segger/libmodules__segger.a(SEGGER_RTT.c.obj)
                0x0000000001006a14                SEGGER_RTT_Init
 .text.rtt_init
                0x0000000001006a18        0xa modules/segger/libmodules__segger.a(SEGGER_RTT_zephyr.c.obj)
 .text.z_device_state_init
                0x0000000001006a22        0x2 zephyr/kernel/libkernel.a(device.c.obj)
                0x0000000001006a22                z_device_state_init
 .text.z_device_is_ready
                0x0000000001006a24       0x16 zephyr/kernel/libkernel.a(device.c.obj)
                0x0000000001006a24                z_device_is_ready
 .text.z_early_memset
                0x0000000001006a3a        0x4 zephyr/kernel/libkernel.a(init.c.obj)
                0x0000000001006a3a                z_early_memset
 .text.z_early_memcpy
                0x0000000001006a3e        0x4 zephyr/kernel/libkernel.a(init.c.obj)
                0x0000000001006a3e                z_early_memcpy
 .text.k_is_in_isr
                0x0000000001006a42        0xc zephyr/kernel/libkernel.a(thread.c.obj)
                0x0000000001006a42                k_is_in_isr
 .text.z_impl_k_thread_name_set
                0x0000000001006a4e        0x6 zephyr/kernel/libkernel.a(thread.c.obj)
                0x0000000001006a4e                z_impl_k_thread_name_set
 .text.k_thread_name_get
                0x0000000001006a54        0x4 zephyr/kernel/libkernel.a(thread.c.obj)
                0x0000000001006a54                k_thread_name_get
 .text.idle     0x0000000001006a58       0x18 zephyr/kernel/libkernel.a(idle.c.obj)
                0x0000000001006a58                idle
 .text.adjust_owner_prio.isra.0
                0x0000000001006a70       0x10 zephyr/kernel/libkernel.a(mutex.c.obj)
 .text.z_impl_k_sem_init
                0x0000000001006a80       0x18 zephyr/kernel/libkernel.a(sem.c.obj)
                0x0000000001006a80                z_impl_k_sem_init
 .text.sys_dlist_remove
                0x0000000001006a98       0x10 zephyr/kernel/libkernel.a(sched.c.obj)
 .text.unpend_thread_no_timeout
                0x0000000001006aa8       0x14 zephyr/kernel/libkernel.a(sched.c.obj)
 .text.z_thread_timeout
                0x0000000001006abc       0x44 zephyr/kernel/libkernel.a(sched.c.obj)
                0x0000000001006abc                z_thread_timeout
 .text.add_to_waitq_locked
                0x0000000001006b00       0x50 zephyr/kernel/libkernel.a(sched.c.obj)
 .text.z_ready_thread
                0x0000000001006b50       0x20 zephyr/kernel/libkernel.a(sched.c.obj)
                0x0000000001006b50                z_ready_thread
 .text.z_unpend_thread_no_timeout
                0x0000000001006b70       0x20 zephyr/kernel/libkernel.a(sched.c.obj)
                0x0000000001006b70                z_unpend_thread_no_timeout
 .text.z_unpend1_no_timeout
                0x0000000001006b90       0x2e zephyr/kernel/libkernel.a(sched.c.obj)
                0x0000000001006b90                z_unpend1_no_timeout
 .text.z_unpend_first_thread
                0x0000000001006bbe       0x38 zephyr/kernel/libkernel.a(sched.c.obj)
                0x0000000001006bbe                z_unpend_first_thread
 .text.z_reschedule_irqlock
                0x0000000001006bf6       0x18 zephyr/kernel/libkernel.a(sched.c.obj)
                0x0000000001006bf6                z_reschedule_irqlock
 .text.z_reschedule_unlocked
                0x0000000001006c0e       0x14 zephyr/kernel/libkernel.a(sched.c.obj)
 .text.z_abort_timeout
                0x0000000001006c22       0x2c zephyr/kernel/libkernel.a(timeout.c.obj)
                0x0000000001006c22                z_abort_timeout
 .text.z_set_timeout_expiry
                0x0000000001006c4e       0x38 zephyr/kernel/libkernel.a(timeout.c.obj)
                0x0000000001006c4e                z_set_timeout_expiry
 .text.sys_clock_tick_get_32
                0x0000000001006c86        0x8 zephyr/kernel/libkernel.a(timeout.c.obj)
                0x0000000001006c86                sys_clock_tick_get_32
 .text.z_impl_k_uptime_ticks
                0x0000000001006c8e        0x4 zephyr/kernel/libkernel.a(timeout.c.obj)
                0x0000000001006c8e                z_impl_k_uptime_ticks
 .text.z_impl_k_busy_wait
                0x0000000001006c92        0x8 zephyr/kernel/libkernel.a(timeout.c.obj)
                0x0000000001006c92                z_impl_k_busy_wait
 .text.k_timer_init
                0x0000000001006c9a       0x18 zephyr/kernel/libkernel.a(timer.c.obj)
                0x0000000001006c9a                k_timer_init
 .text.z_impl_k_timer_stop
                0x0000000001006cb2       0x3a zephyr/kernel/libkernel.a(timer.c.obj)
                0x0000000001006cb2                z_impl_k_timer_stop
 .text._OffsetAbsSyms
                0x0000000001006cec        0x2 zephyr/CMakeFiles/offsets.dir/./arch/arm/core/offsets/offsets.c.obj
                0x0000000001006cec                _OffsetAbsSyms
 *(SORT_BY_ALIGNMENT(.TEXT.*))
 *(SORT_BY_ALIGNMENT(.gnu.linkonce.t.*))
 *(SORT_BY_ALIGNMENT(.glue_7t))
 .glue_7t       0x0000000001006cee        0x0 linker stubs
 *(SORT_BY_ALIGNMENT(.glue_7))
 .glue_7        0x0000000001006cee        0x0 linker stubs
 *(SORT_BY_ALIGNMENT(.vfp11_veneer))
 .vfp11_veneer  0x0000000001006cee        0x0 linker stubs
 *(SORT_BY_ALIGNMENT(.v4_bx))
 .v4_bx         0x0000000001006cee        0x0 linker stubs
                0x0000000001006cf0                . = ALIGN (0x4)
 *fill*         0x0000000001006cee        0x2 
                0x0000000001006cf0                __text_region_end = .

.ARM.exidx      0x0000000001006cf0        0x8
                0x0000000001006cf0                __exidx_start = .
 *(SORT_BY_ALIGNMENT(.ARM.exidx*) SORT_BY_ALIGNMENT(gnu.linkonce.armexidx.*))
 .ARM.exidx     0x0000000001006cf0        0x8 c:/ncs/toolchains/v2.2.99-dev3/opt/zephyr-sdk/arm-zephyr-eabi/bin/../lib/gcc/arm-zephyr-eabi/12.1.0/thumb/v8-m.main/nofp\libgcc.a(_udivmoddi4.o)
                0x0000000001006cf8                __exidx_end = .
                0x0000000001006cf8                __rodata_region_start = .

initlevel       0x0000000001006cf8       0x50
                0x0000000001006cf8                __init_start = .
                0x0000000001006cf8                __init_EARLY_start = .
 *(SORT_BY_NAME(SORT_BY_ALIGNMENT(.z_init_EARLY[0-9]_*)))
 *(SORT_BY_NAME(SORT_BY_ALIGNMENT(.z_init_EARLY[1-9][0-9]_*)))
                0x0000000001006cf8                __init_PRE_KERNEL_1_start = .
 *(SORT_BY_NAME(SORT_BY_ALIGNMENT(.z_init_PRE_KERNEL_1[0-9]_*)))
 .z_init_PRE_KERNEL_10_
                0x0000000001006cf8        0x8 zephyr/libzephyr.a(soc.c.obj)
 *(SORT_BY_NAME(SORT_BY_ALIGNMENT(.z_init_PRE_KERNEL_1[1-9][0-9]_*)))
 .z_init_PRE_KERNEL_130_
                0x0000000001006d00        0x8 zephyr/drivers/clock_control/libdrivers__clock_control.a(clock_control_nrf.c.obj)
 .z_init_PRE_KERNEL_130_
                0x0000000001006d08        0x8 modules/segger/libmodules__segger.a(SEGGER_RTT_zephyr.c.obj)
 .z_init_PRE_KERNEL_140_
                0x0000000001006d10       0x10 zephyr/drivers/gpio/libdrivers__gpio.a(gpio_nrfx.c.obj)
 .z_init_PRE_KERNEL_155_
                0x0000000001006d20        0x8 zephyr/drivers/serial/libdrivers__serial.a(uart_nrfx_uarte.c.obj)
 .z_init_PRE_KERNEL_160_
                0x0000000001006d28        0x8 zephyr/drivers/console/libdrivers__console.a(rtt_console.c.obj)
 .z_init_PRE_KERNEL_160_
                0x0000000001006d30        0x8 zephyr/drivers/console/libdrivers__console.a(uart_console.c.obj)
                0x0000000001006d38                __init_PRE_KERNEL_2_start = .
 *(SORT_BY_NAME(SORT_BY_ALIGNMENT(.z_init_PRE_KERNEL_2[0-9]_*)))
 .z_init_PRE_KERNEL_20_
                0x0000000001006d38        0x8 zephyr/drivers/timer/libdrivers__timer.a(nrf_rtc_timer.c.obj)
 *(SORT_BY_NAME(SORT_BY_ALIGNMENT(.z_init_PRE_KERNEL_2[1-9][0-9]_*)))
                0x0000000001006d40                __init_POST_KERNEL_start = .
 *(SORT_BY_NAME(SORT_BY_ALIGNMENT(.z_init_POST_KERNEL[0-9]_*)))
 .z_init_POST_KERNEL0_
                0x0000000001006d40        0x8 zephyr/libzephyr.a(log_core.c.obj)
 *(SORT_BY_NAME(SORT_BY_ALIGNMENT(.z_init_POST_KERNEL[1-9][0-9]_*)))
                0x0000000001006d48                __init_APPLICATION_start = .
 *(SORT_BY_NAME(SORT_BY_ALIGNMENT(.z_init_APPLICATION[0-9]_*)))
 *(SORT_BY_NAME(SORT_BY_ALIGNMENT(.z_init_APPLICATION[1-9][0-9]_*)))
                0x0000000001006d48                __init_SMP_start = .
 *(SORT_BY_NAME(SORT_BY_ALIGNMENT(.z_init_SMP[0-9]_*)))
 *(SORT_BY_NAME(SORT_BY_ALIGNMENT(.z_init_SMP[1-9][0-9]_*)))
                0x0000000001006d48                __init_end = .

devices         0x0000000001006d48       0x60
                0x0000000001006d48                __device_start = .
                0x0000000001006d48                __device_EARLY_start = .
 *(SORT_BY_NAME(SORT_BY_ALIGNMENT(.z_device_EARLY[0-9]_*)))
 *(SORT_BY_NAME(SORT_BY_ALIGNMENT(.z_device_EARLY[1-9][0-9]_*)))
                0x0000000001006d48                __device_PRE_KERNEL_1_start = .
 *(SORT_BY_NAME(SORT_BY_ALIGNMENT(.z_device_PRE_KERNEL_1[0-9]_*)))
 *(SORT_BY_NAME(SORT_BY_ALIGNMENT(.z_device_PRE_KERNEL_1[1-9][0-9]_*)))
 .z_device_PRE_KERNEL_130_
                0x0000000001006d48       0x18 zephyr/drivers/clock_control/libdrivers__clock_control.a(clock_control_nrf.c.obj)
                0x0000000001006d48                __device_dts_ord_42
 .z_device_PRE_KERNEL_140_
                0x0000000001006d60       0x30 zephyr/drivers/gpio/libdrivers__gpio.a(gpio_nrfx.c.obj)
                0x0000000001006d60                __device_dts_ord_55
                0x0000000001006d78                __device_dts_ord_7
 .z_device_PRE_KERNEL_155_
                0x0000000001006d90       0x18 zephyr/drivers/serial/libdrivers__serial.a(uart_nrfx_uarte.c.obj)
                0x0000000001006d90                __device_dts_ord_66
                0x0000000001006da8                __device_PRE_KERNEL_2_start = .
 *(SORT_BY_NAME(SORT_BY_ALIGNMENT(.z_device_PRE_KERNEL_2[0-9]_*)))
 *(SORT_BY_NAME(SORT_BY_ALIGNMENT(.z_device_PRE_KERNEL_2[1-9][0-9]_*)))
                0x0000000001006da8                __device_POST_KERNEL_start = .
 *(SORT_BY_NAME(SORT_BY_ALIGNMENT(.z_device_POST_KERNEL[0-9]_*)))
 *(SORT_BY_NAME(SORT_BY_ALIGNMENT(.z_device_POST_KERNEL[1-9][0-9]_*)))
                0x0000000001006da8                __device_APPLICATION_start = .
 *(SORT_BY_NAME(SORT_BY_ALIGNMENT(.z_device_APPLICATION[0-9]_*)))
 *(SORT_BY_NAME(SORT_BY_ALIGNMENT(.z_device_APPLICATION[1-9][0-9]_*)))
                0x0000000001006da8                __device_SMP_start = .
 *(SORT_BY_NAME(SORT_BY_ALIGNMENT(.z_device_SMP[0-9]_*)))
 *(SORT_BY_NAME(SORT_BY_ALIGNMENT(.z_device_SMP[1-9][0-9]_*)))
                0x0000000001006da8                __device_end = .

sw_isr_table    0x0000000001006da8       0xf0
                0x0000000001006da8                . = ALIGN (0x4)
 *(SORT_BY_ALIGNMENT(.gnu.linkonce.sw_isr_table*))
 .gnu.linkonce.sw_isr_table
                0x0000000001006da8       0xf0 zephyr/arch/common/libisr_tables.a(isr_tables.c.obj)
                0x0000000001006da8                _sw_isr_table

initlevel_error
                0x0000000001006cf8        0x0
 *(SORT_BY_NAME(SORT_BY_ALIGNMENT(.z_init_[_A-Z0-9]*)))
                0x0000000000000001                ASSERT ((SIZEOF (initlevel_error) == 0x0), Undefined initialization levels used.)

app_shmem_regions
                0x0000000001006e98        0x0
                0x0000000001006e98                __app_shmem_regions_start = .
 *(SORT_BY_NAME(SORT_BY_ALIGNMENT(.app_regions.*)))
                0x0000000001006e98                __app_shmem_regions_end = .

k_p4wq_initparam_area
                0x0000000001006e98        0x0
                0x0000000001006e98                _k_p4wq_initparam_list_start = .
 *(SORT_BY_NAME(SORT_BY_ALIGNMENT(._k_p4wq_initparam.static.*)))
                0x0000000001006e98                _k_p4wq_initparam_list_end = .

_static_thread_data_area
                0x0000000001006e98        0x0
                0x0000000001006e98                __static_thread_data_list_start = .
 *(SORT_BY_NAME(SORT_BY_ALIGNMENT(.__static_thread_data.static.*)))
                0x0000000001006e98                __static_thread_data_list_end = .

device_handles  0x0000000001006e98       0x3a
                0x0000000001006e98                __device_handles_start = .
 *(SORT_BY_NAME(SORT_BY_ALIGNMENT(.__device_handles_pass1*)))
 .__device_handles_pass1
                0x0000000001006e98        0xa zephyr/drivers/clock_control/libdrivers__clock_control.a(clock_control_nrf.c.obj)
                0x0000000001006e98                __devicehdl_dts_ord_42
 .__device_handles_pass1
                0x0000000001006ea2       0x22 zephyr/drivers/gpio/libdrivers__gpio.a(gpio_nrfx.c.obj)
                0x0000000001006ea2                __devicehdl_dts_ord_55
                0x0000000001006eac                __devicehdl_dts_ord_7
 .__device_handles_pass1
                0x0000000001006ec4        0xe zephyr/drivers/serial/libdrivers__serial.a(uart_nrfx_uarte.c.obj)
                0x0000000001006ec4                __devicehdl_dts_ord_66
                0x0000000001006ed2                __device_handles_end = .

ztest           0x0000000001006ed2        0x0
                0x0000000001006ed2                _ztest_expected_result_entry_list_start = .
 *(SORT_BY_NAME(SORT_BY_ALIGNMENT(._ztest_expected_result_entry.static.*)))
                0x0000000001006ed2                _ztest_expected_result_entry_list_end = .
                0x0000000001006ed2                _ztest_suite_node_list_start = .
 *(SORT_BY_NAME(SORT_BY_ALIGNMENT(._ztest_suite_node.static.*)))
                0x0000000001006ed2                _ztest_suite_node_list_end = .
                0x0000000001006ed2                _ztest_unit_test_list_start = .
 *(SORT_BY_NAME(SORT_BY_ALIGNMENT(._ztest_unit_test.static.*)))
                0x0000000001006ed2                _ztest_unit_test_list_end = .
                0x0000000001006ed2                _ztest_test_rule_list_start = .
 *(SORT_BY_NAME(SORT_BY_ALIGNMENT(._ztest_test_rule.static.*)))
                0x0000000001006ed2                _ztest_test_rule_list_end = .

bt_l2cap_fixed_chan_area
                0x0000000001006ed2        0x0
                0x0000000001006ed2                _bt_l2cap_fixed_chan_list_start = .
 *(SORT_BY_NAME(SORT_BY_ALIGNMENT(._bt_l2cap_fixed_chan.static.*)))
                0x0000000001006ed2                _bt_l2cap_fixed_chan_list_end = .

bt_gatt_service_static_area
                0x0000000001006ed2        0x0
                0x0000000001006ed2                _bt_gatt_service_static_list_start = .
 *(SORT_BY_NAME(SORT_BY_ALIGNMENT(._bt_gatt_service_static.static.*)))
                0x0000000001006ed2                _bt_gatt_service_static_list_end = .

log_strings_sections
                0x0000000001006ed2        0x0
                0x0000000001006ed2                __log_strings_start = .
 *(SORT_BY_NAME(SORT_BY_ALIGNMENT(.log_strings*)))
                0x0000000001006ed2                __log_strings_end = .

log_const_sections
                0x0000000001006ed4       0x70
                0x0000000001006ed4                __log_const_start = .
 *(SORT_BY_NAME(SORT_BY_ALIGNMENT(.log_const_*)))
 .log_const_NRFX_CLOCK
                0x0000000001006ed4        0x8 modules/hal_nordic/nrfx/libmodules__hal_nordic__nrfx.a(nrfx_clock.c.obj)
                0x0000000001006ed4                log_const_NRFX_CLOCK
 .log_const_NRFX_DPPI
                0x0000000001006edc        0x8 modules/hal_nordic/nrfx/libmodules__hal_nordic__nrfx.a(nrfx_dppi.c.obj)
                0x0000000001006edc                log_const_NRFX_DPPI
 .log_const_NRFX_GPIOTE
                0x0000000001006ee4        0x8 modules/hal_nordic/nrfx/libmodules__hal_nordic__nrfx.a(nrfx_gpiote.c.obj)
                0x0000000001006ee4                log_const_NRFX_GPIOTE
 .log_const_cbprintf_package
                0x0000000001006eec        0x8 zephyr/libzephyr.a(cbprintf_packaged.c.obj)
                0x0000000001006eec                log_const_cbprintf_package
 .log_const_clock_control
                0x0000000001006ef4        0x8 zephyr/drivers/clock_control/libdrivers__clock_control.a(clock_control_nrf.c.obj)
                0x0000000001006ef4                log_const_clock_control
 .log_const_fatal_error
                0x0000000001006efc        0x8 modules/nrf/lib/fatal_error/lib..__nrf__lib__fatal_error.a(fatal_error.c.obj)
                0x0000000001006efc                log_const_fatal_error
 .log_const_ipc_net
                0x0000000001006f04        0x8 app/libapp.a(main.c.obj)
                0x0000000001006f04                log_const_ipc_net
 .log_const_log
                0x0000000001006f0c        0x8 zephyr/libzephyr.a(log_core.c.obj)
                0x0000000001006f0c                log_const_log
 .log_const_log_mgmt
                0x0000000001006f14        0x8 zephyr/libzephyr.a(log_mgmt.c.obj)
                0x0000000001006f14                log_const_log_mgmt
 .log_const_log_uart
                0x0000000001006f1c        0x8 zephyr/libzephyr.a(log_backend_uart.c.obj)
                0x0000000001006f1c                log_const_log_uart
 .log_const_mpu
                0x0000000001006f24        0x8 zephyr/arch/arch/arm/core/aarch32/mpu/libarch__arm__core__aarch32__mpu.a(arm_core_mpu.c.obj)
                0x0000000001006f24                log_const_mpu
 .log_const_os  0x0000000001006f2c        0x8 zephyr/kernel/libkernel.a(init.c.obj)
                0x0000000001006f2c                log_const_os
 .log_const_soc
                0x0000000001006f34        0x8 zephyr/libzephyr.a(soc.c.obj)
                0x0000000001006f34                log_const_soc
 .log_const_uart_nrfx_uarte
                0x0000000001006f3c        0x8 zephyr/drivers/serial/libdrivers__serial.a(uart_nrfx_uarte.c.obj)
                0x0000000001006f3c                log_const_uart_nrfx_uarte
                0x0000000001006f44                __log_const_end = .

log_backend_area
                0x0000000001006f44       0x20
                0x0000000001006f44                _log_backend_list_start = .
 *(SORT_BY_NAME(SORT_BY_ALIGNMENT(._log_backend.static.*)))
 ._log_backend.static.log_backend_rtt
                0x0000000001006f44       0x10 zephyr/libzephyr.a(log_backend_rtt.c.obj)
 ._log_backend.static.log_backend_uart
                0x0000000001006f54       0x10 zephyr/libzephyr.a(log_backend_uart.c.obj)
                0x0000000001006f64                _log_backend_list_end = .

log_link_area   0x0000000001006f64        0x0
                0x0000000001006f64                _log_link_list_start = .
 *(SORT_BY_NAME(SORT_BY_ALIGNMENT(._log_link.static.*)))
                0x0000000001006f64                _log_link_list_end = .

tracing_backend_area
                0x0000000001006f64        0x0
                0x0000000001006f64                _tracing_backend_list_start = .
 *(SORT_BY_NAME(SORT_BY_ALIGNMENT(._tracing_backend.static.*)))
                0x0000000001006f64                _tracing_backend_list_end = .

zephyr_dbg_info
 *(SORT_BY_ALIGNMENT(.dbg_thread_info))

symbol_to_keep  0x0000000001006f64        0x0
                0x0000000001006f64                __symbol_to_keep_start = .
 *(SORT_BY_NAME(SORT_BY_ALIGNMENT(.symbol_to_keep*)))
                0x0000000001006f64                __symbol_to_keep_end = .

shell_area      0x0000000001006f64        0x0
                0x0000000001006f64                _shell_list_start = .
 *(SORT_BY_NAME(SORT_BY_ALIGNMENT(._shell.static.*)))
                0x0000000001006f64                _shell_list_end = .

shell_root_cmds_sections
                0x0000000001006f64        0x0
                0x0000000001006f64                __shell_root_cmds_start = .
 *(SORT_BY_NAME(SORT_BY_ALIGNMENT(.shell_root_cmd_*)))
                0x0000000001006f64                __shell_root_cmds_end = .

shell_subcmds_sections
                0x0000000001006f64        0x0
                0x0000000001006f64                __shell_subcmds_start = .
 *(SORT_BY_NAME(SORT_BY_ALIGNMENT(.shell_subcmd_*)))
                0x0000000001006f64                __shell_subcmds_end = .

shell_dynamic_subcmds_sections
                0x0000000001006f64        0x0
                0x0000000001006f64                __shell_dynamic_subcmds_start = .
 *(SORT_BY_NAME(SORT_BY_ALIGNMENT(.shell_dynamic_subcmd_*)))
                0x0000000001006f64                __shell_dynamic_subcmds_end = .

font_entry_sections
                0x0000000001006f64        0x0
                0x0000000001006f64                __font_entry_start = .
 *(SORT_BY_NAME(SORT_BY_ALIGNMENT(._cfb_font.*)))
                0x0000000001006f64                __font_entry_end = .

rodata          0x0000000001006f70      0xa94
 *(SORT_BY_ALIGNMENT(.rodata))
 *(SORT_BY_ALIGNMENT(.rodata.*))
 .rodata.delay_machine_code.0
                0x0000000001006f70        0x6 zephyr/libzephyr.a(soc.c.obj)
 *fill*         0x0000000001006f76        0x2 
 .rodata.mpsc_config
                0x0000000001006f78       0x14 zephyr/libzephyr.a(log_core.c.obj)
 .rodata.format_table
                0x0000000001006f8c       0x10 zephyr/libzephyr.a(log_core.c.obj)
 .rodata.colors
                0x0000000001006f9c       0x14 zephyr/libzephyr.a(log_output.c.obj)
 .rodata.severity
                0x0000000001006fb0       0x14 zephyr/libzephyr.a(log_output.c.obj)
 .rodata.log_backend_rtt_api
                0x0000000001006fc4       0x1c zephyr/libzephyr.a(log_backend_rtt.c.obj)
                0x0000000001006fc4                log_backend_rtt_api
 .rodata.log_output_rtt
                0x0000000001006fe0       0x10 zephyr/libzephyr.a(log_backend_rtt.c.obj)
 .rodata.log_backend_uart_api
                0x0000000001006ff0       0x1c zephyr/libzephyr.a(log_backend_uart.c.obj)
                0x0000000001006ff0                log_backend_uart_api
 .rodata.log_output_uart
                0x000000000100700c       0x10 zephyr/libzephyr.a(log_backend_uart.c.obj)
 .rodata.static_regions
                0x000000000100701c        0xc zephyr/arch/arch/arm/core/aarch32/mpu/libarch__arm__core__aarch32__mpu.a(arm_core_mpu.c.obj)
 .rodata.mpu_config
                0x0000000001007028        0x8 zephyr/soc/arm/common/cortex_m/libsoc__arm__common__cortex_m.a(arm_mpu_regions.c.obj)
                0x0000000001007028                mpu_config
 .rodata.mpu_regions
                0x0000000001007030       0x20 zephyr/soc/arm/common/cortex_m/libsoc__arm__common__cortex_m.a(arm_mpu_regions.c.obj)
 .rodata.transitions.0
                0x0000000001007050        0xc zephyr/drivers/clock_control/libdrivers__clock_control.a(clock_control_nrf.c.obj)
 .rodata.config
                0x000000000100705c       0x18 zephyr/drivers/clock_control/libdrivers__clock_control.a(clock_control_nrf.c.obj)
 .rodata.clock_control_api
                0x0000000001007074       0x1c zephyr/drivers/clock_control/libdrivers__clock_control.a(clock_control_nrf.c.obj)
 .rodata.gpio_nrfx_p1_cfg
                0x0000000001007090       0x10 zephyr/drivers/gpio/libdrivers__gpio.a(gpio_nrfx.c.obj)
 .rodata.gpio_nrfx_p0_cfg
                0x00000000010070a0       0x10 zephyr/drivers/gpio/libdrivers__gpio.a(gpio_nrfx.c.obj)
 .rodata.gpio_nrfx_drv_api_funcs
                0x00000000010070b0       0x24 zephyr/drivers/gpio/libdrivers__gpio.a(gpio_nrfx.c.obj)
 .rodata.uarte_0z_config
                0x00000000010070d4       0x10 zephyr/drivers/serial/libdrivers__serial.a(uart_nrfx_uarte.c.obj)
 .rodata.__pinctrl_dev_config__device_dts_ord_66
                0x00000000010070e4        0xc zephyr/drivers/serial/libdrivers__serial.a(uart_nrfx_uarte.c.obj)
 .rodata.__pinctrl_states__device_dts_ord_66
                0x00000000010070f0        0x8 zephyr/drivers/serial/libdrivers__serial.a(uart_nrfx_uarte.c.obj)
 .rodata.__pinctrl_state_pins_0__device_dts_ord_66
                0x00000000010070f8       0x10 zephyr/drivers/serial/libdrivers__serial.a(uart_nrfx_uarte.c.obj)
 .rodata.uart_nrfx_uarte_driver_api
                0x0000000001007108       0x14 zephyr/drivers/serial/libdrivers__serial.a(uart_nrfx_uarte.c.obj)
 .rodata._k_neg_eagain
                0x000000000100711c        0x4 zephyr/kernel/libkernel.a(errno.c.obj)
                0x000000000100711c                _k_neg_eagain
 .rodata.CSWTCH.474
                0x0000000001007120       0x14 zephyr/kernel/libkernel.a(fatal.c.obj)
 .rodata.levels.0
                0x0000000001007134       0x18 zephyr/kernel/libkernel.a(init.c.obj)
 .rodata.nrfx_ipc_send.part.0.str1.1
                0x000000000100714c        0xc app/libapp.a(main.c.obj)
 .rodata.nrfx_ipc_handler.str1.1
                0x0000000001007158       0x2d app/libapp.a(main.c.obj)
                                         0x30 (size before relaxing)
 .rodata.send_to_app.str1.1
                0x0000000001007185       0x3d app/libapp.a(main.c.obj)
 .rodata.main.str1.1
                0x00000000010071c2       0x72 app/libapp.a(main.c.obj)
 .rodata.str1.1
                0x0000000001007234        0x8 app/libapp.a(main.c.obj)
 .rodata.cbprintf_package_convert.str1.1
                0x000000000100723c       0xa3 zephyr/libzephyr.a(cbprintf_packaged.c.obj)
 .rodata.str1.1
                0x00000000010072df       0x11 zephyr/libzephyr.a(cbprintf_packaged.c.obj)
 .rodata.z_cbvprintf_impl.str1.1
                0x00000000010072f0        0x6 zephyr/libzephyr.a(cbprintf_complete.c.obj)
 .rodata.str1.1
                0x00000000010072f6        0x4 zephyr/libzephyr.a(soc.c.obj)
 .rodata.enable_logger.str1.1
                0x00000000010072fa        0x8 zephyr/libzephyr.a(log_core.c.obj)
 .rodata.str1.1
                0x0000000001007302        0x4 zephyr/libzephyr.a(log_core.c.obj)
 .rodata.str1.1
                0x0000000001007306        0x9 zephyr/libzephyr.a(log_mgmt.c.obj)
 .rodata.newline_print.str1.1
                0x000000000100730f        0x3 zephyr/libzephyr.a(log_output.c.obj)
                                          0x5 (size before relaxing)
 .rodata.log_output_process.str1.1
                0x0000000001007312       0x49 zephyr/libzephyr.a(log_output.c.obj)
                                         0x51 (size before relaxing)
 .rodata.log_output_dropped_process.str1.1
                0x000000000100735b       0x49 zephyr/libzephyr.a(log_output.c.obj)
                                          0x3 (size before relaxing)
 .rodata.postfix.0
                0x000000000100735b       0x1c zephyr/libzephyr.a(log_output.c.obj)
 .rodata.prefix.1
                0x0000000001007377        0xc zephyr/libzephyr.a(log_output.c.obj)
 .rodata.str1.1
                0x0000000001007383       0x20 zephyr/libzephyr.a(log_output.c.obj)
 .rodata.str1.1
                0x00000000010073a3       0x10 zephyr/libzephyr.a(log_backend_rtt.c.obj)
 .rodata.str1.1
                0x00000000010073b3       0x1a zephyr/libzephyr.a(log_backend_uart.c.obj)
 .rodata.z_arm_fatal_error.str1.1
                0x00000000010073cd       0x9b zephyr/arch/arch/arm/core/aarch32/libarch__arm__core__aarch32.a(fatal.c.obj)
 .rodata.mem_manage_fault.constprop.0.str1.1
                0x0000000001007468       0xa9 zephyr/arch/arch/arm/core/aarch32/cortex_m/libarch__arm__core__aarch32__cortex_m.a(fault.c.obj)
 .rodata.bus_fault.constprop.0.str1.1
                0x0000000001007511       0x88 zephyr/arch/arch/arm/core/aarch32/cortex_m/libarch__arm__core__aarch32__cortex_m.a(fault.c.obj)
 .rodata.usage_fault.constprop.0.str1.1
                0x0000000001007599       0xf7 zephyr/arch/arch/arm/core/aarch32/cortex_m/libarch__arm__core__aarch32__cortex_m.a(fault.c.obj)
 .rodata.z_arm_fault.str1.1
                0x0000000001007690      0x111 zephyr/arch/arch/arm/core/aarch32/cortex_m/libarch__arm__core__aarch32__cortex_m.a(fault.c.obj)
 .rodata.str1.1
                0x00000000010077a1        0x4 zephyr/arch/arch/arm/core/aarch32/mpu/libarch__arm__core__aarch32__mpu.a(arm_core_mpu.c.obj)
 .rodata.region_allocate_and_init.part.0.str1.1
                0x00000000010077a5       0x26 zephyr/arch/arch/arm/core/aarch32/mpu/libarch__arm__core__aarch32__mpu.a(arm_mpu.c.obj)
 .rodata.mpu_configure_regions_and_partition.constprop.0.str1.1
                0x00000000010077cb       0x46 zephyr/arch/arch/arm/core/aarch32/mpu/libarch__arm__core__aarch32__mpu.a(arm_mpu.c.obj)
 .rodata.str1.1
                0x0000000001007811        0xf zephyr/soc/arm/common/cortex_m/libsoc__arm__common__cortex_m.a(arm_mpu_regions.c.obj)
 .rodata.str1.1
                0x0000000001007820       0x29 zephyr/drivers/clock_control/libdrivers__clock_control.a(clock_control_nrf.c.obj)
 .rodata.str1.1
                0x0000000001007849       0x1c zephyr/drivers/gpio/libdrivers__gpio.a(gpio_nrfx.c.obj)
 .rodata.uarte_0_init.str1.1
                0x0000000001007865       0x1f zephyr/drivers/serial/libdrivers__serial.a(uart_nrfx_uarte.c.obj)
 .rodata.str1.1
                0x0000000001007884       0x1e zephyr/drivers/serial/libdrivers__serial.a(uart_nrfx_uarte.c.obj)
 .rodata.k_sys_fatal_error_handler.str1.1
                0x00000000010078a2       0x11 modules/nrf/lib/fatal_error/lib..__nrf__lib__fatal_error.a(fatal_error.c.obj)
 .rodata.str1.1
                0x00000000010078b3        0xc modules/nrf/lib/fatal_error/lib..__nrf__lib__fatal_error.a(fatal_error.c.obj)
 .rodata.CSWTCH.1
                0x00000000010078bf        0x4 modules/hal_nordic/nrfx/libmodules__hal_nordic__nrfx.a(system_nrf5340_network.c.obj)
 .rodata.str1.1
                0x00000000010078c3        0xb modules/hal_nordic/nrfx/libmodules__hal_nordic__nrfx.a(nrfx_clock.c.obj)
 .rodata.str1.1
                0x00000000010078ce        0xa modules/hal_nordic/nrfx/libmodules__hal_nordic__nrfx.a(nrfx_dppi.c.obj)
 .rodata.str1.1
                0x00000000010078d8        0xc modules/hal_nordic/nrfx/libmodules__hal_nordic__nrfx.a(nrfx_gpiote.c.obj)
 .rodata._DoInit.str1.1
                0x00000000010078e4       0x14 modules/segger/libmodules__segger.a(SEGGER_RTT.c.obj)
 .rodata.z_fatal_error.str1.1
                0x00000000010078f8       0x77 zephyr/kernel/libkernel.a(fatal.c.obj)
 .rodata.str1.1
                0x000000000100796f       0x4a zephyr/kernel/libkernel.a(fatal.c.obj)
 .rodata.z_cstart.str1.1
                0x00000000010079b9        0x5 zephyr/kernel/libkernel.a(init.c.obj)
 .rodata.str1.1
                0x00000000010079be        0x3 zephyr/kernel/libkernel.a(init.c.obj)
 .rodata.boot_banner.str1.1
                0x00000000010079c1       0x41 zephyr/kernel/libkernel.a(banner.c.obj)
 *(SORT_BY_ALIGNMENT(.gnu.linkonce.r.*))
                0x0000000001007a04                . = ALIGN (0x4)
 *fill*         0x0000000001007a02        0x2 
                0x0000000001007a04                __rodata_region_end = .
                0x0000000001007a20                . = ALIGN (_region_min_align)
                0x0000000001007a20                __rom_region_end = ((__rom_region_start + .) - ADDR (rom_start))

/DISCARD/
 *(SORT_BY_ALIGNMENT(.got.plt))
 *(SORT_BY_ALIGNMENT(.igot.plt))
 *(SORT_BY_ALIGNMENT(.got))
 *(SORT_BY_ALIGNMENT(.igot))
                0x0000000021000000                . = 0x21000000
                0x0000000021000000                . = ALIGN (_region_min_align)
                0x0000000021000000                _image_ram_start = .

.ramfunc        0x0000000021000000        0x0 load address 0x0000000001007a04
                0x0000000021000000                . = ALIGN (_region_min_align)
                0x0000000021000000                __ramfunc_start = .
 *(SORT_BY_ALIGNMENT(.ramfunc))
 *(SORT_BY_ALIGNMENT(.ramfunc.*))
                0x0000000021000000                . = ALIGN (_region_min_align)
                0x0000000021000000                __ramfunc_end = .
                0x0000000000000000                __ramfunc_size = (__ramfunc_end - __ramfunc_start)
                0x0000000001007a04                __ramfunc_load_start = LOADADDR (.ramfunc)

datas           0x0000000021000000       0xbc load address 0x0000000001007a04
                0x0000000021000000                __data_region_start = .
                0x0000000021000000                __data_start = .
 *(SORT_BY_ALIGNMENT(.data))
 *(SORT_BY_ALIGNMENT(.data.*))
 .data.ipc_rx_buf
                0x0000000021000000        0x4 app/libapp.a(main.c.obj)
                0x0000000021000000                ipc_rx_buf
 .data.ipc_tx_buf
                0x0000000021000004        0x4 app/libapp.a(main.c.obj)
                0x0000000021000004                ipc_tx_buf
 .data._char_out
                0x0000000021000008        0x4 zephyr/libzephyr.a(printk.c.obj)
                0x0000000021000008                _char_out
 .data.timestamp_func
                0x000000002100000c        0x4 zephyr/libzephyr.a(log_core.c.obj)
 .data._stdout_hook
                0x0000000021000010        0x4 zephyr/lib/libc/minimal/liblib__libc__minimal.a(stdout_console.c.obj)
 .data.uarte_0_data
                0x0000000021000014       0x1c zephyr/drivers/serial/libdrivers__serial.a(uart_nrfx_uarte.c.obj)
 .data.SystemCoreClock
                0x0000000021000030        0x4 modules/hal_nordic/nrfx/libmodules__hal_nordic__nrfx.a(system_nrf5340_network.c.obj)
                0x0000000021000030                SystemCoreClock
 .data.m_allocated_channels
                0x0000000021000034        0x4 modules/hal_nordic/nrfx/libmodules__hal_nordic__nrfx.a(nrfx_dppi.c.obj)
 .data.m_cb     0x0000000021000038       0x7c modules/hal_nordic/nrfx/libmodules__hal_nordic__nrfx.a(nrfx_gpiote.c.obj)
 .data.timeout_list
                0x00000000210000b4        0x8 zephyr/kernel/libkernel.a(timeout.c.obj)
 *(SORT_BY_ALIGNMENT(.kernel.*))
                0x00000000210000bc                __data_end = .
                0x00000000000000bc                __data_size = (__data_end - __data_start)
                0x0000000001007a04                __data_load_start = LOADADDR (datas)
                0x0000000001007a04                __data_region_load_start = LOADADDR (datas)

device_states   0x00000000210000bc        0x8 load address 0x0000000001007ac0
                0x00000000210000bc                __device_states_start = .
 *(SORT_BY_ALIGNMENT(.z_devstate))
 .z_devstate    0x00000000210000bc        0x2 zephyr/drivers/clock_control/libdrivers__clock_control.a(clock_control_nrf.c.obj)
 .z_devstate    0x00000000210000be        0x4 zephyr/drivers/gpio/libdrivers__gpio.a(gpio_nrfx.c.obj)
 .z_devstate    0x00000000210000c2        0x2 zephyr/drivers/serial/libdrivers__serial.a(uart_nrfx_uarte.c.obj)
 *(SORT_BY_ALIGNMENT(.z_devstate.*))
                0x00000000210000c4                __device_states_end = .

initshell       0x00000000210000c4        0x0 load address 0x0000000001007ac8
                0x00000000210000c4                __shell_module_start = .
 *(SORT_BY_ALIGNMENT(.shell_module_*))
                0x00000000210000c4                __shell_module_end = .
                0x00000000210000c4                __shell_cmd_start = .
 *(SORT_BY_ALIGNMENT(.shell_cmd_*))
                0x00000000210000c4                __shell_cmd_end = .

log_mpsc_pbuf_area
                0x00000000210000c4       0x38 load address 0x0000000001007ac8
                0x00000000210000c4                _log_mpsc_pbuf_list_start = .
 *(SORT_BY_NAME(SORT_BY_ALIGNMENT(._log_mpsc_pbuf.static.*)))
 ._log_mpsc_pbuf.static.log_buffer
                0x00000000210000c4       0x38 zephyr/libzephyr.a(log_core.c.obj)
                0x00000000210000fc                _log_mpsc_pbuf_list_end = .

log_msg_ptr_area
                0x00000000210000fc        0x4 load address 0x0000000001007b00
                0x00000000210000fc                _log_msg_ptr_list_start = .
 *(SORT_BY_NAME(SORT_BY_ALIGNMENT(._log_msg_ptr.static.*)))
 ._log_msg_ptr.static.log_msg_ptr
                0x00000000210000fc        0x4 zephyr/libzephyr.a(log_core.c.obj)
                0x0000000021000100                _log_msg_ptr_list_end = .

log_dynamic_sections
                0x0000000021000100        0x0 load address 0x0000000001007b04
                0x0000000021000100                __log_dynamic_start = .
 *(SORT_BY_NAME(SORT_BY_ALIGNMENT(.log_dynamic_*)))
                0x0000000021000100                __log_dynamic_end = .

k_timer_area    0x0000000021000100        0x0 load address 0x0000000001007b04
                0x0000000021000100                _k_timer_list_start = .
 *(SORT_BY_NAME(SORT_BY_ALIGNMENT(._k_timer.static.*)))
                0x0000000021000100                _k_timer_list_end = .

k_mem_slab_area
                0x0000000021000100        0x0 load address 0x0000000001007b04
                0x0000000021000100                _k_mem_slab_list_start = .
 *(SORT_BY_NAME(SORT_BY_ALIGNMENT(._k_mem_slab.static.*)))
                0x0000000021000100                _k_mem_slab_list_end = .

k_heap_area     0x0000000021000100        0x0 load address 0x0000000001007b04
                0x0000000021000100                _k_heap_list_start = .
 *(SORT_BY_NAME(SORT_BY_ALIGNMENT(._k_heap.static.*)))
                0x0000000021000100                _k_heap_list_end = .

k_mutex_area    0x0000000021000100       0x14 load address 0x0000000001007b04
                0x0000000021000100                _k_mutex_list_start = .
 *(SORT_BY_NAME(SORT_BY_ALIGNMENT(._k_mutex.static.*)))
 ._k_mutex.static.rtt_term_mutex
                0x0000000021000100       0x14 modules/segger/libmodules__segger.a(SEGGER_RTT_zephyr.c.obj)
                0x0000000021000100                rtt_term_mutex
                0x0000000021000114                _k_mutex_list_end = .

k_stack_area    0x0000000021000114        0x0 load address 0x0000000001007b18
                0x0000000021000114                _k_stack_list_start = .
 *(SORT_BY_NAME(SORT_BY_ALIGNMENT(._k_stack.static.*)))
                0x0000000021000114                _k_stack_list_end = .

k_msgq_area     0x0000000021000114        0x0 load address 0x0000000001007b18
                0x0000000021000114                _k_msgq_list_start = .
 *(SORT_BY_NAME(SORT_BY_ALIGNMENT(._k_msgq.static.*)))
                0x0000000021000114                _k_msgq_list_end = .

k_mbox_area     0x0000000021000114        0x0 load address 0x0000000001007b18
                0x0000000021000114                _k_mbox_list_start = .
 *(SORT_BY_NAME(SORT_BY_ALIGNMENT(._k_mbox.static.*)))
                0x0000000021000114                _k_mbox_list_end = .

k_pipe_area     0x0000000021000114        0x0 load address 0x0000000001007b18
                0x0000000021000114                _k_pipe_list_start = .
 *(SORT_BY_NAME(SORT_BY_ALIGNMENT(._k_pipe.static.*)))
                0x0000000021000114                _k_pipe_list_end = .

k_sem_area      0x0000000021000114       0x10 load address 0x0000000001007b18
                0x0000000021000114                _k_sem_list_start = .
 *(SORT_BY_NAME(SORT_BY_ALIGNMENT(._k_sem.static.*)))
 ._k_sem.static.log_process_thread_sem
                0x0000000021000114       0x10 zephyr/libzephyr.a(log_core.c.obj)
                0x0000000021000114                log_process_thread_sem
                0x0000000021000124                _k_sem_list_end = .

k_event_area    0x0000000021000124        0x0 load address 0x0000000001007b28
                0x0000000021000124                _k_event_list_start = .
 *(SORT_BY_NAME(SORT_BY_ALIGNMENT(._k_event.static.*)))
                0x0000000021000124                _k_event_list_end = .

k_queue_area    0x0000000021000124        0x0 load address 0x0000000001007b28
                0x0000000021000124                _k_queue_list_start = .
 *(SORT_BY_NAME(SORT_BY_ALIGNMENT(._k_queue.static.*)))
                0x0000000021000124                _k_queue_list_end = .

k_condvar_area  0x0000000021000124        0x0 load address 0x0000000001007b28
                0x0000000021000124                _k_condvar_list_start = .
 *(SORT_BY_NAME(SORT_BY_ALIGNMENT(._k_condvar.static.*)))
                0x0000000021000124                _k_condvar_list_end = .

_net_buf_pool_area
                0x0000000021000124        0x0 load address 0x0000000001007b28
                0x0000000021000124                _net_buf_pool_list = .
 *(SORT_BY_NAME(SORT_BY_ALIGNMENT(._net_buf_pool.static.*)))
                0x0000000021000124                __data_region_end = .

bss             0x0000000021000128      0xbf0
                0x0000000021000128                . = ALIGN (0x4)
                0x0000000021000128                __bss_start = .
                0x0000000021000128                __kernel_ram_start = .
 *(SORT_BY_ALIGNMENT(.bss))
 *(SORT_BY_ALIGNMENT(.bss.*))
 .bss.logging_thread
                0x0000000021000128       0x80 zephyr/libzephyr.a(log_core.c.obj)
                0x0000000021000128                logging_thread
 .bss.buf32     0x00000000210001a8      0x400 zephyr/libzephyr.a(log_core.c.obj)
 .bss.last_failure_report
                0x00000000210005a8        0x8 zephyr/libzephyr.a(log_core.c.obj)
 .bss.log_process_thread_timer
                0x00000000210005b0       0x38 zephyr/libzephyr.a(log_core.c.obj)
 .bss.cc_data   0x00000000210005e8       0x10 zephyr/drivers/timer/libdrivers__timer.a(nrf_rtc_timer.c.obj)
 .bss.last_count
                0x00000000210005f8        0x8 zephyr/drivers/timer/libdrivers__timer.a(nrf_rtc_timer.c.obj)
 .bss.anchor    0x0000000021000600        0x8 zephyr/drivers/timer/libdrivers__timer.a(nrf_rtc_timer.c.obj)
 .bss.z_idle_threads
                0x0000000021000608       0x80 zephyr/kernel/libkernel.a(init.c.obj)
                0x0000000021000608                z_idle_threads
 .bss.z_main_thread
                0x0000000021000688       0x80 zephyr/kernel/libkernel.a(init.c.obj)
                0x0000000021000688                z_main_thread
 .bss.curr_tick
                0x0000000021000708        0x8 zephyr/kernel/libkernel.a(timeout.c.obj)
 .bss.curr_log_buffer