Archive member included to satisfy reference by file (symbol)

app/libapp.a(main.c.obj)      (--whole-archive)
app/libapp.a(ipc_net_api.c.obj)
                              (--whole-archive)
app/libapp.a(ipc_lib.c.obj)   (--whole-archive)
app/libapp.a(ipc_net_smp_bt.c.obj)
                              (--whole-archive)
zephyr/libzephyr.a(cbprintf_packaged.c.obj)
                              (--whole-archive)
zephyr/libzephyr.a(dec.c.obj)
                              (--whole-archive)
zephyr/libzephyr.a(fdtable.c.obj)
                              (--whole-archive)
zephyr/libzephyr.a(hex.c.obj)
                              (--whole-archive)
zephyr/libzephyr.a(printk.c.obj)
                              (--whole-archive)
zephyr/libzephyr.a(rb.c.obj)  (--whole-archive)
zephyr/libzephyr.a(sem.c.obj)
                              (--whole-archive)
zephyr/libzephyr.a(thread_entry.c.obj)
                              (--whole-archive)
zephyr/libzephyr.a(timeutil.c.obj)
                              (--whole-archive)
zephyr/libzephyr.a(heap.c.obj)
                              (--whole-archive)
zephyr/libzephyr.a(heap-validate.c.obj)
                              (--whole-archive)
zephyr/libzephyr.a(bitarray.c.obj)
                              (--whole-archive)
zephyr/libzephyr.a(multi_heap.c.obj)
                              (--whole-archive)
zephyr/libzephyr.a(onoff.c.obj)
                              (--whole-archive)
zephyr/libzephyr.a(notify.c.obj)
                              (--whole-archive)
zephyr/libzephyr.a(crc32c_sw.c.obj)
                              (--whole-archive)
zephyr/libzephyr.a(crc32_sw.c.obj)
                              (--whole-archive)
zephyr/libzephyr.a(crc16_sw.c.obj)
                              (--whole-archive)
zephyr/libzephyr.a(crc8_sw.c.obj)
                              (--whole-archive)
zephyr/libzephyr.a(crc7_sw.c.obj)
                              (--whole-archive)
zephyr/libzephyr.a(cbprintf_complete.c.obj)
                              (--whole-archive)
zephyr/libzephyr.a(cbprintf.c.obj)
                              (--whole-archive)
zephyr/libzephyr.a(assert.c.obj)
                              (--whole-archive)
zephyr/libzephyr.a(mpsc_pbuf.c.obj)
                              (--whole-archive)
zephyr/libzephyr.a(reboot.c.obj)
                              (--whole-archive)
zephyr/libzephyr.a(configs.c.obj)
                              (--whole-archive)
zephyr/libzephyr.a(soc.c.obj)
                              (--whole-archive)
zephyr/libzephyr.a(soc_nrf_common.S.obj)
                              (--whole-archive)
zephyr/libzephyr.a(validate_base_addresses.c.obj)
                              (--whole-archive)
zephyr/libzephyr.a(validate_enabled_instances.c.obj)
                              (--whole-archive)
zephyr/libzephyr.a(log_core.c.obj)
                              (--whole-archive)
zephyr/libzephyr.a(log_mgmt.c.obj)
                              (--whole-archive)
zephyr/libzephyr.a(log_cache.c.obj)
                              (--whole-archive)
zephyr/libzephyr.a(log_msg.c.obj)
                              (--whole-archive)
zephyr/libzephyr.a(log_output.c.obj)
                              (--whole-archive)
zephyr/libzephyr.a(log_backend_rtt.c.obj)
                              (--whole-archive)
zephyr/libzephyr.a(nvs.c.obj)
                              (--whole-archive)
zephyr/libzephyr.a(addr_utils.c.obj)
                              (--whole-archive)
zephyr/libzephyr.a(flash_map.c.obj)
                              (--whole-archive)
zephyr/libzephyr.a(flash_map_default.c.obj)
                              (--whole-archive)
zephyr/libzephyr.a(flash_map_layout.c.obj)
                              (--whole-archive)
zephyr/libzephyr.a(settings_store.c.obj)
                              (--whole-archive)
zephyr/libzephyr.a(settings.c.obj)
                              (--whole-archive)
zephyr/libzephyr.a(settings_init.c.obj)
                              (--whole-archive)
zephyr/libzephyr.a(settings_line.c.obj)
                              (--whole-archive)
zephyr/libzephyr.a(settings_nvs.c.obj)
                              (--whole-archive)
zephyr/libzephyr.a(tracing_none.c.obj)
                              (--whole-archive)
zephyr/libzephyr.a(nus.c.obj)
                              (--whole-archive)
zephyr/libzephyr.a(utils.c.obj)
                              (--whole-archive)
zephyr/libzephyr.a(ecc_dh.c.obj)
                              (--whole-archive)
zephyr/libzephyr.a(ecc.c.obj)
                              (--whole-archive)
zephyr/libzephyr.a(aes_decrypt.c.obj)
                              (--whole-archive)
zephyr/libzephyr.a(aes_encrypt.c.obj)
                              (--whole-archive)
zephyr/libzephyr.a(cmac_mode.c.obj)
                              (--whole-archive)
zephyr/arch/common/libarch__common.a(sw_isr_common.c.obj)
                              (--whole-archive)
[...]
Memory Configuration

Name             Origin             Length             Attributes
FLASH            0x0000000001000000 0x0000000000040000 xr
RAM              0x0000000021000000 0x0000000000010000 xw
SRAM1            0x0000000021000000 0x0000000000010000
IDT_LIST         0x00000000fffff7ff 0x0000000000000800 xw
*default*        0x0000000000000000 0xffffffffffffffff

Linker script and memory map

LOAD zephyr/CMakeFiles/zephyr_pre0.dir/misc/empty_file.c.obj
                0x0000000000000020                _region_min_align = 0x20

.rel.plt        0x0000000001000000        0x0
 *(SORT_BY_ALIGNMENT(.rel.plt))
                [!provide]                        PROVIDE (__rel_iplt_start = .)
 *(SORT_BY_ALIGNMENT(.rel.iplt))
 .rel.iplt      0x0000000001000000        0x0 app/libapp.a(main.c.obj)
                [!provide]                        PROVIDE (__rel_iplt_end = .)

.rela.plt       0x0000000000000000        0x0
 *(SORT_BY_ALIGNMENT(.rela.plt))
                [!provide]                        PROVIDE (__rela_iplt_start = .)
 *(SORT_BY_ALIGNMENT(.rela.iplt))
                [!provide]                        PROVIDE (__rela_iplt_end = .)

.rel.dyn
 *(SORT_BY_ALIGNMENT(.rel.*))

.rela.dyn
 *(SORT_BY_ALIGNMENT(.rela.*))

/DISCARD/
 *(SORT_BY_ALIGNMENT(.plt))

/DISCARD/
 *(SORT_BY_ALIGNMENT(.iplt))
                0x0000000001000000                __rom_region_start = 0x1000000

rom_start       0x0000000001000000       0xb8
                0x0000000000000000                . = 0x0
                0x0000000000000000                . = ALIGN (0x4)
                0x0000000000000000                . = ALIGN (0x80)
                0x0000000000000000                . = ALIGN (0x100)
                0x0000000001000000                _vector_start = .
 *(SORT_BY_ALIGNMENT(.exc_vector_table))
 *(SORT_BY_ALIGNMENT(.exc_vector_table.*))
 .exc_vector_table._vector_table_section
                0x0000000001000000       0x40 zephyr/arch/arch/arm/core/aarch32/cortex_m/libarch__arm__core__aarch32__cortex_m.a(vector_table.S.obj)
                0x0000000001000000                _vector_table
 *(SORT_BY_ALIGNMENT(.vectors))
                0x00000000010000b8                _vector_end = .
                0x0000000001000040                . = ALIGN (0x4)
 *(SORT_BY_ALIGNMENT(.gnu.linkonce.irq_vector_table*))
 .gnu.linkonce.irq_vector_table
                0x0000000001000040       0x78 zephyr/arch/common/libisr_tables.a(isr_tables.c.obj)
                0x0000000001000040                _irq_vector_table
                0x00000000010000b8                _vector_end = .

text            0x00000000010000b8    0x295a0
                0x00000000010000b8                __text_region_start = .
 *(SORT_BY_ALIGNMENT(.text))
 .text          0x00000000010000b8       0x30 c:/ncs/toolchains/v2.2.99-dev3/opt/zephyr-sdk/arm-zephyr-eabi/bin/../lib/gcc/arm-zephyr-eabi/12.1.0/thumb/v8-m.main/nofp\libgcc.a(_aeabi_uldivmod.o)
                0x00000000010000b8                __aeabi_uldivmod
 .text          0x00000000010000e8        0x4 c:/ncs/toolchains/v2.2.99-dev3/opt/zephyr-sdk/arm-zephyr-eabi/bin/../lib/gcc/arm-zephyr-eabi/12.1.0/thumb/v8-m.main/nofp\libgcc.a(_dvmd_tls.o)
                0x00000000010000e8                __aeabi_idiv0
                0x00000000010000e8                __aeabi_ldiv0
 .text          0x00000000010000ec      0x29c c:/ncs/toolchains/v2.2.99-dev3/opt/zephyr-sdk/arm-zephyr-eabi/bin/../lib/gcc/arm-zephyr-eabi/12.1.0/thumb/v8-m.main/nofp\libgcc.a(_udivmoddi4.o)
                0x00000000010000ec                __udivmoddi4
 *(SORT_BY_ALIGNMENT(.text.*))
 .text.bt_init  0x0000000001000388      0x450 zephyr/subsys/bluetooth/host/libsubsys__bluetooth__host.a(hci_core.c.obj)
 .text.ull_drift_ticks_get
                0x00000000010007d8       0x94 zephyr/subsys/bluetooth/controller/libsubsys__bluetooth__controller.a(ull.c.obj)
                0x00000000010007d8                ull_drift_ticks_get
 *fill*         0x000000000100086c        0x4 
 .text.ll_adv_enable
                0x0000000001000870      0x3b8 zephyr/subsys/bluetooth/controller/libsubsys__bluetooth__controller.a(ull_adv.c.obj)
                0x0000000001000870                ll_adv_enable
 .text.ull_adv_time_update
                0x0000000001000c28       0xb0 zephyr/subsys/bluetooth/controller/libsubsys__bluetooth__controller.a(ull_adv.c.obj)
                0x0000000001000c28                ull_adv_time_update
 .text.ull_conn_update_ticker.constprop.0
                0x0000000001000cd8      0x12c zephyr/subsys/bluetooth/controller/libsubsys__bluetooth__controller.a(ull_conn.c.obj)
 *fill*         0x0000000001000e04        0x4 
 .text.ull_conn_update_parameters
                0x0000000001000e08      0x204 zephyr/subsys/bluetooth/controller/libsubsys__bluetooth__controller.a(ull_conn.c.obj)
                0x0000000001000e08                ull_conn_update_parameters
 *fill*         0x000000000100100c        0x4 
 .text.ull_periph_setup
                0x0000000001001010      0x44c zephyr/subsys/bluetooth/controller/libsubsys__bluetooth__controller.a(ull_peripheral.c.obj)
                0x0000000001001010                ull_periph_setup
 *fill*         0x000000000100145c        0x4 
 .text.lll_preempt_calc
                0x0000000001001460       0x80 zephyr/subsys/bluetooth/controller/libsubsys__bluetooth__controller.a(lll.c.obj)
                0x0000000001001460                lll_preempt_calc
 .text.nrf_flash_sync_exe
                0x00000000010014e0      0x128 zephyr/drivers/flash/libdrivers__flash.a(soc_flash_nrf_ticker.c.obj)
                0x00000000010014e0                nrf_flash_sync_exe
 .text.nrf_flash_sync_check_time_limit
                0x0000000001001608       0x48 zephyr/drivers/flash/libdrivers__flash.a(soc_flash_nrf_ticker.c.obj)
                0x0000000001001608                nrf_flash_sync_check_time_limit
 .text.bt_addr_le_to_str.constprop.0.isra.0
                0x0000000001001650       0x78 app/libapp.a(main.c.obj)
 .text.security_changed
                0x00000000010016c8       0x7c app/libapp.a(main.c.obj)
 .text.pairing_failed
                0x0000000001001744       0x48 app/libapp.a(main.c.obj)
 .text.pairing_complete
                0x000000000100178c       0x48 app/libapp.a(main.c.obj)
 .text.auth_cancel
                0x00000000010017d4       0x44 app/libapp.a(main.c.obj)
 .text.disconnected
                0x0000000001001818       0x8c app/libapp.a(main.c.obj)
 .text.connected
                0x00000000010018a4       0xec app/libapp.a(main.c.obj)
 .text.bt_nus_receive_cb
                0x0000000001001990       0xd0 app/libapp.a(main.c.obj)
 .text.ble_write_thread
                0x0000000001001a60       0x98 app/libapp.a(main.c.obj)
                0x0000000001001a60                ble_write_thread
 .text.ext_int_isr
                0x0000000001001af8       0x30 app/libapp.a(main.c.obj)
                0x0000000001001af8                ext_int_isr
 .text.setup_ext_int
                0x0000000001001b28       0xfc app/libapp.a(main.c.obj)
                0x0000000001001b28                setup_ext_int
 .text.main     0x0000000001001c24      0x204 app/libapp.a(main.c.obj)
                0x0000000001001c24                main
 .text.ipc_net_rx_cb
                0x0000000001001e28       0x14 app/libapp.a(ipc_net_api.c.obj)
 .text.net2app_send_bt_addr
                0x0000000001001e3c       0xdc app/libapp.a(ipc_net_api.c.obj)
                0x0000000001001e3c                net2app_send_bt_addr
 .text.net2app_send_bt_mtu
                0x0000000001001f18       0x28 app/libapp.a(ipc_net_api.c.obj)
                0x0000000001001f18                net2app_send_bt_mtu
 .text.ipc_thread
                0x0000000001001f40       0xe4 app/libapp.a(ipc_net_api.c.obj)
                0x0000000001001f40                ipc_thread
 .text.nrfx_ipc_handler.part.0
                0x0000000001002024       0x80 app/libapp.a(ipc_lib.c.obj)
 .text.nrfx_ipc_send
                0x00000000010020a4       0x80 app/libapp.a(ipc_lib.c.obj)
                0x00000000010020a4                nrfx_ipc_send
 .text.init_ipc
                0x0000000001002124       0xa4 app/libapp.a(ipc_lib.c.obj)
                0x0000000001002124                init_ipc
 .text.ipc_net_bt_smp_send
                0x00000000010021c8       0x30 app/libapp.a(ipc_net_smp_bt.c.obj)
                0x00000000010021c8                ipc_net_bt_smp_send
 .text.smp_bt_register_ipc
                0x00000000010021f8       0x1c app/libapp.a(ipc_net_smp_bt.c.obj)
                0x00000000010021f8                smp_bt_register_ipc
 .text.cbvprintf_package
                0x0000000001002214      0x43c zephyr/libzephyr.a(cbprintf_packaged.c.obj)
                0x0000000001002214                cbvprintf_package
 .text.cbprintf_package_convert
                0x0000000001002650      0x470 zephyr/libzephyr.a(cbprintf_packaged.c.obj)
                0x0000000001002650                cbprintf_package_convert
 .text.__printk_hook_install
                0x0000000001002ac0        0xc zephyr/libzephyr.a(printk.c.obj)
                0x0000000001002ac0                __printk_hook_install
 .text.vsnprintk
                0x0000000001002acc       0x2c zephyr/libzephyr.a(printk.c.obj)
                0x0000000001002acc                vsnprintk
 .text.sys_heap_free
                0x0000000001002af8       0x8c zephyr/libzephyr.a(heap.c.obj)
                0x0000000001002af8                sys_heap_free
 .text.sys_heap_aligned_alloc
                0x0000000001002b84      0x104 zephyr/libzephyr.a(heap.c.obj)
                0x0000000001002b84                sys_heap_aligned_alloc
 .text.sys_heap_init
                0x0000000001002c88      0x114 zephyr/libzephyr.a(heap.c.obj)
                0x0000000001002c88                sys_heap_init
 .text.process_event
                0x0000000001002d9c      0x3a8 zephyr/libzephyr.a(onoff.c.obj)
 .text.transition_complete
                0x0000000001003144       0x64 zephyr/libzephyr.a(onoff.c.obj)
 .text.onoff_request
                0x00000000010031a8      0x130 zephyr/libzephyr.a(onoff.c.obj)
                0x00000000010031a8                onoff_request
 .text.onoff_release
                0x00000000010032d8       0xd4 zephyr/libzephyr.a(onoff.c.obj)
                0x00000000010032d8                onoff_release
 .text.sys_notify_finalize
                0x00000000010033ac       0x58 zephyr/libzephyr.a(notify.c.obj)
                0x00000000010033ac                sys_notify_finalize
 .text.crc8_ccitt
                0x0000000001003404       0x2c zephyr/libzephyr.a(crc8_sw.c.obj)
                0x0000000001003404                crc8_ccitt
 .text.z_cbvprintf_impl
                0x0000000001003430      0x764 zephyr/libzephyr.a(cbprintf_complete.c.obj)
                0x0000000001003430                z_cbvprintf_impl
 .text.mpsc_pbuf_init
                0x0000000001003b94       0x64 zephyr/libzephyr.a(mpsc_pbuf.c.obj)
                0x0000000001003b94                mpsc_pbuf_init
 .text.mpsc_pbuf_alloc
                0x0000000001003bf8      0x17c zephyr/libzephyr.a(mpsc_pbuf.c.obj)
                0x0000000001003bf8                mpsc_pbuf_alloc
 .text.mpsc_pbuf_commit
                0x0000000001003d74       0xac zephyr/libzephyr.a(mpsc_pbuf.c.obj)
                0x0000000001003d74                mpsc_pbuf_commit
 .text.mpsc_pbuf_claim
                0x0000000001003e20      0x10c zephyr/libzephyr.a(mpsc_pbuf.c.obj)
                0x0000000001003e20                mpsc_pbuf_claim
 .text.mpsc_pbuf_free
                0x0000000001003f2c       0xd4 zephyr/libzephyr.a(mpsc_pbuf.c.obj)
                0x0000000001003f2c                mpsc_pbuf_free
 .text.nordicsemi_nrf53_init
                0x0000000001004000       0x28 zephyr/libzephyr.a(soc.c.obj)
 .text.arch_busy_wait
                0x0000000001004028       0x14 zephyr/libzephyr.a(soc.c.obj)
                0x0000000001004028                arch_busy_wait
 .text.z_arm_platform_init
                0x000000000100403c        0x4 zephyr/libzephyr.a(soc_nrf_common.S.obj)
                0x000000000100403c                z_arm_platform_init
 .text.enable_logger
                0x0000000001004040       0x5c zephyr/libzephyr.a(log_core.c.obj)
 .text.activate_foreach_backend
                0x000000000100409c       0x64 zephyr/libzephyr.a(log_core.c.obj)
 .text.z_log_init
                0x0000000001004100       0xe0 zephyr/libzephyr.a(log_core.c.obj)
 .text.log_process_thread_timer_expiry_fn
                0x00000000010041e0        0xc zephyr/libzephyr.a(log_core.c.obj)
 .text.log_format_func_t_get
                0x00000000010041ec        0xc zephyr/libzephyr.a(log_core.c.obj)
                0x00000000010041ec                log_format_func_t_get
 .text.log_set_timestamp_func
                0x00000000010041f8       0x20 zephyr/libzephyr.a(log_core.c.obj)
                0x00000000010041f8                log_set_timestamp_func
 .text.z_log_notify_backend_enabled
                0x0000000001004218       0x1c zephyr/libzephyr.a(log_core.c.obj)
                0x0000000001004218                z_log_notify_backend_enabled
 .text.z_log_dropped
                0x0000000001004234       0x28 zephyr/libzephyr.a(log_core.c.obj)
                0x0000000001004234                z_log_dropped
 .text.z_log_dropped_read_and_clear
                0x000000000100425c       0x18 zephyr/libzephyr.a(log_core.c.obj)
                0x000000000100425c                z_log_dropped_read_and_clear
 .text.dropped_notify
                0x0000000001004274       0x60 zephyr/libzephyr.a(log_core.c.obj)
                0x0000000001004274                dropped_notify
 .text.z_log_msg_init
                0x00000000010042d4       0x20 zephyr/libzephyr.a(log_core.c.obj)
                0x00000000010042d4                z_log_msg_init
 .text.log_core_init
                0x00000000010042f4       0x2c zephyr/libzephyr.a(log_core.c.obj)
                0x00000000010042f4                log_core_init
 .text.z_log_msg_alloc
                0x0000000001004320       0x10 zephyr/libzephyr.a(log_core.c.obj)
                0x0000000001004320                z_log_msg_alloc
 .text.z_log_msg_local_claim
                0x0000000001004330        0xc zephyr/libzephyr.a(log_core.c.obj)
                0x0000000001004330                z_log_msg_local_claim
 .text.z_log_msg_free
                0x000000000100433c       0x10 zephyr/libzephyr.a(log_core.c.obj)
                0x000000000100433c                z_log_msg_free
 .text.z_log_msg_pending
                0x000000000100434c        0xc zephyr/libzephyr.a(log_core.c.obj)
                0x000000000100434c                z_log_msg_pending
 .text.z_impl_log_process
                0x0000000001004358       0xe4 zephyr/libzephyr.a(log_core.c.obj)
                0x0000000001004358                z_impl_log_process
 .text.z_impl_log_panic
                0x000000000100443c       0x74 zephyr/libzephyr.a(log_core.c.obj)
                0x000000000100443c                z_impl_log_panic
 .text.log_process_thread_func
                0x00000000010044b0       0xec zephyr/libzephyr.a(log_core.c.obj)
 .text.z_log_msg_post_finalize
                0x000000000100459c       0xe0 zephyr/libzephyr.a(log_core.c.obj)
 .text.z_log_msg_commit
                0x000000000100467c       0x24 zephyr/libzephyr.a(log_core.c.obj)
                0x000000000100467c                z_log_msg_commit
 .text.log_source_name_get
                0x00000000010046a0       0x1c zephyr/libzephyr.a(log_mgmt.c.obj)
                0x00000000010046a0                log_source_name_get
 .text.log_backend_enable
                0x00000000010046bc       0x4c zephyr/libzephyr.a(log_mgmt.c.obj)
                0x00000000010046bc                log_backend_enable
 .text.z_impl_z_log_msg_static_create
                0x0000000001004708       0xcc zephyr/libzephyr.a(log_msg.c.obj)
                0x0000000001004708                z_impl_z_log_msg_static_create
 .text.z_impl_z_log_msg_runtime_vcreate
                0x00000000010047d4       0xc8 zephyr/libzephyr.a(log_msg.c.obj)
                0x00000000010047d4                z_impl_z_log_msg_runtime_vcreate
 .text.print_formatted
                0x000000000100489c       0x24 zephyr/libzephyr.a(log_output.c.obj)
 .text.newline_print
                0x00000000010048c0       0x1c zephyr/libzephyr.a(log_output.c.obj)
 .text.out_func
                0x00000000010048dc       0x58 zephyr/libzephyr.a(log_output.c.obj)
 .text.log_output_process
                0x0000000001004934      0x2d0 zephyr/libzephyr.a(log_output.c.obj)
                0x0000000001004934                log_output_process
 .text.log_output_msg_process
                0x0000000001004c04       0x6c zephyr/libzephyr.a(log_output.c.obj)
                0x0000000001004c04                log_output_msg_process
 .text.log_output_dropped_process
                0x0000000001004c70       0x58 zephyr/libzephyr.a(log_output.c.obj)
                0x0000000001004c70                log_output_dropped_process
 .text.log_output_timestamp_freq_set
                0x0000000001004cc8       0x2c zephyr/libzephyr.a(log_output.c.obj)
                0x0000000001004cc8                log_output_timestamp_freq_set
 .text.log_backend_rtt_init
                0x0000000001004cf4        0xc zephyr/libzephyr.a(log_backend_rtt.c.obj)
 .text.format_set
                0x0000000001004d00        0xc zephyr/libzephyr.a(log_backend_rtt.c.obj)
 .text.panic    0x0000000001004d0c       0x14 zephyr/libzephyr.a(log_backend_rtt.c.obj)
 .text.dropped  0x0000000001004d20        0xc zephyr/libzephyr.a(log_backend_rtt.c.obj)
 .text.process  0x0000000001004d2c       0x24 zephyr/libzephyr.a(log_backend_rtt.c.obj)
 .text.on_failed_write
                0x0000000001004d50       0x28 zephyr/libzephyr.a(log_backend_rtt.c.obj)
 .text.data_out_block_mode
                0x0000000001004d78       0x84 zephyr/libzephyr.a(log_backend_rtt.c.obj)
 .text.nvs_recover_last_ate
                0x0000000001004dfc       0x64 zephyr/libzephyr.a(nvs.c.obj)
 .text.nvs_mount
                0x0000000001004e60      0x3b0 zephyr/libzephyr.a(nvs.c.obj)
                0x0000000001004e60                nvs_mount
 .text.nvs_write
                0x0000000001005210      0x1b8 zephyr/libzephyr.a(nvs.c.obj)
                0x0000000001005210                nvs_write
 .text.nvs_read_hist
                0x00000000010053c8       0xdc zephyr/libzephyr.a(nvs.c.obj)
                0x00000000010053c8                nvs_read_hist
 .text.flash_area_open
                0x00000000010054a4       0x50 zephyr/libzephyr.a(flash_map.c.obj)
                0x00000000010054a4                flash_area_open
 .text.flash_area_get_sectors
                0x00000000010054f4       0x60 zephyr/libzephyr.a(flash_map_layout.c.obj)
                0x00000000010054f4                flash_area_get_sectors
 .text.settings_save_one
                0x0000000001005554       0x4c zephyr/libzephyr.a(settings_store.c.obj)
                0x0000000001005554                settings_save_one
 .text.settings_src_register
                0x00000000010055a0       0x1c zephyr/libzephyr.a(settings_store.c.obj)
                0x00000000010055a0                settings_src_register
 .text.settings_dst_register
                0x00000000010055bc        0xc zephyr/libzephyr.a(settings_store.c.obj)
                0x00000000010055bc                settings_dst_register
 .text.settings_load_subtree
                0x00000000010055c8       0x4c zephyr/libzephyr.a(settings_store.c.obj)
                0x00000000010055c8                settings_load_subtree
 .text.settings_load_subtree_direct
                0x0000000001005614       0x40 zephyr/libzephyr.a(settings_store.c.obj)
                0x0000000001005614                settings_load_subtree_direct
 .text.settings_store_init
                0x0000000001005654       0x10 zephyr/libzephyr.a(settings_store.c.obj)
                0x0000000001005654                settings_store_init
 .text.settings_init
                0x0000000001005664       0x10 zephyr/libzephyr.a(settings.c.obj)
                0x0000000001005664                settings_init
 .text.settings_parse_and_lookup
                0x0000000001005674       0xc4 zephyr/libzephyr.a(settings.c.obj)
                0x0000000001005674                settings_parse_and_lookup
 .text.settings_call_set_handler
                0x0000000001005738       0xa4 zephyr/libzephyr.a(settings.c.obj)
                0x0000000001005738                settings_call_set_handler
 .text.settings_commit_subtree
                0x00000000010057dc       0x9c zephyr/libzephyr.a(settings.c.obj)
                0x00000000010057dc                settings_commit_subtree
 .text.settings_subsys_init
                0x0000000001005878       0x24 zephyr/libzephyr.a(settings_init.c.obj)
                0x0000000001005878                settings_subsys_init
 .text.settings_nvs_load
                0x000000000100589c       0xbc zephyr/libzephyr.a(settings_nvs.c.obj)
 .text.settings_backend_init
                0x0000000001005958       0x98 zephyr/libzephyr.a(settings_nvs.c.obj)
                0x0000000001005958                settings_backend_init
 .text.nus_ccc_cfg_changed
                0x00000000010059f0       0x14 zephyr/libzephyr.a(nus.c.obj)
 .text.on_receive
                0x0000000001005a04       0x18 zephyr/libzephyr.a(nus.c.obj)
 .text.on_sent  0x0000000001005a1c       0x10 zephyr/libzephyr.a(nus.c.obj)
 .text.bt_nus_init
                0x0000000001005a2c       0x18 zephyr/libzephyr.a(nus.c.obj)
                0x0000000001005a2c                bt_nus_init
 .text.bt_nus_send
                0x0000000001005a44       0x4c zephyr/libzephyr.a(nus.c.obj)
                0x0000000001005a44                bt_nus_send
 .text.uECC_get_rng
                0x0000000001005a90        0xc zephyr/libzephyr.a(ecc.c.obj)
                0x0000000001005a90                uECC_get_rng
 .text.vli_mmod_fast_secp256r1
                0x0000000001005a9c      0x184 zephyr/libzephyr.a(ecc.c.obj)
                0x0000000001005a9c                vli_mmod_fast_secp256r1
 .text.sub_bytes
                0x0000000001005c20       0x18 zephyr/libzephyr.a(aes_encrypt.c.obj)
 .text.tc_aes128_set_encrypt_key
                0x0000000001005c38       0xa8 zephyr/libzephyr.a(aes_encrypt.c.obj)
                0x0000000001005c38                tc_aes128_set_encrypt_key
 .text.z_arm_cpu_idle_init
                0x0000000001005ce0        0xc zephyr/arch/arch/arm/core/aarch32/libarch__arm__core__aarch32.a(cpu_idle.S.obj)
                0x0000000001005ce0                z_arm_cpu_idle_init
 .text.arch_cpu_idle
                0x0000000001005cec       0x1c zephyr/arch/arch/arm/core/aarch32/libarch__arm__core__aarch32.a(cpu_idle.S.obj)
                0x0000000001005cec                arch_cpu_idle
 .text.arch_cpu_atomic_idle
                0x0000000001005d08       0x14 zephyr/arch/arch/arm/core/aarch32/libarch__arm__core__aarch32.a(cpu_idle.S.obj)
                0x0000000001005d08                arch_cpu_atomic_idle
 .text.z_arm_fatal_error
                0x0000000001005d1c       0xcc zephyr/arch/arch/arm/core/aarch32/libarch__arm__core__aarch32.a(fatal.c.obj)
                0x0000000001005d1c                z_arm_fatal_error
 .text.arch_irq_enable
                0x0000000001005de8       0x1c zephyr/arch/arch/arm/core/aarch32/libarch__arm__core__aarch32.a(irq_manage.c.obj)
                0x0000000001005de8                arch_irq_enable
 .text.arch_irq_disable
                0x0000000001005e04       0x28 zephyr/arch/arch/arm/core/aarch32/libarch__arm__core__aarch32.a(irq_manage.c.obj)
                0x0000000001005e04                arch_irq_disable
 .text.arch_irq_is_enabled
                0x0000000001005e2c       0x1c zephyr/arch/arch/arm/core/aarch32/libarch__arm__core__aarch32.a(irq_manage.c.obj)
                0x0000000001005e2c                arch_irq_is_enabled
 .text.z_arm_irq_priority_set
                0x0000000001005e48       0x64 zephyr/arch/arch/arm/core/aarch32/libarch__arm__core__aarch32.a(irq_manage.c.obj)
                0x0000000001005e48                z_arm_irq_priority_set
 .text.z_SysNmiOnReset
                0x0000000001005eac        0x8 zephyr/arch/arch/arm/core/aarch32/libarch__arm__core__aarch32.a(nmi_on_reset.S.obj)
                0x0000000001005eac                z_SysNmiOnReset
 .text.z_arm_prep_c
                0x0000000001005eb4       0x2c zephyr/arch/arch/arm/core/aarch32/libarch__arm__core__aarch32.a(prep_c.c.obj)
                0x0000000001005eb4                z_arm_prep_c
 .text.arch_swap
                0x0000000001005ee0       0x34 zephyr/arch/arch/arm/core/aarch32/libarch__arm__core__aarch32.a(swap.c.obj)
                0x0000000001005ee0                arch_swap
 .text.z_arm_pendsv
                0x0000000001005f14       0x58 zephyr/arch/arch/arm/core/aarch32/libarch__arm__core__aarch32.a(swap_helper.S.obj)
                0x0000000001005f14                z_arm_pendsv
 .text.z_arm_svc
                0x0000000001005f6c       0x20 zephyr/arch/arch/arm/core/aarch32/libarch__arm__core__aarch32.a(swap_helper.S.obj)
                0x0000000001005f6c                z_arm_svc
 .text.arch_new_thread
                0x0000000001005f8c       0x38 zephyr/arch/arch/arm/core/aarch32/libarch__arm__core__aarch32.a(thread.c.obj)
                0x0000000001005f8c                arch_new_thread
 .text.arch_switch_to_main_thread
                0x0000000001005fc4       0x28 zephyr/arch/arch/arm/core/aarch32/libarch__arm__core__aarch32.a(thread.c.obj)
                0x0000000001005fc4                arch_switch_to_main_thread
 .text._isr_wrapper
                0x0000000001005fec       0x28 zephyr/arch/arch/arm/core/aarch32/libarch__arm__core__aarch32.a(isr_wrapper.S.obj)
                0x0000000001005fec                _isr_wrapper
 .text._HandlerModeExit
                0x0000000001006014       0x1c zephyr/arch/arch/arm/core/aarch32/cortex_m/libarch__arm__core__aarch32__cortex_m.a(exc_exit.S.obj)
                0x0000000001006014                z_arm_int_exit
                0x0000000001006014                z_arm_exc_exit
 .text.mem_manage_fault.constprop.0
                0x0000000001006030      0x140 zephyr/arch/arch/arm/core/aarch32/cortex_m/libarch__arm__core__aarch32__cortex_m.a(fault.c.obj)
 .text.bus_fault.constprop.0
                0x0000000001006170      0x120 zephyr/arch/arch/arm/core/aarch32/cortex_m/libarch__arm__core__aarch32__cortex_m.a(fault.c.obj)
 .text.usage_fault.constprop.0
                0x0000000001006290      0x118 zephyr/arch/arch/arm/core/aarch32/cortex_m/libarch__arm__core__aarch32__cortex_m.a(fault.c.obj)
 .text.z_arm_fault
                0x00000000010063a8      0x280 zephyr/arch/arch/arm/core/aarch32/cortex_m/libarch__arm__core__aarch32__cortex_m.a(fault.c.obj)
                0x00000000010063a8                z_arm_fault
 .text.z_arm_fault_init
                0x0000000001006628       0x18 zephyr/arch/arch/arm/core/aarch32/cortex_m/libarch__arm__core__aarch32__cortex_m.a(fault.c.obj)
                0x0000000001006628                z_arm_fault_init
 .text.__fault  0x0000000001006640       0x14 zephyr/arch/arch/arm/core/aarch32/cortex_m/libarch__arm__core__aarch32__cortex_m.a(fault_s.S.obj)
                0x0000000001006640                z_arm_usage_fault
                0x0000000001006640                z_arm_mpu_fault
                0x0000000001006640                z_arm_exc_spurious
                0x0000000001006640                z_arm_debug_monitor
                0x0000000001006640                z_arm_hard_fault
                0x0000000001006640                z_arm_bus_fault
 .text.z_arm_interrupt_init
                0x0000000001006654       0x18 zephyr/arch/arch/arm/core/aarch32/cortex_m/libarch__arm__core__aarch32__cortex_m.a(irq_init.c.obj)
                0x0000000001006654                z_arm_interrupt_init
 .text._reset_section
                0x000000000100666c       0x60 zephyr/arch/arch/arm/core/aarch32/cortex_m/libarch__arm__core__aarch32__cortex_m.a(reset.S.obj)
                0x000000000100666c                __start
                0x000000000100666c                z_arm_reset
 .text.sys_arch_reboot
                0x00000000010066cc       0x24 zephyr/arch/arch/arm/core/aarch32/cortex_m/libarch__arm__core__aarch32__cortex_m.a(scb.c.obj)
                0x00000000010066cc                sys_arch_reboot
 .text.z_arm_clear_arm_mpu_config
                0x00000000010066f0       0x24 zephyr/arch/arch/arm/core/aarch32/cortex_m/libarch__arm__core__aarch32__cortex_m.a(scb.c.obj)
                0x00000000010066f0                z_arm_clear_arm_mpu_config
 .text.z_arm_init_arch_hw_at_boot
                0x0000000001006714       0x4c zephyr/arch/arch/arm/core/aarch32/cortex_m/libarch__arm__core__aarch32__cortex_m.a(scb.c.obj)
                0x0000000001006714                z_arm_init_arch_hw_at_boot
 .text.z_impl_k_thread_abort
                0x0000000001006760       0x2c zephyr/arch/arch/arm/core/aarch32/cortex_m/libarch__arm__core__aarch32__cortex_m.a(thread_abort.c.obj)
                0x0000000001006760                z_impl_k_thread_abort
 .text.z_arm_configure_static_mpu_regions
                0x000000000100678c       0x38 zephyr/arch/arch/arm/core/aarch32/mpu/libarch__arm__core__aarch32__mpu.a(arm_core_mpu.c.obj)
                0x000000000100678c                z_arm_configure_static_mpu_regions
 .text.region_init
                0x00000000010067c4       0x34 zephyr/arch/arch/arm/core/aarch32/mpu/libarch__arm__core__aarch32__mpu.a(arm_mpu.c.obj)
 .text.region_allocate_and_init.part.0
                0x00000000010067f8       0x30 zephyr/arch/arch/arm/core/aarch32/mpu/libarch__arm__core__aarch32__mpu.a(arm_mpu.c.obj)
 .text.mpu_configure_regions_and_partition.constprop.0
                0x0000000001006828      0x19c zephyr/arch/arch/arm/core/aarch32/mpu/libarch__arm__core__aarch32__mpu.a(arm_mpu.c.obj)
 .text.arm_core_mpu_enable
                0x00000000010069c4       0x18 zephyr/arch/arch/arm/core/aarch32/mpu/libarch__arm__core__aarch32__mpu.a(arm_mpu.c.obj)
                0x00000000010069c4                arm_core_mpu_enable
 .text.arm_core_mpu_disable
                0x00000000010069dc       0x14 zephyr/arch/arch/arm/core/aarch32/mpu/libarch__arm__core__aarch32__mpu.a(arm_mpu.c.obj)
                0x00000000010069dc                arm_core_mpu_disable
 .text.arm_core_mpu_configure_static_mpu_regions
                0x00000000010069f0       0x48 zephyr/arch/arch/arm/core/aarch32/mpu/libarch__arm__core__aarch32__mpu.a(arm_mpu.c.obj)
                0x00000000010069f0                arm_core_mpu_configure_static_mpu_regions
 .text.arm_core_mpu_mark_areas_for_dynamic_regions
                0x0000000001006a38       0xe8 zephyr/arch/arch/arm/core/aarch32/mpu/libarch__arm__core__aarch32__mpu.a(arm_mpu.c.obj)
                0x0000000001006a38                arm_core_mpu_mark_areas_for_dynamic_regions
 .text.z_arm_mpu_init
                0x0000000001006b20       0xa8 zephyr/arch/arch/arm/core/aarch32/mpu/libarch__arm__core__aarch32__mpu.a(arm_mpu.c.obj)
                0x0000000001006b20                z_arm_mpu_init
 .text.__stdout_hook_install
                0x0000000001006bc8        0xc zephyr/lib/libc/minimal/liblib__libc__minimal.a(stdout_console.c.obj)
                0x0000000001006bc8                __stdout_hook_install
 .text.snprintf
                0x0000000001006bd4       0x34 zephyr/lib/libc/minimal/liblib__libc__minimal.a(sprintf.c.obj)
                0x0000000001006bd4                snprintf
 .text.bt_hex   0x0000000001006c08       0x44 zephyr/subsys/bluetooth/common/libsubsys__bluetooth__common.a(bt_str.c.obj)
                0x0000000001006c08                bt_hex
 .text.bt_addr_le_str
                0x0000000001006c4c       0x7c zephyr/subsys/bluetooth/common/libsubsys__bluetooth__common.a(bt_str.c.obj)
                0x0000000001006c4c                bt_addr_le_str
 .text.sys_memcpy_swap.constprop.0
                0x0000000001006cc8       0x58 zephyr/subsys/bluetooth/host/libsubsys__bluetooth__host.a(hci_ecc.c.obj)
 .text.ecc_process
                0x0000000001006d20      0x1e4 zephyr/subsys/bluetooth/host/libsubsys__bluetooth__host.a(hci_ecc.c.obj)
 .text.le_gen_dhkey
                0x0000000001006f04       0x80 zephyr/subsys/bluetooth/host/libsubsys__bluetooth__host.a(hci_ecc.c.obj)
 .text.bt_hci_ecc_send
                0x0000000001006f84       0xd0 zephyr/subsys/bluetooth/host/libsubsys__bluetooth__host.a(hci_ecc.c.obj)
                0x0000000001006f84                bt_hci_ecc_send
 .text.save_id  0x0000000001007054       0x68 zephyr/subsys/bluetooth/host/libsubsys__bluetooth__host.a(settings.c.obj)
 .text.set_setting
                0x00000000010070bc       0xc4 zephyr/subsys/bluetooth/host/libsubsys__bluetooth__host.a(settings.c.obj)
 .text.bt_settings_encode_key
                0x0000000001007180       0x60 zephyr/subsys/bluetooth/host/libsubsys__bluetooth__host.a(settings.c.obj)
                0x0000000001007180                bt_settings_encode_key
 .text.bt_settings_save_id
                0x00000000010071e0        0xc zephyr/subsys/bluetooth/host/libsubsys__bluetooth__host.a(settings.c.obj)
                0x00000000010071e0                bt_settings_save_id
 .text.commit_settings
                0x00000000010071ec       0x88 zephyr/subsys/bluetooth/host/libsubsys__bluetooth__host.a(settings.c.obj)
 .text.bt_settings_init
                0x0000000001007274       0x3c zephyr/subsys/bluetooth/host/libsubsys__bluetooth__host.a(settings.c.obj)
                0x0000000001007274                bt_settings_init
 .text.long_wq_init
                0x00000000010072b0       0x38 zephyr/subsys/bluetooth/host/libsubsys__bluetooth__host.a(long_wq.c.obj)
 .text.bt_long_wq_schedule
                0x00000000010072e8        0xc zephyr/subsys/bluetooth/host/libsubsys__bluetooth__host.a(long_wq.c.obj)
                0x00000000010072e8                bt_long_wq_schedule
 .text.bt_long_wq_reschedule
                0x00000000010072f4        0xc zephyr/subsys/bluetooth/host/libsubsys__bluetooth__host.a(long_wq.c.obj)
                0x00000000010072f4                bt_long_wq_reschedule
 .text.bt_long_wq_submit
                0x0000000001007300        0xc zephyr/subsys/bluetooth/host/libsubsys__bluetooth__host.a(long_wq.c.obj)
                0x0000000001007300                bt_long_wq_submit
 .text.uuid_to_uuid128
                0x000000000100730c       0x6c zephyr/subsys/bluetooth/host/libsubsys__bluetooth__host.a(uuid.c.obj)
 .text.bt_buf_get_rx
                0x0000000001007378       0x58 zephyr/subsys/bluetooth/host/libsubsys__bluetooth__host.a(buf.c.obj)
                0x0000000001007378                bt_buf_get_rx
 .text.bt_buf_get_cmd_complete
                0x00000000010073d0       0x34 zephyr/subsys/bluetooth/host/libsubsys__bluetooth__host.a(buf.c.obj)
                0x00000000010073d0                bt_buf_get_cmd_complete
 .text.bt_buf_get_evt
                0x0000000001007404       0x58 zephyr/subsys/bluetooth/host/libsubsys__bluetooth__host.a(buf.c.obj)
                0x0000000001007404                bt_buf_get_evt
 .text.hci_disconn_complete_prio
                0x000000000100745c       0x48 zephyr/subsys/bluetooth/host/libsubsys__bluetooth__host.a(hci_core.c.obj)
 .text.find_pending_connect.part.0
                0x00000000010074a4       0x2c zephyr/subsys/bluetooth/host/libsubsys__bluetooth__host.a(hci_core.c.obj)
 .text.hci_data_buf_overflow
                0x00000000010074d0       0x30 zephyr/subsys/bluetooth/host/libsubsys__bluetooth__host.a(hci_core.c.obj)
 .text.le_conn_param_neg_reply.part.0
                0x0000000001007500       0x24 zephyr/subsys/bluetooth/host/libsubsys__bluetooth__host.a(hci_core.c.obj)
 .text.handle_event.part.0
                0x0000000001007524       0x48 zephyr/subsys/bluetooth/host/libsubsys__bluetooth__host.a(hci_core.c.obj)
 .text.hci_hardware_error
                0x000000000100756c       0x34 zephyr/subsys/bluetooth/host/libsubsys__bluetooth__host.a(hci_core.c.obj)
 .text.le_data_len_change
                0x00000000010075a0       0x40 zephyr/subsys/bluetooth/host/libsubsys__bluetooth__host.a(hci_core.c.obj)
 .text.le_phy_update_complete
                0x00000000010075e0       0x44 zephyr/subsys/bluetooth/host/libsubsys__bluetooth__host.a(hci_core.c.obj)
 .text.hci_disconn_complete
                0x0000000001007624       0x58 zephyr/subsys/bluetooth/host/libsubsys__bluetooth__host.a(hci_core.c.obj)
 .text.handle_event
                0x000000000100767c       0x60 zephyr/subsys/bluetooth/host/libsubsys__bluetooth__host.a(hci_core.c.obj)
 .text.hci_le_meta_event
                0x00000000010076dc       0x20 zephyr/subsys/bluetooth/host/libsubsys__bluetooth__host.a(hci_core.c.obj)
 .text.le_remote_feat_complete
                0x00000000010076fc       0x60 zephyr/subsys/bluetooth/host/libsubsys__bluetooth__host.a(hci_core.c.obj)
 .text.hci_cmd_done
                0x000000000100775c      0x130 zephyr/subsys/bluetooth/host/libsubsys__bluetooth__host.a(hci_core.c.obj)
 .text.hci_cmd_status
                0x000000000100788c       0x2c zephyr/subsys/bluetooth/host/libsubsys__bluetooth__host.a(hci_core.c.obj)
 .text.hci_cmd_complete
                0x00000000010078b8       0x30 zephyr/subsys/bluetooth/host/libsubsys__bluetooth__host.a(hci_core.c.obj)
 .text.hci_tx_thread
                0x00000000010078e8      0x194 zephyr/subsys/bluetooth/host/libsubsys__bluetooth__host.a(hci_core.c.obj)
 .text.hci_num_completed_packets
                0x0000000001007a7c      0x118 zephyr/subsys/bluetooth/host/libsubsys__bluetooth__host.a(hci_core.c.obj)
 .text.le_conn_update_complete
                0x0000000001007b94       0xd4 zephyr/subsys/bluetooth/host/libsubsys__bluetooth__host.a(hci_core.c.obj)
 .text.bt_hci_cmd_state_set_init
                0x0000000001007c68       0x24 zephyr/subsys/bluetooth/host/libsubsys__bluetooth__host.a(hci_core.c.obj)
                0x0000000001007c68                bt_hci_cmd_state_set_init
 .text.bt_hci_cmd_create
                0x0000000001007c8c       0x9c zephyr/subsys/bluetooth/host/libsubsys__bluetooth__host.a(hci_core.c.obj)
                0x0000000001007c8c                bt_hci_cmd_create
 .text.bt_hci_cmd_send
                0x0000000001007d28       0x6c zephyr/subsys/bluetooth/host/libsubsys__bluetooth__host.a(hci_core.c.obj)
                0x0000000001007d28                bt_hci_cmd_send
 .text.le_ltk_request
                0x0000000001007d94       0xd0 zephyr/subsys/bluetooth/host/libsubsys__bluetooth__host.a(hci_core.c.obj)
 .text.le_conn_param_req
                0x0000000001007e64       0xd4 zephyr/subsys/bluetooth/host/libsubsys__bluetooth__host.a(hci_core.c.obj)
 .text.bt_hci_cmd_send_sync
                0x0000000001007f38       0xf8 zephyr/subsys/bluetooth/host/libsubsys__bluetooth__host.a(hci_core.c.obj)
                0x0000000001007f38                bt_hci_cmd_send_sync
 .text.hci_le_read_max_data_len
                0x0000000001008030       0x50 zephyr/subsys/bluetooth/host/libsubsys__bluetooth__host.a(hci_core.c.obj)
 .text.bt_hci_le_rand
                0x0000000001008080       0x58 zephyr/subsys/bluetooth/host/libsubsys__bluetooth__host.a(hci_core.c.obj)
                0x0000000001008080                bt_hci_le_rand
 .text.bt_hci_le_enh_conn_complete
                0x00000000010080d8      0x304 zephyr/subsys/bluetooth/host/libsubsys__bluetooth__host.a(hci_core.c.obj)
                0x00000000010080d8                bt_hci_le_enh_conn_complete
 .text.le_legacy_conn_complete
                0x00000000010083dc       0x68 zephyr/subsys/bluetooth/host/libsubsys__bluetooth__host.a(hci_core.c.obj)
 .text.bt_security_err_get
                0x0000000001008444       0x10 zephyr/subsys/bluetooth/host/libsubsys__bluetooth__host.a(hci_core.c.obj)
                0x0000000001008444                bt_security_err_get
 .text.hci_encrypt_key_refresh_complete
                0x0000000001008454       0xa8 zephyr/subsys/bluetooth/host/libsubsys__bluetooth__host.a(hci_core.c.obj)
 .text.hci_encrypt_change
                0x00000000010084fc       0xbc zephyr/subsys/bluetooth/host/libsubsys__bluetooth__host.a(hci_core.c.obj)
 .text.hci_event_prio
                0x00000000010085b8       0xa4 zephyr/subsys/bluetooth/host/libsubsys__bluetooth__host.a(hci_core.c.obj)
                0x00000000010085b8                hci_event_prio
 .text.bt_recv  0x000000000100865c      0x164 zephyr/subsys/bluetooth/host/libsubsys__bluetooth__host.a(hci_core.c.obj)
                0x000000000100865c                bt_recv
 .text.bt_recv_prio
                0x00000000010087c0       0x3c zephyr/subsys/bluetooth/host/libsubsys__bluetooth__host.a(hci_core.c.obj)
                0x00000000010087c0                bt_recv_prio
 .text.bt_hci_driver_register
                0x00000000010087fc       0x28 zephyr/subsys/bluetooth/host/libsubsys__bluetooth__host.a(hci_core.c.obj)
                0x00000000010087fc                bt_hci_driver_register
 .text.bt_finalize_init
                0x0000000001008824        0xc zephyr/subsys/bluetooth/host/libsubsys__bluetooth__host.a(hci_core.c.obj)
                0x0000000001008824                bt_finalize_init
 .text.bt_init.part.0
                0x0000000001008830       0x40 zephyr/subsys/bluetooth/host/libsubsys__bluetooth__host.a(hci_core.c.obj)
 .text.init_work
                0x0000000001008870       0x18 zephyr/subsys/bluetooth/host/libsubsys__bluetooth__host.a(hci_core.c.obj)
 .text.bt_enable
                0x0000000001008888      0x100 zephyr/subsys/bluetooth/host/libsubsys__bluetooth__host.a(hci_core.c.obj)
                0x0000000001008888                bt_enable
 .text.bt_is_ready
                0x0000000001008988       0x10 zephyr/subsys/bluetooth/host/libsubsys__bluetooth__host.a(hci_core.c.obj)
                0x0000000001008988                bt_is_ready
 .text.bt_get_name
                0x0000000001008998        0x8 zephyr/subsys/bluetooth/host/libsubsys__bluetooth__host.a(hci_core.c.obj)
                0x0000000001008998                bt_get_name
 .text.id_find  0x00000000010089a0       0x30 zephyr/subsys/bluetooth/host/libsubsys__bluetooth__host.a(id.c.obj)
 .text.id_create.constprop.0
                0x00000000010089d0       0x70 zephyr/subsys/bluetooth/host/libsubsys__bluetooth__host.a(id.c.obj)
 .text.set_random_address
                0x0000000001008a40       0x58 zephyr/subsys/bluetooth/host/libsubsys__bluetooth__host.a(id.c.obj)
 .text.find_rl_conflict
                0x0000000001008a98       0xd4 zephyr/subsys/bluetooth/host/libsubsys__bluetooth__host.a(id.c.obj)
                0x0000000001008a98                find_rl_conflict
 .text.bt_id_add.part.0
                0x0000000001008b6c      0x168 zephyr/subsys/bluetooth/host/libsubsys__bluetooth__host.a(id.c.obj)
 .text.bt_id_pending_keys_update
                0x0000000001008cd4       0x2c zephyr/subsys/bluetooth/host/libsubsys__bluetooth__host.a(id.c.obj)
                0x0000000001008cd4                bt_id_pending_keys_update
 .text.bt_id_find_conflict
                0x0000000001008d00       0x20 zephyr/subsys/bluetooth/host/libsubsys__bluetooth__host.a(id.c.obj)
                0x0000000001008d00                bt_id_find_conflict
 .text.bt_id_add
                0x0000000001008d20       0x34 zephyr/subsys/bluetooth/host/libsubsys__bluetooth__host.a(id.c.obj)
                0x0000000001008d20                bt_id_add
 .text.bt_id_del
                0x0000000001008d54      0x170 zephyr/subsys/bluetooth/host/libsubsys__bluetooth__host.a(id.c.obj)
                0x0000000001008d54                bt_id_del
 .text.bt_id_get
                0x0000000001008ec4       0x24 zephyr/subsys/bluetooth/host/libsubsys__bluetooth__host.a(id.c.obj)
                0x0000000001008ec4                bt_id_get
 .text.bt_id_create
                0x0000000001008ee8       0xa8 zephyr/subsys/bluetooth/host/libsubsys__bluetooth__host.a(id.c.obj)
                0x0000000001008ee8                bt_id_create
 .text.bt_id_read_public_addr
                0x0000000001008f90       0x88 zephyr/subsys/bluetooth/host/libsubsys__bluetooth__host.a(id.c.obj)
                0x0000000001008f90                bt_id_read_public_addr
 .text.bt_setup_public_id_addr
                0x0000000001009018       0x20 zephyr/subsys/bluetooth/host/libsubsys__bluetooth__host.a(id.c.obj)
                0x0000000001009018                bt_setup_public_id_addr
 .text.bt_read_static_addr
                0x0000000001009038       0xa4 zephyr/subsys/bluetooth/host/libsubsys__bluetooth__host.a(id.c.obj)
                0x0000000001009038                bt_read_static_addr
 .text.bt_setup_random_id_addr
                0x00000000010090dc       0x5c zephyr/subsys/bluetooth/host/libsubsys__bluetooth__host.a(id.c.obj)
                0x00000000010090dc                bt_setup_random_id_addr
 .text.bt_id_set_adv_own_addr
                0x0000000001009138       0xac zephyr/subsys/bluetooth/host/libsubsys__bluetooth__host.a(id.c.obj)
                0x0000000001009138                bt_id_set_adv_own_addr
 .text.hci_set_ad
                0x00000000010091e4       0xe0 zephyr/subsys/bluetooth/host/libsubsys__bluetooth__host.a(adv.c.obj)
 .text.le_adv_start_add_conn
                0x00000000010092c4       0x6c zephyr/subsys/bluetooth/host/libsubsys__bluetooth__host.a(adv.c.obj)
 .text.valid_adv_param
                0x0000000001009330       0x84 zephyr/subsys/bluetooth/host/libsubsys__bluetooth__host.a(adv.c.obj)
 .text.bt_le_ext_adv_foreach
                0x00000000010093b4        0xc zephyr/subsys/bluetooth/host/libsubsys__bluetooth__host.a(adv.c.obj)
                0x00000000010093b4                bt_le_ext_adv_foreach
 .text.bt_le_adv_lookup_legacy
                0x00000000010093c0        0x8 zephyr/subsys/bluetooth/host/libsubsys__bluetooth__host.a(adv.c.obj)
                0x00000000010093c0                bt_le_adv_lookup_legacy
 .text.bt_le_adv_start_legacy
                0x00000000010093c8      0x274 zephyr/subsys/bluetooth/host/libsubsys__bluetooth__host.a(adv.c.obj)
                0x00000000010093c8                bt_le_adv_start_legacy
 .text.bt_le_adv_start
                0x000000000100963c       0x64 zephyr/subsys/bluetooth/host/libsubsys__bluetooth__host.a(adv.c.obj)
                0x000000000100963c                bt_le_adv_start
 .text.bt_le_adv_stop
                0x00000000010096a0       0x84 zephyr/subsys/bluetooth/host/libsubsys__bluetooth__host.a(adv.c.obj)
                0x00000000010096a0                bt_le_adv_stop
 .text.adv_timeout
                0x0000000001009724       0x30 zephyr/subsys/bluetooth/host/libsubsys__bluetooth__host.a(adv.c.obj)
 .text.bt_le_adv_resume
                0x0000000001009754       0x80 zephyr/subsys/bluetooth/host/libsubsys__bluetooth__host.a(adv.c.obj)
                0x0000000001009754                bt_le_adv_resume
 .text.bt_pub_key_is_debug
                0x00000000010097d4       0x18 zephyr/subsys/bluetooth/host/libsubsys__bluetooth__host.a(ecc.c.obj)
                0x00000000010097d4                bt_pub_key_is_debug
 .text.bt_pub_key_gen
                0x00000000010097ec      0x114 zephyr/subsys/bluetooth/host/libsubsys__bluetooth__host.a(ecc.c.obj)
                0x00000000010097ec                bt_pub_key_gen
 .text.bt_pub_key_get
                0x0000000001009900       0x1c zephyr/subsys/bluetooth/host/libsubsys__bluetooth__host.a(ecc.c.obj)
                0x0000000001009900                bt_pub_key_get
 .text.bt_dh_key_gen
                0x000000000100991c       0xac zephyr/subsys/bluetooth/host/libsubsys__bluetooth__host.a(ecc.c.obj)
                0x000000000100991c                bt_dh_key_gen
 .text.bt_hci_evt_le_pkey_complete
                0x00000000010099c8       0x6c zephyr/subsys/bluetooth/host/libsubsys__bluetooth__host.a(ecc.c.obj)
                0x00000000010099c8                bt_hci_evt_le_pkey_complete
 .text.bt_hci_evt_le_dhkey_complete
                0x0000000001009a34       0x1c zephyr/subsys/bluetooth/host/libsubsys__bluetooth__host.a(ecc.c.obj)
                0x0000000001009a34                bt_hci_evt_le_dhkey_complete
 .text.notify_connected
                0x0000000001009a50       0x6c zephyr/subsys/bluetooth/host/libsubsys__bluetooth__host.a(conn.c.obj)
 .text.tx_notify
                0x0000000001009abc       0x60 zephyr/subsys/bluetooth/host/libsubsys__bluetooth__host.a(conn.c.obj)
 .text.conn_tx_destroy
                0x0000000001009b1c       0x4c zephyr/subsys/bluetooth/host/libsubsys__bluetooth__host.a(conn.c.obj)
 .text.send_frag
                0x0000000001009b68      0x164 zephyr/subsys/bluetooth/host/libsubsys__bluetooth__host.a(conn.c.obj)
 .text.bt_conn_get_pkts
                0x0000000001009ccc        0x8 zephyr/subsys/bluetooth/host/libsubsys__bluetooth__host.a(conn.c.obj)
                0x0000000001009ccc                bt_conn_get_pkts
 .text.bt_conn_new
                0x0000000001009cd4       0x5c zephyr/subsys/bluetooth/host/libsubsys__bluetooth__host.a(conn.c.obj)
                0x0000000001009cd4                bt_conn_new
 .text.conn_cleanup
                0x0000000001009d30       0x94 zephyr/subsys/bluetooth/host/libsubsys__bluetooth__host.a(conn.c.obj)
 .text.bt_conn_recv
                0x0000000001009dc4      0x138 zephyr/subsys/bluetooth/host/libsubsys__bluetooth__host.a(conn.c.obj)
                0x0000000001009dc4                bt_conn_recv
 .text.bt_conn_send_cb
                0x0000000001009efc       0xd0 zephyr/subsys/bluetooth/host/libsubsys__bluetooth__host.a(conn.c.obj)
                0x0000000001009efc                bt_conn_send_cb
 .text.bt_conn_prepare_events
                0x0000000001009fcc       0x80 zephyr/subsys/bluetooth/host/libsubsys__bluetooth__host.a(conn.c.obj)
                0x0000000001009fcc                bt_conn_prepare_events
 .text.bt_conn_ref
                0x000000000100a04c       0x50 zephyr/subsys/bluetooth/host/libsubsys__bluetooth__host.a(conn.c.obj)
                0x000000000100a04c                bt_conn_ref
 .text.bt_conn_unref
                0x000000000100a09c       0x60 zephyr/subsys/bluetooth/host/libsubsys__bluetooth__host.a(conn.c.obj)
                0x000000000100a09c                bt_conn_unref
 .text.bt_conn_lookup_handle
                0x000000000100a0fc       0x10 zephyr/subsys/bluetooth/host/libsubsys__bluetooth__host.a(conn.c.obj)
                0x000000000100a0fc                bt_conn_lookup_handle
 .text.bt_conn_set_state
                0x000000000100a10c      0x1e8 zephyr/subsys/bluetooth/host/libsubsys__bluetooth__host.a(conn.c.obj)
                0x000000000100a10c                bt_conn_set_state
 .text.bt_conn_foreach
                0x000000000100a2f4       0x40 zephyr/subsys/bluetooth/host/libsubsys__bluetooth__host.a(conn.c.obj)
                0x000000000100a2f4                bt_conn_foreach
 .text.bt_conn_index
                0x000000000100a334       0x50 zephyr/subsys/bluetooth/host/libsubsys__bluetooth__host.a(conn.c.obj)
                0x000000000100a334                bt_conn_index
 .text.bt_conn_create_pdu_timeout
                0x000000000100a384       0x7c zephyr/subsys/bluetooth/host/libsubsys__bluetooth__host.a(conn.c.obj)
                0x000000000100a384                bt_conn_create_pdu_timeout
 .text.notify_le_param_updated
                0x000000000100a400       0xb0 zephyr/subsys/bluetooth/host/libsubsys__bluetooth__host.a(conn.c.obj)
                0x000000000100a400                notify_le_param_updated
 .text.le_param_req
                0x000000000100a4b0       0xa4 zephyr/subsys/bluetooth/host/libsubsys__bluetooth__host.a(conn.c.obj)
                0x000000000100a4b0                le_param_req
 .text.bt_conn_identity_resolved
                0x000000000100a554       0x8c zephyr/subsys/bluetooth/host/libsubsys__bluetooth__host.a(conn.c.obj)
                0x000000000100a554                bt_conn_identity_resolved
 .text.bt_conn_security_changed
                0x000000000100a5e0       0x7c zephyr/subsys/bluetooth/host/libsubsys__bluetooth__host.a(conn.c.obj)
                0x000000000100a5e0                bt_conn_security_changed
 .text.bt_conn_add_le
                0x000000000100a65c       0x38 zephyr/subsys/bluetooth/host/libsubsys__bluetooth__host.a(conn.c.obj)
                0x000000000100a65c                bt_conn_add_le
 .text.bt_conn_lookup_addr_le
                0x000000000100a694       0x48 zephyr/subsys/bluetooth/host/libsubsys__bluetooth__host.a(conn.c.obj)
                0x000000000100a694                bt_conn_lookup_addr_le
 .text.bt_conn_exists_le
                0x000000000100a6dc       0x60 zephyr/subsys/bluetooth/host/libsubsys__bluetooth__host.a(conn.c.obj)
                0x000000000100a6dc                bt_conn_exists_le
 .text.bt_conn_lookup_state_le
                0x000000000100a73c       0x5c zephyr/subsys/bluetooth/host/libsubsys__bluetooth__host.a(conn.c.obj)
                0x000000000100a73c                bt_conn_lookup_state_le
 .text.send_conn_le_param_update
                0x000000000100a798       0x68 zephyr/subsys/bluetooth/host/libsubsys__bluetooth__host.a(conn.c.obj)
 .text.deferred_work
                0x000000000100a800      0x13c zephyr/subsys/bluetooth/host/libsubsys__bluetooth__host.a(conn.c.obj)
 .text.bt_conn_create_frag_timeout
                0x000000000100a93c        0xc zephyr/subsys/bluetooth/host/libsubsys__bluetooth__host.a(conn.c.obj)
                0x000000000100a93c                bt_conn_create_frag_timeout
 .text.create_frag
                0x000000000100a948       0x6c zephyr/subsys/bluetooth/host/libsubsys__bluetooth__host.a(conn.c.obj)
 .text.bt_conn_process_tx
                0x000000000100a9b4       0xd0 zephyr/subsys/bluetooth/host/libsubsys__bluetooth__host.a(conn.c.obj)
                0x000000000100a9b4                bt_conn_process_tx
 .text.bt_conn_auth_cb_register
                0x000000000100aa84       0x34 zephyr/subsys/bluetooth/host/libsubsys__bluetooth__host.a(conn.c.obj)
                0x000000000100aa84                bt_conn_auth_cb_register
 .text.bt_conn_auth_info_cb_register
                0x000000000100aab8       0x28 zephyr/subsys/bluetooth/host/libsubsys__bluetooth__host.a(conn.c.obj)
                0x000000000100aab8                bt_conn_auth_info_cb_register
 .text.bt_conn_init
                0x000000000100aae0       0x44 zephyr/subsys/bluetooth/host/libsubsys__bluetooth__host.a(conn.c.obj)
                0x000000000100aae0                bt_conn_init
 .text.get_ident
                0x000000000100ab24       0x18 zephyr/subsys/bluetooth/host/libsubsys__bluetooth__host.a(l2cap.c.obj)
 .text.l2cap_create_le_sig_pdu.part.0
                0x000000000100ab3c       0x2c zephyr/subsys/bluetooth/host/libsubsys__bluetooth__host.a(l2cap.c.obj)
 .text.l2cap_create_le_sig_pdu.constprop.0
                0x000000000100ab68       0x44 zephyr/subsys/bluetooth/host/libsubsys__bluetooth__host.a(l2cap.c.obj)
 .text.l2cap_accept.part.0
                0x000000000100abac       0x30 zephyr/subsys/bluetooth/host/libsubsys__bluetooth__host.a(l2cap.c.obj)
 .text.l2cap_accept
                0x000000000100abdc       0x34 zephyr/subsys/bluetooth/host/libsubsys__bluetooth__host.a(l2cap.c.obj)
 .text.l2cap_chan_rx_init
                0x000000000100ac10       0x84 zephyr/subsys/bluetooth/host/libsubsys__bluetooth__host.a(l2cap.c.obj)
 .text.l2cap_chan_tx_init
                0x000000000100ac94       0x3c zephyr/subsys/bluetooth/host/libsubsys__bluetooth__host.a(l2cap.c.obj)
 .text.l2cap_rtx_timeout
                0x000000000100acd0       0x58 zephyr/subsys/bluetooth/host/libsubsys__bluetooth__host.a(l2cap.c.obj)
 .text.l2cap_chan_le_send
                0x000000000100ad28      0x20c zephyr/subsys/bluetooth/host/libsubsys__bluetooth__host.a(l2cap.c.obj)
 .text.l2cap_chan_send_credits.isra.0
                0x000000000100af34      0x118 zephyr/subsys/bluetooth/host/libsubsys__bluetooth__host.a(l2cap.c.obj)
 .text.l2cap_chan_sdu_sent
                0x000000000100b04c       0x74 zephyr/subsys/bluetooth/host/libsubsys__bluetooth__host.a(l2cap.c.obj)
 .text.l2cap_chan_add
                0x000000000100b0c0       0xa8 zephyr/subsys/bluetooth/host/libsubsys__bluetooth__host.a(l2cap.c.obj)
 .text.bt_l2cap_connected
                0x000000000100b168       0x98 zephyr/subsys/bluetooth/host/libsubsys__bluetooth__host.a(l2cap.c.obj)
                0x000000000100b168                bt_l2cap_connected
 .text.bt_l2cap_server_lookup_psm
                0x000000000100b200       0x1c zephyr/subsys/bluetooth/host/libsubsys__bluetooth__host.a(l2cap.c.obj)
                0x000000000100b200                bt_l2cap_server_lookup_psm
 .text.bt_l2cap_init
                0x000000000100b21c       0x34 zephyr/subsys/bluetooth/host/libsubsys__bluetooth__host.a(l2cap.c.obj)
                0x000000000100b21c                bt_l2cap_init
 .text.l2cap_chan_le_recv_seg
                0x000000000100b250      0x188 zephyr/subsys/bluetooth/host/libsubsys__bluetooth__host.a(l2cap.c.obj)
 .text.l2cap_chan_le_recv
                0x000000000100b3d8      0x118 zephyr/subsys/bluetooth/host/libsubsys__bluetooth__host.a(l2cap.c.obj)
 .text.bt_l2cap_recv
                0x000000000100b4f0       0xec zephyr/subsys/bluetooth/host/libsubsys__bluetooth__host.a(l2cap.c.obj)
                0x000000000100b4f0                bt_l2cap_recv
 .text.l2cap_recv
                0x000000000100b5dc      0x514 zephyr/subsys/bluetooth/host/libsubsys__bluetooth__host.a(l2cap.c.obj)
 .text.att_op_get_type
                0x000000000100baf0       0x74 zephyr/subsys/bluetooth/host/libsubsys__bluetooth__host.a(att.c.obj)
 .text.bt_att_released
                0x000000000100bb64       0x18 zephyr/subsys/bluetooth/host/libsubsys__bluetooth__host.a(att.c.obj)
 .text.tx_meta_data_free
                0x000000000100bb7c       0x40 zephyr/subsys/bluetooth/host/libsubsys__bluetooth__host.a(att.c.obj)
 .text.find_type_cb
                0x000000000100bbbc      0x180 zephyr/subsys/bluetooth/host/libsubsys__bluetooth__host.a(att.c.obj)
 .text.chan_send
                0x000000000100bd3c       0xe8 zephyr/subsys/bluetooth/host/libsubsys__bluetooth__host.a(att.c.obj)
 .text.bt_att_chan_req_send
                0x000000000100be24       0x84 zephyr/subsys/bluetooth/host/libsubsys__bluetooth__host.a(att.c.obj)
 .text.att_get  0x000000000100bea8       0x88 zephyr/subsys/bluetooth/host/libsubsys__bluetooth__host.a(att.c.obj)
 .text.bt_att_connected
                0x000000000100bf30       0x40 zephyr/subsys/bluetooth/host/libsubsys__bluetooth__host.a(att.c.obj)
 .text.read_group_cb
                0x000000000100bf70       0xac zephyr/subsys/bluetooth/host/libsubsys__bluetooth__host.a(att.c.obj)
 .text.read_type_cb
                0x000000000100c01c       0xa0 zephyr/subsys/bluetooth/host/libsubsys__bluetooth__host.a(att.c.obj)
 .text.bt_att_accept
                0x000000000100c0bc      0x118 zephyr/subsys/bluetooth/host/libsubsys__bluetooth__host.a(att.c.obj)
 .text.bt_att_chan_create_pdu
                0x000000000100c1d4       0xd4 zephyr/subsys/bluetooth/host/libsubsys__bluetooth__host.a(att.c.obj)
                0x000000000100c1d4                bt_att_chan_create_pdu
 .text.bt_att_recv
                0x000000000100c2a8      0x160 zephyr/subsys/bluetooth/host/libsubsys__bluetooth__host.a(att.c.obj)
 .text.att_write_rsp.constprop.0
                0x000000000100c408       0xc8 zephyr/subsys/bluetooth/host/libsubsys__bluetooth__host.a(att.c.obj)
 .text.bt_att_create_pdu
                0x000000000100c4d0       0x7c zephyr/subsys/bluetooth/host/libsubsys__bluetooth__host.a(att.c.obj)
                0x000000000100c4d0                bt_att_create_pdu
 .text.att_read_group_req
                0x000000000100c54c       0xfc zephyr/subsys/bluetooth/host/libsubsys__bluetooth__host.a(att.c.obj)
 .text.att_read_mult_vl_req
                0x000000000100c648       0xa8 zephyr/subsys/bluetooth/host/libsubsys__bluetooth__host.a(att.c.obj)
 .text.att_read_mult_req
                0x000000000100c6f0       0xa8 zephyr/subsys/bluetooth/host/libsubsys__bluetooth__host.a(att.c.obj)
 .text.att_read_rsp
                0x000000000100c798       0xa0 zephyr/subsys/bluetooth/host/libsubsys__bluetooth__host.a(att.c.obj)
 .text.att_read_type_req
                0x000000000100c838       0xc4 zephyr/subsys/bluetooth/host/libsubsys__bluetooth__host.a(att.c.obj)
 .text.att_find_type_req
                0x000000000100c8fc       0xd0 zephyr/subsys/bluetooth/host/libsubsys__bluetooth__host.a(att.c.obj)
 .text.att_find_info_req
                0x000000000100c9cc       0x78 zephyr/subsys/bluetooth/host/libsubsys__bluetooth__host.a(att.c.obj)
 .text.bt_att_init
                0x000000000100ca44       0x38 zephyr/subsys/bluetooth/host/libsubsys__bluetooth__host.a(att.c.obj)
                0x000000000100ca44                bt_att_init
 .text.bt_att_req_alloc
                0x000000000100ca7c       0x44 zephyr/subsys/bluetooth/host/libsubsys__bluetooth__host.a(att.c.obj)
                0x000000000100ca7c                bt_att_req_alloc
 .text.bt_att_req_free
                0x000000000100cac0       0x30 zephyr/subsys/bluetooth/host/libsubsys__bluetooth__host.a(att.c.obj)
                0x000000000100cac0                bt_att_req_free
 .text.att_handle_rsp
                0x000000000100caf0       0x90 zephyr/subsys/bluetooth/host/libsubsys__bluetooth__host.a(att.c.obj)
 .text.bt_att_disconnected
                0x000000000100cb80       0xc8 zephyr/subsys/bluetooth/host/libsubsys__bluetooth__host.a(att.c.obj)
 .text.att_timeout
                0x000000000100cc48       0x30 zephyr/subsys/bluetooth/host/libsubsys__bluetooth__host.a(att.c.obj)
 .text.bt_att_send
                0x000000000100cc78       0xc4 zephyr/subsys/bluetooth/host/libsubsys__bluetooth__host.a(att.c.obj)
                0x000000000100cc78                bt_att_send
 .text.bt_att_req_send
                0x000000000100cd3c       0x6c zephyr/subsys/bluetooth/host/libsubsys__bluetooth__host.a(att.c.obj)
                0x000000000100cd3c                bt_att_req_send
 .text.find_cf_cfg
                0x000000000100cda8       0x44 zephyr/subsys/bluetooth/host/libsubsys__bluetooth__host.a(gatt.c.obj)
 .text.find_sc_cfg
                0x000000000100cdec       0x38 zephyr/subsys/bluetooth/host/libsubsys__bluetooth__host.a(gatt.c.obj)
 .text.find_ccc_cfg
                0x000000000100ce24       0x38 zephyr/subsys/bluetooth/host/libsubsys__bluetooth__host.a(gatt.c.obj)
 .text.find_cf_cfg_by_addr
                0x000000000100ce5c       0x38 zephyr/subsys/bluetooth/host/libsubsys__bluetooth__host.a(gatt.c.obj)
 .text.ccc_load
                0x000000000100ce94       0x8c zephyr/subsys/bluetooth/host/libsubsys__bluetooth__host.a(gatt.c.obj)
 .text.bt_gatt_service_init
                0x000000000100cf20       0x7c zephyr/subsys/bluetooth/host/libsubsys__bluetooth__host.a(gatt.c.obj)
 .text.gatt_ccc_conn_enqueue
                0x000000000100cf9c       0x48 zephyr/subsys/bluetooth/host/libsubsys__bluetooth__host.a(gatt.c.obj)
 .text.ccc_set_direct.part.0
                0x000000000100cfe4       0x28 zephyr/subsys/bluetooth/host/libsubsys__bluetooth__host.a(gatt.c.obj)
 .text.sc_set   0x000000000100d00c      0x144 zephyr/subsys/bluetooth/host/libsubsys__bluetooth__host.a(gatt.c.obj)
 .text.db_hash_commit
                0x000000000100d150       0x54 zephyr/subsys/bluetooth/host/libsubsys__bluetooth__host.a(gatt.c.obj)
 .text.sc_store
                0x000000000100d1a4       0x68 zephyr/subsys/bluetooth/host/libsubsys__bluetooth__host.a(gatt.c.obj)
 .text.sc_save  0x000000000100d20c       0x88 zephyr/subsys/bluetooth/host/libsubsys__bluetooth__host.a(gatt.c.obj)
 .text.cf_write
                0x000000000100d294       0xa8 zephyr/subsys/bluetooth/host/libsubsys__bluetooth__host.a(gatt.c.obj)
 .text.db_hash_store
                0x000000000100d33c       0x44 zephyr/subsys/bluetooth/host/libsubsys__bluetooth__host.a(gatt.c.obj)
 .text.db_hash_set
                0x000000000100d380       0x48 zephyr/subsys/bluetooth/host/libsubsys__bluetooth__host.a(gatt.c.obj)
 .text.clear_cf_cfg
                0x000000000100d3c8       0x30 zephyr/subsys/bluetooth/host/libsubsys__bluetooth__host.a(gatt.c.obj)
 .text.cf_set   0x000000000100d3f8      0x138 zephyr/subsys/bluetooth/host/libsubsys__bluetooth__host.a(gatt.c.obj)
 .text.remove_peer_from_attr
                0x000000000100d530       0x28 zephyr/subsys/bluetooth/host/libsubsys__bluetooth__host.a(gatt.c.obj)
 .text.ccc_save
                0x000000000100d558       0x38 zephyr/subsys/bluetooth/host/libsubsys__bluetooth__host.a(gatt.c.obj)
 .text.sc_indicate.part.0
                0x000000000100d590       0x10 zephyr/subsys/bluetooth/host/libsubsys__bluetooth__host.a(gatt.c.obj)
 .text.sc_commit
                0x000000000100d5a0       0x24 zephyr/subsys/bluetooth/host/libsubsys__bluetooth__host.a(gatt.c.obj)
 .text.db_changed
                0x000000000100d5c4       0x78 zephyr/subsys/bluetooth/host/libsubsys__bluetooth__host.a(gatt.c.obj)
 .text.bt_gatt_clear_sc
                0x000000000100d63c       0x74 zephyr/subsys/bluetooth/host/libsubsys__bluetooth__host.a(gatt.c.obj)
 .text.sc_clear
                0x000000000100d6b0       0x5c zephyr/subsys/bluetooth/host/libsubsys__bluetooth__host.a(gatt.c.obj)
 .text.sc_indicate
                0x000000000100d70c       0x4c zephyr/subsys/bluetooth/host/libsubsys__bluetooth__host.a(gatt.c.obj)
 .text.read_ppcp
                0x000000000100d758       0x38 zephyr/subsys/bluetooth/host/libsubsys__bluetooth__host.a(gatt.c.obj)
 .text.bt_gatt_attr_write_ccc
                0x000000000100d790       0xd4 zephyr/subsys/bluetooth/host/libsubsys__bluetooth__host.a(gatt.c.obj)
                0x000000000100d790                bt_gatt_attr_write_ccc
 .text.disconnected_cb
                0x000000000100d864       0xb8 zephyr/subsys/bluetooth/host/libsubsys__bluetooth__host.a(gatt.c.obj)
 .text.sc_indicate_rsp
                0x000000000100d91c       0x50 zephyr/subsys/bluetooth/host/libsubsys__bluetooth__host.a(gatt.c.obj)
 .text.bt_gatt_init
                0x000000000100d96c       0x7c zephyr/subsys/bluetooth/host/libsubsys__bluetooth__host.a(gatt.c.obj)
                0x000000000100d96c                bt_gatt_init
 .text.bt_gatt_attr_get_handle
                0x000000000100d9e8       0x90 zephyr/subsys/bluetooth/host/libsubsys__bluetooth__host.a(gatt.c.obj)
                0x000000000100d9e8                bt_gatt_attr_get_handle
 .text.bt_gatt_foreach_attr_type
                0x000000000100da78      0x124 zephyr/subsys/bluetooth/host/libsubsys__bluetooth__host.a(gatt.c.obj)
                0x000000000100da78                bt_gatt_foreach_attr_type
 .text.db_hash_gen
                0x000000000100db9c       0x90 zephyr/subsys/bluetooth/host/libsubsys__bluetooth__host.a(gatt.c.obj)
 .text.db_hash_read
                0x000000000100dc2c       0x7c zephyr/subsys/bluetooth/host/libsubsys__bluetooth__host.a(gatt.c.obj)
 .text.db_hash_process
                0x000000000100dca8       0x6c zephyr/subsys/bluetooth/host/libsubsys__bluetooth__host.a(gatt.c.obj)
 .text.bt_gatt_service_register
                0x000000000100dd14      0x21c zephyr/subsys/bluetooth/host/libsubsys__bluetooth__host.a(gatt.c.obj)
                0x000000000100dd14                bt_gatt_service_register
 .text.ccc_set_direct
                0x000000000100df30      0x12c zephyr/subsys/bluetooth/host/libsubsys__bluetooth__host.a(gatt.c.obj)
 .text.bt_gatt_attr_next
                0x000000000100e05c       0x24 zephyr/subsys/bluetooth/host/libsubsys__bluetooth__host.a(gatt.c.obj)
                0x000000000100e05c                bt_gatt_attr_next
 .text.bt_gatt_is_subscribed
                0x000000000100e080      0x19c zephyr/subsys/bluetooth/host/libsubsys__bluetooth__host.a(gatt.c.obj)
                0x000000000100e080                bt_gatt_is_subscribed
 .text.gatt_indicate
                0x000000000100e21c      0x108 zephyr/subsys/bluetooth/host/libsubsys__bluetooth__host.a(gatt.c.obj)
 .text.bt_gatt_indicate
                0x000000000100e324      0x144 zephyr/subsys/bluetooth/host/libsubsys__bluetooth__host.a(gatt.c.obj)
                0x000000000100e324                bt_gatt_indicate
 .text.sc_process
                0x000000000100e468       0x98 zephyr/subsys/bluetooth/host/libsubsys__bluetooth__host.a(gatt.c.obj)
 .text.update_ccc
                0x000000000100e500      0x120 zephyr/subsys/bluetooth/host/libsubsys__bluetooth__host.a(gatt.c.obj)
 .text.gatt_notify
                0x000000000100e620       0xd4 zephyr/subsys/bluetooth/host/libsubsys__bluetooth__host.a(gatt.c.obj)
 .text.bt_gatt_notify_cb
                0x000000000100e6f4      0x13c zephyr/subsys/bluetooth/host/libsubsys__bluetooth__host.a(gatt.c.obj)
                0x000000000100e6f4                bt_gatt_notify_cb
 .text.notify_cb
                0x000000000100e830      0x13c zephyr/subsys/bluetooth/host/libsubsys__bluetooth__host.a(gatt.c.obj)
 .text.bt_gatt_connected
                0x000000000100e96c       0xa4 zephyr/subsys/bluetooth/host/libsubsys__bluetooth__host.a(gatt.c.obj)
                0x000000000100e96c                bt_gatt_connected
 .text.bt_gatt_att_max_mtu_changed
                0x000000000100ea10       0x28 zephyr/subsys/bluetooth/host/libsubsys__bluetooth__host.a(gatt.c.obj)
                0x000000000100ea10                bt_gatt_att_max_mtu_changed
 .text.bt_gatt_encrypt_change
                0x000000000100ea38       0x20 zephyr/subsys/bluetooth/host/libsubsys__bluetooth__host.a(gatt.c.obj)
                0x000000000100ea38                bt_gatt_encrypt_change
 .text.bt_gatt_store_ccc
                0x000000000100ea58       0x9c zephyr/subsys/bluetooth/host/libsubsys__bluetooth__host.a(gatt.c.obj)
                0x000000000100ea58                bt_gatt_store_ccc
 .text.bt_gatt_disconnected
                0x000000000100eaf4      0x134 zephyr/subsys/bluetooth/host/libsubsys__bluetooth__host.a(gatt.c.obj)
                0x000000000100eaf4                bt_gatt_disconnected
 .text.smp_find
                0x000000000100ec28       0x28 zephyr/subsys/bluetooth/host/libsubsys__bluetooth__host.a(smp.c.obj)
 .text.latch_auth_cb
                0x000000000100ec50       0x2c zephyr/subsys/bluetooth/host/libsubsys__bluetooth__host.a(smp.c.obj)
 .text.get_io_capa
                0x000000000100ec7c       0x4c zephyr/subsys/bluetooth/host/libsubsys__bluetooth__host.a(smp.c.obj)
 .text.get_auth
                0x000000000100ecc8       0x3c zephyr/subsys/bluetooth/host/libsubsys__bluetooth__host.a(smp.c.obj)
 .text.bt_smp_pkey_ready.part.0
                0x000000000100ed04       0x24 zephyr/subsys/bluetooth/host/libsubsys__bluetooth__host.a(smp.c.obj)
 .text.bt_smp_accept.part.0
                0x000000000100ed28       0x30 zephyr/subsys/bluetooth/host/libsubsys__bluetooth__host.a(smp.c.obj)
 .text.bt_smp_accept
                0x000000000100ed58       0x40 zephyr/subsys/bluetooth/host/libsubsys__bluetooth__host.a(smp.c.obj)
 .text.smp_chan_get.part.0
                0x000000000100ed98       0x28 zephyr/subsys/bluetooth/host/libsubsys__bluetooth__host.a(smp.c.obj)
 .text.smp_init
                0x000000000100edc0       0x38 zephyr/subsys/bluetooth/host/libsubsys__bluetooth__host.a(smp.c.obj)
 .text.smp_dhkey_generate
                0x000000000100edf8       0x4c zephyr/subsys/bluetooth/host/libsubsys__bluetooth__host.a(smp.c.obj)
 .text.smp_ident_info
                0x000000000100ee44       0x7c zephyr/subsys/bluetooth/host/libsubsys__bluetooth__host.a(smp.c.obj)
 .text.smp_encrypt_info
                0x000000000100eec0       0x7c zephyr/subsys/bluetooth/host/libsubsys__bluetooth__host.a(smp.c.obj)
 .text.smp_send_pairing_confirm
                0x000000000100ef3c       0xa8 zephyr/subsys/bluetooth/host/libsubsys__bluetooth__host.a(smp.c.obj)
 .text.smp_public_key_periph
                0x000000000100efe4      0x17c zephyr/subsys/bluetooth/host/libsubsys__bluetooth__host.a(smp.c.obj)
 .text.smp_public_key
                0x000000000100f160       0xac zephyr/subsys/bluetooth/host/libsubsys__bluetooth__host.a(smp.c.obj)
 .text.smp_pairing_req
                0x000000000100f20c      0x384 zephyr/subsys/bluetooth/host/libsubsys__bluetooth__host.a(smp.c.obj)
 .text.compute_and_check_and_send_periph_dhcheck
                0x000000000100f590      0x180 zephyr/subsys/bluetooth/host/libsubsys__bluetooth__host.a(smp.c.obj)
 .text.bt_smp_connected
                0x000000000100f710       0x34 zephyr/subsys/bluetooth/host/libsubsys__bluetooth__host.a(smp.c.obj)
 .text.smp_pairing_confirm
                0x000000000100f744       0x8c zephyr/subsys/bluetooth/host/libsubsys__bluetooth__host.a(smp.c.obj)
 .text.smp_pairing_random
                0x000000000100f7d0      0x21c zephyr/subsys/bluetooth/host/libsubsys__bluetooth__host.a(smp.c.obj)
 .text.bt_smp_start_security
                0x000000000100f9ec      0x18c zephyr/subsys/bluetooth/host/libsubsys__bluetooth__host.a(smp.c.obj)
                0x000000000100f9ec                bt_smp_start_security
 .text.smp_pairing_complete
                0x000000000100fb78      0x108 zephyr/subsys/bluetooth/host/libsubsys__bluetooth__host.a(smp.c.obj)
 .text.smp_error
                0x000000000100fc80       0xb4 zephyr/subsys/bluetooth/host/libsubsys__bluetooth__host.a(smp.c.obj)
 .text.bt_smp_recv
                0x000000000100fd34      0x144 zephyr/subsys/bluetooth/host/libsubsys__bluetooth__host.a(smp.c.obj)
 .text.bt_smp_pkey_ready
                0x000000000100fe78       0x4c zephyr/subsys/bluetooth/host/libsubsys__bluetooth__host.a(smp.c.obj)
 .text.smp_ident_addr_info
                0x000000000100fec4      0x208 zephyr/subsys/bluetooth/host/libsubsys__bluetooth__host.a(smp.c.obj)
 .text.smp_central_ident
                0x00000000010100cc       0xb4 zephyr/subsys/bluetooth/host/libsubsys__bluetooth__host.a(smp.c.obj)
 .text.smp_pairing_failed
                0x0000000001010180       0x78 zephyr/subsys/bluetooth/host/libsubsys__bluetooth__host.a(smp.c.obj)
 .text.bt_smp_encrypt_change
                0x00000000010101f8      0x234 zephyr/subsys/bluetooth/host/libsubsys__bluetooth__host.a(smp.c.obj)
 .text.smp_timeout
                0x000000000101042c       0x3c zephyr/subsys/bluetooth/host/libsubsys__bluetooth__host.a(smp.c.obj)
 .text.smp_ident_sent
                0x0000000001010468       0x60 zephyr/subsys/bluetooth/host/libsubsys__bluetooth__host.a(smp.c.obj)
 .text.bt_smp_update_keys
                0x00000000010104c8      0x140 zephyr/subsys/bluetooth/host/libsubsys__bluetooth__host.a(smp.c.obj)
                0x00000000010104c8                bt_smp_update_keys
 .text.bt_smp_init
                0x0000000001010608       0x2c zephyr/subsys/bluetooth/host/libsubsys__bluetooth__host.a(smp.c.obj)
                0x0000000001010608                bt_smp_init
 .text.id_add   0x0000000001010634       0x30 zephyr/subsys/bluetooth/host/libsubsys__bluetooth__host.a(keys.c.obj)
 .text.bt_keys_get_addr.part.0
                0x0000000001010664       0x80 zephyr/subsys/bluetooth/host/libsubsys__bluetooth__host.a(keys.c.obj)
 .text.bt_keys_get_addr
                0x00000000010106e4       0x2c zephyr/subsys/bluetooth/host/libsubsys__bluetooth__host.a(keys.c.obj)
                0x00000000010106e4                bt_keys_get_addr
 .text.bt_keys_foreach_type
                0x0000000001010710       0x4c zephyr/subsys/bluetooth/host/libsubsys__bluetooth__host.a(keys.c.obj)
                0x0000000001010710                bt_keys_foreach_type
 .text.keys_commit
                0x000000000101075c       0x14 zephyr/subsys/bluetooth/host/libsubsys__bluetooth__host.a(keys.c.obj)
 .text.bt_keys_find
                0x0000000001010770       0x6c zephyr/subsys/bluetooth/host/libsubsys__bluetooth__host.a(keys.c.obj)
                0x0000000001010770                bt_keys_find
 .text.bt_keys_find_irk
                0x00000000010107dc       0xc4 zephyr/subsys/bluetooth/host/libsubsys__bluetooth__host.a(keys.c.obj)
                0x00000000010107dc                bt_keys_find_irk
 .text.bt_keys_find_addr
                0x00000000010108a0       0x64 zephyr/subsys/bluetooth/host/libsubsys__bluetooth__host.a(keys.c.obj)
                0x00000000010108a0                bt_keys_find_addr
 .text.bt_keys_add_type
                0x0000000001010904       0x30 zephyr/subsys/bluetooth/host/libsubsys__bluetooth__host.a(keys.c.obj)
                0x0000000001010904                bt_keys_add_type
 .text.bt_keys_get_type
                0x0000000001010934       0x48 zephyr/subsys/bluetooth/host/libsubsys__bluetooth__host.a(keys.c.obj)
                0x0000000001010934                bt_keys_get_type
 .text.bt_keys_clear
                0x000000000101097c       0x74 zephyr/subsys/bluetooth/host/libsubsys__bluetooth__host.a(keys.c.obj)
                0x000000000101097c                bt_keys_clear
 .text.keys_set
                0x00000000010109f0      0x1b4 zephyr/subsys/bluetooth/host/libsubsys__bluetooth__host.a(keys.c.obj)
 .text.bt_keys_store
                0x0000000001010ba4       0x94 zephyr/subsys/bluetooth/host/libsubsys__bluetooth__host.a(keys.c.obj)
                0x0000000001010ba4                bt_keys_store
 .text.sys_memcpy_swap
                0x0000000001010c38       0x58 zephyr/subsys/bluetooth/crypto/libsubsys__bluetooth__crypto.a(bt_crypto.c.obj)
 .text.bt_crypto_f5
                0x0000000001010c90       0xd0 zephyr/subsys/bluetooth/crypto/libsubsys__bluetooth__crypto.a(bt_crypto.c.obj)
                0x0000000001010c90                bt_crypto_f5
 .text.bt_crypto_g2
                0x0000000001010d60       0x68 zephyr/subsys/bluetooth/crypto/libsubsys__bluetooth__crypto.a(bt_crypto.c.obj)
                0x0000000001010d60                bt_crypto_g2
 .text.mem_init
                0x0000000001010dc8       0x60 zephyr/subsys/bluetooth/controller/libsubsys__bluetooth__controller.a(mem.c.obj)
                0x0000000001010dc8                mem_init
 .text.mem_acquire
                0x0000000001010e28       0x38 zephyr/subsys/bluetooth/controller/libsubsys__bluetooth__controller.a(mem.c.obj)
                0x0000000001010e28                mem_acquire
 .text.mem_release
                0x0000000001010e60       0x30 zephyr/subsys/bluetooth/controller/libsubsys__bluetooth__controller.a(mem.c.obj)
                0x0000000001010e60                mem_release
 .text.mem_get  0x0000000001010e90        0x8 zephyr/subsys/bluetooth/controller/libsubsys__bluetooth__controller.a(mem.c.obj)
                0x0000000001010e90                mem_get
 .text.mem_index_get
                0x0000000001010e98        0xc zephyr/subsys/bluetooth/controller/libsubsys__bluetooth__controller.a(mem.c.obj)
                0x0000000001010e98                mem_index_get
 .text.mem_rcopy
                0x0000000001010ea4       0x1c zephyr/subsys/bluetooth/controller/libsubsys__bluetooth__controller.a(mem.c.obj)
                0x0000000001010ea4                mem_rcopy
 .text.mem_nz   0x0000000001010ec0       0x18 zephyr/subsys/bluetooth/controller/libsubsys__bluetooth__controller.a(mem.c.obj)
                0x0000000001010ec0                mem_nz
 .text.memq_init
                0x0000000001010ed8        0x8 zephyr/subsys/bluetooth/controller/libsubsys__bluetooth__controller.a(memq.c.obj)
                0x0000000001010ed8                memq_init
 .text.memq_deinit
                0x0000000001010ee0       0x14 zephyr/subsys/bluetooth/controller/libsubsys__bluetooth__controller.a(memq.c.obj)
                0x0000000001010ee0                memq_deinit
 .text.memq_enqueue
                0x0000000001010ef4       0x14 zephyr/subsys/bluetooth/controller/libsubsys__bluetooth__controller.a(memq.c.obj)
                0x0000000001010ef4                memq_enqueue
 .text.memq_peek
                0x0000000001010f08       0x10 zephyr/subsys/bluetooth/controller/libsubsys__bluetooth__controller.a(memq.c.obj)
                0x0000000001010f08                memq_peek
 .text.memq_dequeue
                0x0000000001010f18       0x20 zephyr/subsys/bluetooth/controller/libsubsys__bluetooth__controller.a(memq.c.obj)
                0x0000000001010f18                memq_dequeue
 .text.mayfly_init
                0x0000000001010f38       0x44 zephyr/subsys/bluetooth/controller/libsubsys__bluetooth__controller.a(mayfly.c.obj)
                0x0000000001010f38                mayfly_init
 .text.mayfly_enable
                0x0000000001010f7c       0x68 zephyr/subsys/bluetooth/controller/libsubsys__bluetooth__controller.a(mayfly.c.obj)
                0x0000000001010f7c                mayfly_enable
 .text.mayfly_enqueue
                0x0000000001010fe4       0xbc zephyr/subsys/bluetooth/controller/libsubsys__bluetooth__controller.a(mayfly.c.obj)
                0x0000000001010fe4                mayfly_enqueue
 .text.mayfly_run
                0x00000000010110a0      0x14c zephyr/subsys/bluetooth/controller/libsubsys__bluetooth__controller.a(mayfly.c.obj)
                0x00000000010110a0                mayfly_run
 .text.util_ones_count_get
                0x00000000010111ec       0x2c zephyr/subsys/bluetooth/controller/libsubsys__bluetooth__controller.a(util.c.obj)
                0x00000000010111ec                util_ones_count_get
 .text.ticker_dequeue
                0x0000000001011218       0x70 zephyr/subsys/bluetooth/controller/libsubsys__bluetooth__controller.a(ticker.c.obj)
 .text.ticks_to_expire_prep
                0x0000000001011288       0x48 zephyr/subsys/bluetooth/controller/libsubsys__bluetooth__controller.a(ticker.c.obj)
 .text.ticker_job_list_insert
                0x00000000010112d0      0x204 zephyr/subsys/bluetooth/controller/libsubsys__bluetooth__controller.a(ticker.c.obj)
 .text.ticker_worker
                0x00000000010114d4      0x22c zephyr/subsys/bluetooth/controller/libsubsys__bluetooth__controller.a(ticker.c.obj)
                0x00000000010114d4                ticker_worker
 .text.ticker_job
                0x0000000001011700      0x860 zephyr/subsys/bluetooth/controller/libsubsys__bluetooth__controller.a(ticker.c.obj)
                0x0000000001011700                ticker_job
 .text.ticker_init
                0x0000000001011f60       0x64 zephyr/subsys/bluetooth/controller/libsubsys__bluetooth__controller.a(ticker.c.obj)
                0x0000000001011f60                ticker_init
 .text.ticker_is_initialized
                0x0000000001011fc4       0x18 zephyr/subsys/bluetooth/controller/libsubsys__bluetooth__controller.a(ticker.c.obj)
                0x0000000001011fc4                ticker_is_initialized
 .text.ticker_trigger
                0x0000000001011fdc       0x24 zephyr/subsys/bluetooth/controller/libsubsys__bluetooth__controller.a(ticker.c.obj)
                0x0000000001011fdc                ticker_trigger
 .text.ticker_start_ext
                0x0000000001012000       0x9c zephyr/subsys/bluetooth/controller/libsubsys__bluetooth__controller.a(ticker.c.obj)
                0x0000000001012000                ticker_start_ext
 .text.ticker_start
                0x000000000101209c       0x40 zephyr/subsys/bluetooth/controller/libsubsys__bluetooth__controller.a(ticker.c.obj)
                0x000000000101209c                ticker_start
 .text.ticker_update_ext
                0x00000000010120dc       0xa0 zephyr/subsys/bluetooth/controller/libsubsys__bluetooth__controller.a(ticker.c.obj)
                0x00000000010120dc                ticker_update_ext
 .text.ticker_update
                0x000000000101217c       0x38 zephyr/subsys/bluetooth/controller/libsubsys__bluetooth__controller.a(ticker.c.obj)
                0x000000000101217c                ticker_update
 .text.ticker_stop
                0x00000000010121b4       0x6c zephyr/subsys/bluetooth/controller/libsubsys__bluetooth__controller.a(ticker.c.obj)
                0x00000000010121b4                ticker_stop
 .text.ticker_stop_abs
                0x0000000001012220       0x70 zephyr/subsys/bluetooth/controller/libsubsys__bluetooth__controller.a(ticker.c.obj)
                0x0000000001012220                ticker_stop_abs
 .text.ticker_ticks_now_get
                0x0000000001012290        0x4 zephyr/subsys/bluetooth/controller/libsubsys__bluetooth__controller.a(ticker.c.obj)
                0x0000000001012290                ticker_ticks_now_get
 .text.ticker_ticks_diff_get
                0x0000000001012294        0x8 zephyr/subsys/bluetooth/controller/libsubsys__bluetooth__controller.a(ticker.c.obj)
                0x0000000001012294                ticker_ticks_diff_get
 .text.ll_addr_set
                0x000000000101229c       0x38 zephyr/subsys/bluetooth/controller/libsubsys__bluetooth__controller.a(ll_addr.c.obj)
                0x000000000101229c                ll_addr_set
 .text.ll_addr_get
                0x00000000010122d4       0x20 zephyr/subsys/bluetooth/controller/libsubsys__bluetooth__controller.a(ll_addr.c.obj)
                0x00000000010122d4                ll_addr_get
 .text.ll_addr_read
                0x00000000010122f4       0x30 zephyr/subsys/bluetooth/controller/libsubsys__bluetooth__controller.a(ll_addr.c.obj)
                0x00000000010122f4                ll_addr_read
 .text.ll_tx_pwr_lvl_get
                0x0000000001012324       0x24 zephyr/subsys/bluetooth/controller/libsubsys__bluetooth__controller.a(ll_tx_pwr.c.obj)
                0x0000000001012324                ll_tx_pwr_lvl_get
 .text.ll_tx_pwr_get
                0x0000000001012348        0x8 zephyr/subsys/bluetooth/controller/libsubsys__bluetooth__controller.a(ll_tx_pwr.c.obj)
                0x0000000001012348                ll_tx_pwr_get
 .text.hci_driver_init
                0x0000000001012350       0x10 zephyr/subsys/bluetooth/controller/libsubsys__bluetooth__controller.a(hci_driver.c.obj)
 .text.hci_driver_send
                0x0000000001012360       0xbc zephyr/subsys/bluetooth/controller/libsubsys__bluetooth__controller.a(hci_driver.c.obj)
 .text.hci_driver_close
                0x000000000101241c       0x20 zephyr/subsys/bluetooth/controller/libsubsys__bluetooth__controller.a(hci_driver.c.obj)
 .text.recv_thread
                0x000000000101243c      0x120 zephyr/subsys/bluetooth/controller/libsubsys__bluetooth__controller.a(hci_driver.c.obj)
 .text.prio_recv_thread
                0x000000000101255c       0xc8 zephyr/subsys/bluetooth/controller/libsubsys__bluetooth__controller.a(hci_driver.c.obj)
 .text.hci_driver_open
                0x0000000001012624       0xe4 zephyr/subsys/bluetooth/controller/libsubsys__bluetooth__controller.a(hci_driver.c.obj)
 .text.hci_recv_fifo_reset
                0x0000000001012708       0x20 zephyr/subsys/bluetooth/controller/libsubsys__bluetooth__controller.a(hci_driver.c.obj)
                0x0000000001012708                hci_recv_fifo_reset
 .text.le_remote_feat_complete
                0x0000000001012728       0x6c zephyr/subsys/bluetooth/controller/libsubsys__bluetooth__controller.a(hci.c.obj)
 .text.hci_vendor_cmd_handle_common
                0x0000000001012794      0x194 zephyr/subsys/bluetooth/controller/libsubsys__bluetooth__controller.a(hci.c.obj)
                0x0000000001012794                hci_vendor_cmd_handle_common
 .text.hci_cmd_handle
                0x0000000001012928      0x7f8 zephyr/subsys/bluetooth/controller/libsubsys__bluetooth__controller.a(hci.c.obj)
                0x0000000001012928                hci_cmd_handle
 .text.hci_acl_handle
                0x0000000001013120      0x128 zephyr/subsys/bluetooth/controller/libsubsys__bluetooth__controller.a(hci.c.obj)
                0x0000000001013120                hci_acl_handle
 .text.hci_disconn_complete_encode
                0x0000000001013248       0x40 zephyr/subsys/bluetooth/controller/libsubsys__bluetooth__controller.a(hci.c.obj)
                0x0000000001013248                hci_disconn_complete_encode
 .text.hci_disconn_complete_process
                0x0000000001013288       0x10 zephyr/subsys/bluetooth/controller/libsubsys__bluetooth__controller.a(hci.c.obj)
                0x0000000001013288                hci_disconn_complete_process
 .text.hci_acl_encode
                0x0000000001013298       0x78 zephyr/subsys/bluetooth/controller/libsubsys__bluetooth__controller.a(hci.c.obj)
                0x0000000001013298                hci_acl_encode
 .text.hci_evt_encode
                0x0000000001013310      0x584 zephyr/subsys/bluetooth/controller/libsubsys__bluetooth__controller.a(hci.c.obj)
                0x0000000001013310                hci_evt_encode
 .text.hci_num_cmplt_encode
                0x0000000001013894       0x30 zephyr/subsys/bluetooth/controller/libsubsys__bluetooth__controller.a(hci.c.obj)
                0x0000000001013894                hci_num_cmplt_encode
 .text.hci_get_class
                0x00000000010138c4       0x2c zephyr/subsys/bluetooth/controller/libsubsys__bluetooth__controller.a(hci.c.obj)
                0x00000000010138c4                hci_get_class
 .text.hci_init
                0x00000000010138f0       0x40 zephyr/subsys/bluetooth/controller/libsubsys__bluetooth__controller.a(hci.c.obj)
                0x00000000010138f0                hci_init
 .text.bt_rand  0x0000000001013930        0x4 zephyr/subsys/bluetooth/controller/libsubsys__bluetooth__controller.a(crypto.c.obj)
                0x0000000001013930                bt_rand
 .text.bt_encrypt_le
                0x0000000001013934        0xc zephyr/subsys/bluetooth/controller/libsubsys__bluetooth__controller.a(crypto.c.obj)
                0x0000000001013934                bt_encrypt_le
 .text.ll_feat_get
                0x0000000001013940        0xc zephyr/subsys/bluetooth/controller/libsubsys__bluetooth__controller.a(ll_feat.c.obj)
                0x0000000001013940                ll_feat_get
 .text.perform_lll_reset
                0x000000000101394c       0x94 zephyr/subsys/bluetooth/controller/libsubsys__bluetooth__controller.a(ull.c.obj)
 .text.ull_ticker_status_give
                0x00000000010139e0        0xc zephyr/subsys/bluetooth/controller/libsubsys__bluetooth__controller.a(ull.c.obj)
                0x00000000010139e0                ull_ticker_status_give
 .text.disabled_cb
                0x00000000010139ec        0x4 zephyr/subsys/bluetooth/controller/libsubsys__bluetooth__controller.a(ull.c.obj)
 .text.tx_cmplt_get
                0x00000000010139f0       0xb8 zephyr/subsys/bluetooth/controller/libsubsys__bluetooth__controller.a(ull.c.obj)
 .text.rx_replenish
                0x0000000001013aa8      0x108 zephyr/subsys/bluetooth/controller/libsubsys__bluetooth__controller.a(ull.c.obj)
 .text.ull_done
                0x0000000001013bb0      0x114 zephyr/subsys/bluetooth/controller/libsubsys__bluetooth__controller.a(ull.c.obj)
 .text.rx_demux
                0x0000000001013cc4      0x1d4 zephyr/subsys/bluetooth/controller/libsubsys__bluetooth__controller.a(ull.c.obj)
 .text.ll_rx_get
                0x0000000001013e98       0xf4 zephyr/subsys/bluetooth/controller/libsubsys__bluetooth__controller.a(ull.c.obj)
                0x0000000001013e98                ll_rx_get
 .text.ll_rx_dequeue
                0x0000000001013f8c      0x17c zephyr/subsys/bluetooth/controller/libsubsys__bluetooth__controller.a(ull.c.obj)
                0x0000000001013f8c                ll_rx_dequeue
 .text.ll_rx_mem_release
                0x0000000001014108      0x190 zephyr/subsys/bluetooth/controller/libsubsys__bluetooth__controller.a(ull.c.obj)
                0x0000000001014108                ll_rx_mem_release
 .text.ll_rx_link_alloc
                0x0000000001014298        0xc zephyr/subsys/bluetooth/controller/libsubsys__bluetooth__controller.a(ull.c.obj)
                0x0000000001014298                ll_rx_link_alloc
 .text.ll_rx_link_release
                0x00000000010142a4        0xc zephyr/subsys/bluetooth/controller/libsubsys__bluetooth__controller.a(ull.c.obj)
                0x00000000010142a4                ll_rx_link_release
 .text.ll_rx_alloc
                0x00000000010142b0        0xc zephyr/subsys/bluetooth/controller/libsubsys__bluetooth__controller.a(ull.c.obj)
                0x00000000010142b0                ll_rx_alloc
 .text.ll_rx_release
                0x00000000010142bc        0xc zephyr/subsys/bluetooth/controller/libsubsys__bluetooth__controller.a(ull.c.obj)
                0x00000000010142bc                ll_rx_release
 .text.ll_rx_put
                0x00000000010142c8       0x14 zephyr/subsys/bluetooth/controller/libsubsys__bluetooth__controller.a(ull.c.obj)
                0x00000000010142c8                ll_rx_put
 .text.ll_rx_put_sched
                0x00000000010142dc       0x28 zephyr/subsys/bluetooth/controller/libsubsys__bluetooth__controller.a(ull.c.obj)
                0x00000000010142dc                ll_rx_put_sched
 .text.ll_pdu_rx_alloc_peek
                0x0000000001014304       0x44 zephyr/subsys/bluetooth/controller/libsubsys__bluetooth__controller.a(ull.c.obj)
                0x0000000001014304                ll_pdu_rx_alloc_peek
 .text.ll_pdu_rx_alloc
                0x0000000001014348       0x2c zephyr/subsys/bluetooth/controller/libsubsys__bluetooth__controller.a(ull.c.obj)
                0x0000000001014348                ll_pdu_rx_alloc
 .text.ll_tx_ack_put
                0x0000000001014374       0x64 zephyr/subsys/bluetooth/controller/libsubsys__bluetooth__controller.a(ull.c.obj)
                0x0000000001014374                ll_tx_ack_put
 .text.ll_timeslice_ticker_id_get
                0x00000000010143d8        0xc zephyr/subsys/bluetooth/controller/libsubsys__bluetooth__controller.a(ull.c.obj)
                0x00000000010143d8                ll_timeslice_ticker_id_get
 .text.ll_radio_state_abort
                0x00000000010143e4       0x40 zephyr/subsys/bluetooth/controller/libsubsys__bluetooth__controller.a(ull.c.obj)
                0x00000000010143e4                ll_radio_state_abort
 .text.ll_radio_state_is_idle
                0x0000000001014424        0x4 zephyr/subsys/bluetooth/controller/libsubsys__bluetooth__controller.a(ull.c.obj)
                0x0000000001014424                ll_radio_state_is_idle
 .text.ull_ticker_status_take
                0x0000000001014428       0x50 zephyr/subsys/bluetooth/controller/libsubsys__bluetooth__controller.a(ull.c.obj)
                0x0000000001014428                ull_ticker_status_take
 .text.ull_disable_mark