Archive member included to satisfy reference by file (symbol)

app/libapp.a(main.c.obj)      (--whole-archive)
zephyr/libzephyr.a(cbprintf_packaged.c.obj)
                              (--whole-archive)
zephyr/libzephyr.a(dec.c.obj)
                              (--whole-archive)
zephyr/libzephyr.a(fdtable.c.obj)
                              (--whole-archive)
zephyr/libzephyr.a(hex.c.obj)
                              (--whole-archive)
zephyr/libzephyr.a(printk.c.obj)
                              (--whole-archive)
zephyr/libzephyr.a(rb.c.obj)  (--whole-archive)
zephyr/libzephyr.a(sem.c.obj)
                              (--whole-archive)
zephyr/libzephyr.a(thread_entry.c.obj)
                              (--whole-archive)
zephyr/libzephyr.a(timeutil.c.obj)
                              (--whole-archive)
zephyr/libzephyr.a(heap.c.obj)
                              (--whole-archive)
zephyr/libzephyr.a(heap-validate.c.obj)
                              (--whole-archive)
zephyr/libzephyr.a(bitarray.c.obj)
                              (--whole-archive)
zephyr/libzephyr.a(multi_heap.c.obj)
                              (--whole-archive)
zephyr/libzephyr.a(onoff.c.obj)
                              (--whole-archive)
zephyr/libzephyr.a(notify.c.obj)
                              (--whole-archive)
zephyr/libzephyr.a(crc32c_sw.c.obj)
                              (--whole-archive)
zephyr/libzephyr.a(crc32_sw.c.obj)
                              (--whole-archive)
zephyr/libzephyr.a(crc16_sw.c.obj)
                              (--whole-archive)
zephyr/libzephyr.a(crc8_sw.c.obj)
                              (--whole-archive)
zephyr/libzephyr.a(crc7_sw.c.obj)
                              (--whole-archive)
zephyr/libzephyr.a(cbprintf_complete.c.obj)
                              (--whole-archive)
zephyr/libzephyr.a(cbprintf.c.obj)
                              (--whole-archive)
zephyr/libzephyr.a(assert.c.obj)
                              (--whole-archive)
zephyr/libzephyr.a(mpsc_pbuf.c.obj)
                              (--whole-archive)
zephyr/libzephyr.a(reboot.c.obj)
                              (--whole-archive)
zephyr/libzephyr.a(configs.c.obj)
                              (--whole-archive)
zephyr/libzephyr.a(soc.c.obj)
                              (--whole-archive)
zephyr/libzephyr.a(power.c.obj)
                              (--whole-archive)
zephyr/libzephyr.a(soc_nrf_common.S.obj)
                              (--whole-archive)
zephyr/libzephyr.a(validate_base_addresses.c.obj)
                              (--whole-archive)
zephyr/libzephyr.a(validate_enabled_instances.c.obj)
                              (--whole-archive)
zephyr/libzephyr.a(log_core.c.obj)
                              (--whole-archive)
zephyr/libzephyr.a(log_mgmt.c.obj)
                              (--whole-archive)
zephyr/libzephyr.a(log_cache.c.obj)
                              (--whole-archive)
zephyr/libzephyr.a(log_msg.c.obj)
                              (--whole-archive)
zephyr/libzephyr.a(log_output.c.obj)
                              (--whole-archive)
zephyr/libzephyr.a(log_backend_uart.c.obj)
                              (--whole-archive)
zephyr/libzephyr.a(pm.c.obj)  (--whole-archive)
zephyr/libzephyr.a(policy.c.obj)
                              (--whole-archive)
zephyr/libzephyr.a(state.c.obj)
                              (--whole-archive)
zephyr/libzephyr.a(tracing_none.c.obj)
                              (--whole-archive)
zephyr/libzephyr.a(nrf_cc3xx_platform_abort_zephyr.c.obj)
                              (--whole-archive)
zephyr/libzephyr.a(nrf_cc3xx_platform_mutex_zephyr.c.obj)
                              (--whole-archive)
zephyr/arch/common/libarch__common.a(sw_isr_common.c.obj)
                              (--whole-archive)
zephyr/arch/arch/arm/core/aarch32/libarch__arm__core__aarch32.a(cpu_idle.S.obj)
                              (--whole-archive)
zephyr/arch/arch/arm/core/aarch32/libarch__arm__core__aarch32.a(fatal.c.obj)
                              (--whole-archive)
zephyr/arch/arch/arm/core/aarch32/libarch__arm__core__aarch32.a(irq_manage.c.obj)
                              (--whole-archive)
zephyr/arch/arch/arm/core/aarch32/libarch__arm__core__aarch32.a(nmi.c.obj)
                              (--whole-archive)
zephyr/arch/arch/arm/core/aarch32/libarch__arm__core__aarch32.a(nmi_on_reset.S.obj)
                              (--whole-archive)
zephyr/arch/arch/arm/core/aarch32/libarch__arm__core__aarch32.a(prep_c.c.obj)
                              (--whole-archive)
zephyr/arch/arch/arm/core/aarch32/libarch__arm__core__aarch32.a(swap.c.obj)
                              (--whole-archive)
zephyr/arch/arch/arm/core/aarch32/libarch__arm__core__aarch32.a(swap_helper.S.obj)
                              (--whole-archive)
zephyr/arch/arch/arm/core/aarch32/libarch__arm__core__aarch32.a(thread.c.obj)
                              (--whole-archive)
[...]
Memory Configuration

Name             Origin             Length             Attributes
FLASH            0x0000000000000000 0x0000000000100000 xr
RAM              0x0000000020000000 0x0000000000070000 xw
IDT_LIST         0x00000000fffff7ff 0x0000000000000800 xw
*default*        0x0000000000000000 0xffffffffffffffff

Linker script and memory map

LOAD zephyr/CMakeFiles/zephyr_pre1.dir/misc/empty_file.c.obj
LOAD zephyr/CMakeFiles/zephyr_pre1.dir/dev_handles.c.obj
                0x0000000000000020                _region_min_align = 0x20

.rel.plt        0x0000000000000000        0x0
 *(SORT_BY_ALIGNMENT(.rel.plt))
                [!provide]                        PROVIDE (__rel_iplt_start = .)
 *(SORT_BY_ALIGNMENT(.rel.iplt))
 .rel.iplt      0x0000000000000000        0x0 app/libapp.a(main.c.obj)
                [!provide]                        PROVIDE (__rel_iplt_end = .)

.rela.plt       0x0000000000000000        0x0
 *(SORT_BY_ALIGNMENT(.rela.plt))
                [!provide]                        PROVIDE (__rela_iplt_start = .)
 *(SORT_BY_ALIGNMENT(.rela.iplt))
                [!provide]                        PROVIDE (__rela_iplt_end = .)

.rel.dyn
 *(SORT_BY_ALIGNMENT(.rel.*))

.rela.dyn
 *(SORT_BY_ALIGNMENT(.rela.*))

/DISCARD/
 *(SORT_BY_ALIGNMENT(.plt))

/DISCARD/
 *(SORT_BY_ALIGNMENT(.iplt))
                0x0000000000000000                __rom_region_start = 0x0

rom_start       0x0000000000000000      0x154
                0x0000000000000000                . = 0x0
                0x0000000000000000                . = ALIGN (0x4)
                0x0000000000000000                . = ALIGN (0x80)
                0x0000000000000000                . = ALIGN (0x200)
                0x0000000000000000                _vector_start = .
 *(SORT_BY_ALIGNMENT(.exc_vector_table))
 *(SORT_BY_ALIGNMENT(.exc_vector_table.*))
 .exc_vector_table._vector_table_section
                0x0000000000000000       0x40 zephyr/arch/arch/arm/core/aarch32/cortex_m/libarch__arm__core__aarch32__cortex_m.a(vector_table.S.obj)
                0x0000000000000000                _vector_table
 *(SORT_BY_ALIGNMENT(.vectors))
                0x0000000000000154                _vector_end = .
                0x0000000000000040                . = ALIGN (0x4)
 *(SORT_BY_ALIGNMENT(.gnu.linkonce.irq_vector_table*))
 .gnu.linkonce.irq_vector_table
                0x0000000000000040      0x114 zephyr/arch/common/libisr_tables.a(isr_tables.c.obj)
                0x0000000000000040                _irq_vector_table
                0x0000000000000154                _vector_end = .

text            0x0000000000000154     0x87b4
                0x0000000000000154                __text_region_start = .
 *(SORT_BY_ALIGNMENT(.text))
 .text          0x0000000000000154       0x30 c:/ncs/toolchains/v2.2.99-dev3/opt/zephyr-sdk/arm-zephyr-eabi/bin/../lib/gcc/arm-zephyr-eabi/12.1.0/thumb/v8-m.main/nofp\libgcc.a(_aeabi_uldivmod.o)
                0x0000000000000154                __aeabi_uldivmod
 .text          0x0000000000000184        0x4 c:/ncs/toolchains/v2.2.99-dev3/opt/zephyr-sdk/arm-zephyr-eabi/bin/../lib/gcc/arm-zephyr-eabi/12.1.0/thumb/v8-m.main/nofp\libgcc.a(_dvmd_tls.o)
                0x0000000000000184                __aeabi_idiv0
                0x0000000000000184                __aeabi_ldiv0
 .text          0x0000000000000188      0x29c c:/ncs/toolchains/v2.2.99-dev3/opt/zephyr-sdk/arm-zephyr-eabi/bin/../lib/gcc/arm-zephyr-eabi/12.1.0/thumb/v8-m.main/nofp\libgcc.a(_udivmoddi4.o)
                0x0000000000000188                __udivmoddi4
 *(SORT_BY_ALIGNMENT(.text.*))
 .text.spi_transceive.constprop.0
                0x0000000000000424       0x1c app/libapp.a(main.c.obj)
 .text.nrfx_ipc_send.part.0
                0x0000000000000440       0x2c app/libapp.a(main.c.obj)
 .text.nrfx_ipc_handler
                0x000000000000046c       0xb8 app/libapp.a(main.c.obj)
 .text.nrfx_ipc_send
                0x0000000000000524       0x50 app/libapp.a(main.c.obj)
                0x0000000000000524                nrfx_ipc_send
 .text.send_to_net
                0x0000000000000574       0x70 app/libapp.a(main.c.obj)
                0x0000000000000574                send_to_net
 .text.main     0x00000000000005e4      0x21c app/libapp.a(main.c.obj)
                0x00000000000005e4                main
 .text.cbvprintf_package
                0x0000000000000800      0x3a8 zephyr/libzephyr.a(cbprintf_packaged.c.obj)
                0x0000000000000800                cbvprintf_package
 .text.cbprintf_package_convert
                0x0000000000000ba8      0x3bc zephyr/libzephyr.a(cbprintf_packaged.c.obj)
                0x0000000000000ba8                cbprintf_package_convert
 .text.__printk_hook_install
                0x0000000000000f64        0xc zephyr/libzephyr.a(printk.c.obj)
                0x0000000000000f64                __printk_hook_install
 .text.vsnprintk
                0x0000000000000f70       0x2c zephyr/libzephyr.a(printk.c.obj)
                0x0000000000000f70                vsnprintk
 .text.process_event
                0x0000000000000f9c      0x21c zephyr/libzephyr.a(onoff.c.obj)
 .text.z_cbvprintf_impl
                0x00000000000011b8      0x764 zephyr/libzephyr.a(cbprintf_complete.c.obj)
                0x00000000000011b8                z_cbvprintf_impl
 .text.sys_reboot
                0x000000000000191c       0x28 zephyr/libzephyr.a(reboot.c.obj)
                0x000000000000191c                sys_reboot
 .text.nrf_gpio_pin_control_select
                0x0000000000001944       0x30 zephyr/libzephyr.a(soc.c.obj)
 .text.nordicsemi_nrf53_init
                0x0000000000001974       0x6c zephyr/libzephyr.a(soc.c.obj)
 .text.arch_busy_wait
                0x00000000000019e0       0x24 zephyr/libzephyr.a(soc.c.obj)
                0x00000000000019e0                arch_busy_wait
 .text.pm_state_set
                0x0000000000001a04       0x1c zephyr/libzephyr.a(power.c.obj)
                0x0000000000001a04                pm_state_set
 .text.z_arm_platform_init
                0x0000000000001a20        0x4 zephyr/libzephyr.a(soc_nrf_common.S.obj)
                0x0000000000001a20                z_arm_platform_init
 .text.activate_foreach_backend
                0x0000000000001a24       0x64 zephyr/libzephyr.a(log_core.c.obj)
 .text.enable_logger
                0x0000000000001a88       0x5c zephyr/libzephyr.a(log_core.c.obj)
 .text.log_process_thread_timer_expiry_fn
                0x0000000000001ae4        0xc zephyr/libzephyr.a(log_core.c.obj)
 .text.z_log_init
                0x0000000000001af0       0x90 zephyr/libzephyr.a(log_core.c.obj)
 .text.log_format_func_t_get
                0x0000000000001b80        0xc zephyr/libzephyr.a(log_core.c.obj)
                0x0000000000001b80                log_format_func_t_get
 .text.log_set_timestamp_func
                0x0000000000001b8c       0x20 zephyr/libzephyr.a(log_core.c.obj)
                0x0000000000001b8c                log_set_timestamp_func
 .text.z_log_notify_backend_enabled
                0x0000000000001bac       0x1c zephyr/libzephyr.a(log_core.c.obj)
                0x0000000000001bac                z_log_notify_backend_enabled
 .text.z_log_dropped
                0x0000000000001bc8       0x28 zephyr/libzephyr.a(log_core.c.obj)
                0x0000000000001bc8                z_log_dropped
 .text.z_log_dropped_read_and_clear
                0x0000000000001bf0       0x18 zephyr/libzephyr.a(log_core.c.obj)
                0x0000000000001bf0                z_log_dropped_read_and_clear
 .text.dropped_notify
                0x0000000000001c08       0x30 zephyr/libzephyr.a(log_core.c.obj)
                0x0000000000001c08                dropped_notify
 .text.z_log_msg_init
                0x0000000000001c38       0x20 zephyr/libzephyr.a(log_core.c.obj)
                0x0000000000001c38                z_log_msg_init
 .text.log_core_init
                0x0000000000001c58       0x2c zephyr/libzephyr.a(log_core.c.obj)
                0x0000000000001c58                log_core_init
 .text.z_log_msg_alloc
                0x0000000000001c84       0x10 zephyr/libzephyr.a(log_core.c.obj)
                0x0000000000001c84                z_log_msg_alloc
 .text.z_log_msg_local_claim
                0x0000000000001c94        0xc zephyr/libzephyr.a(log_core.c.obj)
                0x0000000000001c94                z_log_msg_local_claim
 .text.z_log_msg_free
                0x0000000000001ca0       0x10 zephyr/libzephyr.a(log_core.c.obj)
                0x0000000000001ca0                z_log_msg_free
 .text.z_log_msg_pending
                0x0000000000001cb0        0xc zephyr/libzephyr.a(log_core.c.obj)
                0x0000000000001cb0                z_log_msg_pending
 .text.z_impl_log_process
                0x0000000000001cbc       0xb4 zephyr/libzephyr.a(log_core.c.obj)
                0x0000000000001cbc                z_impl_log_process
 .text.z_impl_log_panic
                0x0000000000001d70       0x44 zephyr/libzephyr.a(log_core.c.obj)
                0x0000000000001d70                z_impl_log_panic
 .text.log_process_thread_func
                0x0000000000001db4       0x9c zephyr/libzephyr.a(log_core.c.obj)
 .text.z_log_msg_post_finalize
                0x0000000000001e50       0x78 zephyr/libzephyr.a(log_core.c.obj)
 .text.z_log_msg_commit
                0x0000000000001ec8       0x24 zephyr/libzephyr.a(log_core.c.obj)
                0x0000000000001ec8                z_log_msg_commit
 .text.log_source_name_get
                0x0000000000001eec       0x1c zephyr/libzephyr.a(log_mgmt.c.obj)
                0x0000000000001eec                log_source_name_get
 .text.log_backend_enable
                0x0000000000001f08       0x28 zephyr/libzephyr.a(log_mgmt.c.obj)
                0x0000000000001f08                log_backend_enable
 .text.z_impl_z_log_msg_static_create
                0x0000000000001f30       0xa8 zephyr/libzephyr.a(log_msg.c.obj)
                0x0000000000001f30                z_impl_z_log_msg_static_create
 .text.z_impl_z_log_msg_runtime_vcreate
                0x0000000000001fd8       0x94 zephyr/libzephyr.a(log_msg.c.obj)
                0x0000000000001fd8                z_impl_z_log_msg_runtime_vcreate
 .text.print_formatted
                0x000000000000206c       0x24 zephyr/libzephyr.a(log_output.c.obj)
 .text.newline_print
                0x0000000000002090       0x1c zephyr/libzephyr.a(log_output.c.obj)
 .text.log_output_process
                0x00000000000020ac      0x2a4 zephyr/libzephyr.a(log_output.c.obj)
                0x00000000000020ac                log_output_process
 .text.log_output_msg_process
                0x0000000000002350       0x6c zephyr/libzephyr.a(log_output.c.obj)
                0x0000000000002350                log_output_msg_process
 .text.log_output_dropped_process
                0x00000000000023bc       0x58 zephyr/libzephyr.a(log_output.c.obj)
                0x00000000000023bc                log_output_dropped_process
 .text.log_output_timestamp_freq_set
                0x0000000000002414       0x2c zephyr/libzephyr.a(log_output.c.obj)
                0x0000000000002414                log_output_timestamp_freq_set
 .text.format_set
                0x0000000000002440        0xc zephyr/libzephyr.a(log_backend_uart.c.obj)
 .text.panic    0x000000000000244c       0x14 zephyr/libzephyr.a(log_backend_uart.c.obj)
 .text.dropped  0x0000000000002460        0xc zephyr/libzephyr.a(log_backend_uart.c.obj)
 .text.process  0x000000000000246c       0x24 zephyr/libzephyr.a(log_backend_uart.c.obj)
 .text.char_out
                0x0000000000002490       0x24 zephyr/libzephyr.a(log_backend_uart.c.obj)
 .text.pm_state_notify
                0x00000000000024b4       0x5c zephyr/libzephyr.a(pm.c.obj)
 .text.pm_system_resume
                0x0000000000002510       0x70 zephyr/libzephyr.a(pm.c.obj)
                0x0000000000002510                pm_system_resume
 .text.pm_system_suspend
                0x0000000000002580       0xec zephyr/libzephyr.a(pm.c.obj)
                0x0000000000002580                pm_system_suspend
 .text.pm_policy_next_state
                0x000000000000266c       0x94 zephyr/libzephyr.a(policy.c.obj)
                0x000000000000266c                pm_policy_next_state
 .text.pm_state_cpu_get_all
                0x0000000000002700       0x10 zephyr/libzephyr.a(state.c.obj)
                0x0000000000002700                pm_state_cpu_get_all
 .text.nrf_cc3xx_platform_abort_init
                0x0000000000002710        0xc zephyr/libzephyr.a(nrf_cc3xx_platform_abort_zephyr.c.obj)
                0x0000000000002710                nrf_cc3xx_platform_abort_init
 .text.mutex_free_platform
                0x000000000000271c       0x54 zephyr/libzephyr.a(nrf_cc3xx_platform_mutex_zephyr.c.obj)
 .text.mutex_lock_platform
                0x0000000000002770       0x74 zephyr/libzephyr.a(nrf_cc3xx_platform_mutex_zephyr.c.obj)
 .text.mutex_unlock_platform
                0x00000000000027e4       0x68 zephyr/libzephyr.a(nrf_cc3xx_platform_mutex_zephyr.c.obj)
 .text.mutex_init_platform
                0x000000000000284c       0x94 zephyr/libzephyr.a(nrf_cc3xx_platform_mutex_zephyr.c.obj)
 .text.nrf_cc3xx_platform_mutex_init
                0x00000000000028e0       0x2c zephyr/libzephyr.a(nrf_cc3xx_platform_mutex_zephyr.c.obj)
                0x00000000000028e0                nrf_cc3xx_platform_mutex_init
 .text.z_arm_cpu_idle_init
                0x000000000000290c        0xc zephyr/arch/arch/arm/core/aarch32/libarch__arm__core__aarch32.a(cpu_idle.S.obj)
                0x000000000000290c                z_arm_cpu_idle_init
 .text.arch_cpu_idle
                0x0000000000002918       0x1c zephyr/arch/arch/arm/core/aarch32/libarch__arm__core__aarch32.a(cpu_idle.S.obj)
                0x0000000000002918                arch_cpu_idle
 .text.arch_cpu_atomic_idle
                0x0000000000002934       0x14 zephyr/arch/arch/arm/core/aarch32/libarch__arm__core__aarch32.a(cpu_idle.S.obj)
                0x0000000000002934                arch_cpu_atomic_idle
 .text.z_arm_fatal_error
                0x0000000000002948       0xcc zephyr/arch/arch/arm/core/aarch32/libarch__arm__core__aarch32.a(fatal.c.obj)
                0x0000000000002948                z_arm_fatal_error
 .text.arch_irq_enable
                0x0000000000002a14       0x1c zephyr/arch/arch/arm/core/aarch32/libarch__arm__core__aarch32.a(irq_manage.c.obj)
                0x0000000000002a14                arch_irq_enable
 .text.arch_irq_disable
                0x0000000000002a30       0x28 zephyr/arch/arch/arm/core/aarch32/libarch__arm__core__aarch32.a(irq_manage.c.obj)
                0x0000000000002a30                arch_irq_disable
 .text.arch_irq_is_enabled
                0x0000000000002a58       0x1c zephyr/arch/arch/arm/core/aarch32/libarch__arm__core__aarch32.a(irq_manage.c.obj)
                0x0000000000002a58                arch_irq_is_enabled
 .text.z_arm_irq_priority_set
                0x0000000000002a74       0x2c zephyr/arch/arch/arm/core/aarch32/libarch__arm__core__aarch32.a(irq_manage.c.obj)
                0x0000000000002a74                z_arm_irq_priority_set
 .text.z_SysNmiOnReset
                0x0000000000002aa0        0x8 zephyr/arch/arch/arm/core/aarch32/libarch__arm__core__aarch32.a(nmi_on_reset.S.obj)
                0x0000000000002aa0                z_SysNmiOnReset
 .text.z_arm_prep_c
                0x0000000000002aa8       0x38 zephyr/arch/arch/arm/core/aarch32/libarch__arm__core__aarch32.a(prep_c.c.obj)
                0x0000000000002aa8                z_arm_prep_c
 .text.arch_swap
                0x0000000000002ae0       0x34 zephyr/arch/arch/arm/core/aarch32/libarch__arm__core__aarch32.a(swap.c.obj)
                0x0000000000002ae0                arch_swap
 .text.z_arm_pendsv
                0x0000000000002b14       0x58 zephyr/arch/arch/arm/core/aarch32/libarch__arm__core__aarch32.a(swap_helper.S.obj)
                0x0000000000002b14                z_arm_pendsv
 .text.z_arm_svc
                0x0000000000002b6c       0x20 zephyr/arch/arch/arm/core/aarch32/libarch__arm__core__aarch32.a(swap_helper.S.obj)
                0x0000000000002b6c                z_arm_svc
 .text.arch_new_thread
                0x0000000000002b8c       0x38 zephyr/arch/arch/arm/core/aarch32/libarch__arm__core__aarch32.a(thread.c.obj)
                0x0000000000002b8c                arch_new_thread
 .text.arch_switch_to_main_thread
                0x0000000000002bc4       0x28 zephyr/arch/arch/arm/core/aarch32/libarch__arm__core__aarch32.a(thread.c.obj)
                0x0000000000002bc4                arch_switch_to_main_thread
 .text._isr_wrapper
                0x0000000000002bec       0x40 zephyr/arch/arch/arm/core/aarch32/libarch__arm__core__aarch32.a(isr_wrapper.S.obj)
                0x0000000000002bec                _isr_wrapper
 .text._HandlerModeExit
                0x0000000000002c2c       0x1c zephyr/arch/arch/arm/core/aarch32/cortex_m/libarch__arm__core__aarch32__cortex_m.a(exc_exit.S.obj)
                0x0000000000002c2c                z_arm_int_exit
                0x0000000000002c2c                z_arm_exc_exit
 .text.mem_manage_fault.constprop.0
                0x0000000000002c48      0x138 zephyr/arch/arch/arm/core/aarch32/cortex_m/libarch__arm__core__aarch32__cortex_m.a(fault.c.obj)
 .text.bus_fault.constprop.0
                0x0000000000002d80      0x130 zephyr/arch/arch/arm/core/aarch32/cortex_m/libarch__arm__core__aarch32__cortex_m.a(fault.c.obj)
 .text.usage_fault.constprop.0
                0x0000000000002eb0      0x118 zephyr/arch/arch/arm/core/aarch32/cortex_m/libarch__arm__core__aarch32__cortex_m.a(fault.c.obj)
 .text.z_arm_fault
                0x0000000000002fc8      0x214 zephyr/arch/arch/arm/core/aarch32/cortex_m/libarch__arm__core__aarch32__cortex_m.a(fault.c.obj)
                0x0000000000002fc8                z_arm_fault
 .text.z_arm_fault_init
                0x00000000000031dc       0x18 zephyr/arch/arch/arm/core/aarch32/cortex_m/libarch__arm__core__aarch32__cortex_m.a(fault.c.obj)
                0x00000000000031dc                z_arm_fault_init
 .text.__fault  0x00000000000031f4       0x14 zephyr/arch/arch/arm/core/aarch32/cortex_m/libarch__arm__core__aarch32__cortex_m.a(fault_s.S.obj)
                0x00000000000031f4                z_arm_usage_fault
                0x00000000000031f4                z_arm_mpu_fault
                0x00000000000031f4                z_arm_exc_spurious
                0x00000000000031f4                z_arm_debug_monitor
                0x00000000000031f4                z_arm_hard_fault
                0x00000000000031f4                z_arm_bus_fault
 .text.z_arm_interrupt_init
                0x0000000000003208       0x18 zephyr/arch/arch/arm/core/aarch32/cortex_m/libarch__arm__core__aarch32__cortex_m.a(irq_init.c.obj)
                0x0000000000003208                z_arm_interrupt_init
 .text._reset_section
                0x0000000000003220       0x60 zephyr/arch/arch/arm/core/aarch32/cortex_m/libarch__arm__core__aarch32__cortex_m.a(reset.S.obj)
                0x0000000000003220                __start
                0x0000000000003220                z_arm_reset
 .text.sys_arch_reboot
                0x0000000000003280       0x24 zephyr/arch/arch/arm/core/aarch32/cortex_m/libarch__arm__core__aarch32__cortex_m.a(scb.c.obj)
                0x0000000000003280                sys_arch_reboot
 .text.z_arm_clear_arm_mpu_config
                0x00000000000032a4       0x24 zephyr/arch/arch/arm/core/aarch32/cortex_m/libarch__arm__core__aarch32__cortex_m.a(scb.c.obj)
                0x00000000000032a4                z_arm_clear_arm_mpu_config
 .text.z_arm_init_arch_hw_at_boot
                0x00000000000032c8       0x4c zephyr/arch/arch/arm/core/aarch32/cortex_m/libarch__arm__core__aarch32__cortex_m.a(scb.c.obj)
                0x00000000000032c8                z_arm_init_arch_hw_at_boot
 .text.z_impl_k_thread_abort
                0x0000000000003314       0x2c zephyr/arch/arch/arm/core/aarch32/cortex_m/libarch__arm__core__aarch32__cortex_m.a(thread_abort.c.obj)
                0x0000000000003314                z_impl_k_thread_abort
 .text.z_arm_configure_static_mpu_regions
                0x0000000000003340       0x38 zephyr/arch/arch/arm/core/aarch32/mpu/libarch__arm__core__aarch32__mpu.a(arm_core_mpu.c.obj)
                0x0000000000003340                z_arm_configure_static_mpu_regions
 .text.region_init
                0x0000000000003378       0x34 zephyr/arch/arch/arm/core/aarch32/mpu/libarch__arm__core__aarch32__mpu.a(arm_mpu.c.obj)
 .text.region_allocate_and_init.part.0
                0x00000000000033ac       0x30 zephyr/arch/arch/arm/core/aarch32/mpu/libarch__arm__core__aarch32__mpu.a(arm_mpu.c.obj)
 .text.mpu_configure_regions_and_partition.constprop.0
                0x00000000000033dc      0x19c zephyr/arch/arch/arm/core/aarch32/mpu/libarch__arm__core__aarch32__mpu.a(arm_mpu.c.obj)
 .text.arm_core_mpu_enable
                0x0000000000003578       0x18 zephyr/arch/arch/arm/core/aarch32/mpu/libarch__arm__core__aarch32__mpu.a(arm_mpu.c.obj)
                0x0000000000003578                arm_core_mpu_enable
 .text.arm_core_mpu_disable
                0x0000000000003590       0x14 zephyr/arch/arch/arm/core/aarch32/mpu/libarch__arm__core__aarch32__mpu.a(arm_mpu.c.obj)
                0x0000000000003590                arm_core_mpu_disable
 .text.arm_core_mpu_configure_static_mpu_regions
                0x00000000000035a4       0x14 zephyr/arch/arch/arm/core/aarch32/mpu/libarch__arm__core__aarch32__mpu.a(arm_mpu.c.obj)
                0x00000000000035a4                arm_core_mpu_configure_static_mpu_regions
 .text.arm_core_mpu_mark_areas_for_dynamic_regions
                0x00000000000035b8       0xb8 zephyr/arch/arch/arm/core/aarch32/mpu/libarch__arm__core__aarch32__mpu.a(arm_mpu.c.obj)
                0x00000000000035b8                arm_core_mpu_mark_areas_for_dynamic_regions
 .text.z_arm_mpu_init
                0x0000000000003670       0x4c zephyr/arch/arch/arm/core/aarch32/mpu/libarch__arm__core__aarch32__mpu.a(arm_mpu.c.obj)
                0x0000000000003670                z_arm_mpu_init
 .text.__stdout_hook_install
                0x00000000000036bc        0xc zephyr/lib/libc/minimal/liblib__libc__minimal.a(stdout_console.c.obj)
                0x00000000000036bc                __stdout_hook_install
 .text.remoteproc_mgr_boot
                0x00000000000036c8       0x18 zephyr/boards/arm/nrf5340dk_nrf5340/libboards__arm__nrf5340dk_nrf5340.a(nrf5340_cpunet_reset.c.obj)
 .text.onoff_stop
                0x00000000000036e0       0x30 zephyr/drivers/clock_control/libdrivers__clock_control.a(clock_control_nrf.c.obj)
 .text.onoff_start
                0x0000000000003710       0x44 zephyr/drivers/clock_control/libdrivers__clock_control.a(clock_control_nrf.c.obj)
 .text.clk_init
                0x0000000000003754       0x64 zephyr/drivers/clock_control/libdrivers__clock_control.a(clock_control_nrf.c.obj)
 .text.clkstarted_handle.constprop.0
                0x00000000000037b8       0x34 zephyr/drivers/clock_control/libdrivers__clock_control.a(clock_control_nrf.c.obj)
 .text.clock_event_handler
                0x00000000000037ec       0x30 zephyr/drivers/clock_control/libdrivers__clock_control.a(clock_control_nrf.c.obj)
 .text.generic_hfclk_start
                0x000000000000381c       0x64 zephyr/drivers/clock_control/libdrivers__clock_control.a(clock_control_nrf.c.obj)
 .text.api_blocking_start
                0x0000000000003880       0x3c zephyr/drivers/clock_control/libdrivers__clock_control.a(clock_control_nrf.c.obj)
 .text.generic_hfclk_stop
                0x00000000000038bc       0x34 zephyr/drivers/clock_control/libdrivers__clock_control.a(clock_control_nrf.c.obj)
 .text.z_nrf_clock_control_lf_on
                0x00000000000038f0       0xfc zephyr/drivers/clock_control/libdrivers__clock_control.a(clock_control_nrf.c.obj)
                0x00000000000038f0                z_nrf_clock_control_lf_on
 .text.uart_console_init
                0x00000000000039ec       0x28 zephyr/drivers/console/libdrivers__console.a(uart_console.c.obj)
 .text.console_out
                0x0000000000003a14       0x28 zephyr/drivers/console/libdrivers__console.a(uart_console.c.obj)
 .text.gpio_nrfx_pin_interrupt_configure
                0x0000000000003a3c       0xd8 zephyr/drivers/gpio/libdrivers__gpio.a(gpio_nrfx.c.obj)
 .text.gpio_nrfx_init
                0x0000000000003b14       0x38 zephyr/drivers/gpio/libdrivers__gpio.a(gpio_nrfx.c.obj)
 .text.nrfx_gpio_handler
                0x0000000000003b4c       0x4c zephyr/drivers/gpio/libdrivers__gpio.a(gpio_nrfx.c.obj)
 .text.gpio_nrfx_pin_configure
                0x0000000000003b98      0x124 zephyr/drivers/gpio/libdrivers__gpio.a(gpio_nrfx.c.obj)
 .text.spi_nrfx_init
                0x0000000000003cbc       0xdc zephyr/drivers/spi/libdrivers__spi.a(spi_nrfx_spim.c.obj)
 .text.transfer_next_chunk
                0x0000000000003d98       0xd0 zephyr/drivers/spi/libdrivers__spi.a(spi_nrfx_spim.c.obj)
 .text.transceive
                0x0000000000003e68      0x364 zephyr/drivers/spi/libdrivers__spi.a(spi_nrfx_spim.c.obj)
 .text.event_handler
                0x00000000000041cc       0xc4 zephyr/drivers/spi/libdrivers__spi.a(spi_nrfx_spim.c.obj)
 .text.uarte_nrfx_configure
                0x0000000000004290      0x17c zephyr/drivers/serial/libdrivers__serial.a(uart_nrfx_uarte.c.obj)
 .text.uarte_0_init
                0x000000000000440c      0x10c zephyr/drivers/serial/libdrivers__serial.a(uart_nrfx_uarte.c.obj)
 .text.uarte_nrfx_poll_out
                0x0000000000004518       0xcc zephyr/drivers/serial/libdrivers__serial.a(uart_nrfx_uarte.c.obj)
 .text.compare_int_lock
                0x00000000000045e4       0x40 zephyr/drivers/timer/libdrivers__timer.a(nrf_rtc_timer.c.obj)
 .text.sys_clock_timeout_handler
                0x0000000000004624       0x80 zephyr/drivers/timer/libdrivers__timer.a(nrf_rtc_timer.c.obj)
 .text.compare_int_unlock
                0x00000000000046a4       0x4c zephyr/drivers/timer/libdrivers__timer.a(nrf_rtc_timer.c.obj)
 .text.z_nrf_rtc_timer_read
                0x00000000000046f0       0x44 zephyr/drivers/timer/libdrivers__timer.a(nrf_rtc_timer.c.obj)
                0x00000000000046f0                z_nrf_rtc_timer_read
 .text.compare_set
                0x0000000000004734      0x158 zephyr/drivers/timer/libdrivers__timer.a(nrf_rtc_timer.c.obj)
 .text.sys_clock_driver_init
                0x000000000000488c       0x80 zephyr/drivers/timer/libdrivers__timer.a(nrf_rtc_timer.c.obj)
 .text.rtc_nrf_isr
                0x000000000000490c       0xdc zephyr/drivers/timer/libdrivers__timer.a(nrf_rtc_timer.c.obj)
                0x000000000000490c                rtc_nrf_isr
 .text.sys_clock_set_timeout
                0x00000000000049e8       0x60 zephyr/drivers/timer/libdrivers__timer.a(nrf_rtc_timer.c.obj)
                0x00000000000049e8                sys_clock_set_timeout
 .text.sys_clock_elapsed
                0x0000000000004a48       0x14 zephyr/drivers/timer/libdrivers__timer.a(nrf_rtc_timer.c.obj)
                0x0000000000004a48                sys_clock_elapsed
 .text.pinctrl_configure_pins
                0x0000000000004a5c      0x180 zephyr/drivers/pinctrl/libdrivers__pinctrl.a(pinctrl_nrf.c.obj)
                0x0000000000004a5c                pinctrl_configure_pins
 .text.k_sys_fatal_error_handler
                0x0000000000004bdc       0x2c modules/nrf/lib/fatal_error/lib..__nrf__lib__fatal_error.a(fatal_error.c.obj)
                0x0000000000004bdc                k_sys_fatal_error_handler
 .text.nrf53_errata_42
                0x0000000000004c08       0x24 modules/hal_nordic/nrfx/libmodules__hal_nordic__nrfx.a(system_nrf5340_application.c.obj)
 .text.SystemCoreClockUpdate
                0x0000000000004c2c       0x20 modules/hal_nordic/nrfx/libmodules__hal_nordic__nrfx.a(system_nrf5340_application.c.obj)
                0x0000000000004c2c                SystemCoreClockUpdate
 .text.SystemInit
                0x0000000000004c4c      0x168 modules/hal_nordic/nrfx/libmodules__hal_nordic__nrfx.a(system_nrf5340_application.c.obj)
                0x0000000000004c4c                SystemInit
 .text.nrfx_flag32_alloc
                0x0000000000004db4       0x38 modules/hal_nordic/nrfx/libmodules__hal_nordic__nrfx.a(nrfx_flag32_allocator.c.obj)
                0x0000000000004db4                nrfx_flag32_alloc
 .text.nrfx_flag32_free
                0x0000000000004dec       0x38 modules/hal_nordic/nrfx/libmodules__hal_nordic__nrfx.a(nrfx_flag32_allocator.c.obj)
                0x0000000000004dec                nrfx_flag32_free
 .text.nrfx_clock_init
                0x0000000000004e24       0x20 modules/hal_nordic/nrfx/libmodules__hal_nordic__nrfx.a(nrfx_clock.c.obj)
                0x0000000000004e24                nrfx_clock_init
 .text.nrfx_power_clock_irq_handler
                0x0000000000004e44       0xb0 modules/hal_nordic/nrfx/libmodules__hal_nordic__nrfx.a(nrfx_clock.c.obj)
                0x0000000000004e44                nrfx_power_clock_irq_handler
 .text.nrfx_dppi_channel_alloc
                0x0000000000004ef4        0xc modules/hal_nordic/nrfx/libmodules__hal_nordic__nrfx.a(nrfx_dppi.c.obj)
                0x0000000000004ef4                nrfx_dppi_channel_alloc
 .text.nrf_gpio_pin_port_decode
                0x0000000000004f00       0x20 modules/hal_nordic/nrfx/libmodules__hal_nordic__nrfx.a(nrfx_gpiote.c.obj)
 .text.pin_in_use_by_te
                0x0000000000004f20       0x14 modules/hal_nordic/nrfx/libmodules__hal_nordic__nrfx.a(nrfx_gpiote.c.obj)
 .text.call_handler
                0x0000000000004f34       0x3c modules/hal_nordic/nrfx/libmodules__hal_nordic__nrfx.a(nrfx_gpiote.c.obj)
 .text.release_handler
                0x0000000000004f70       0x54 modules/hal_nordic/nrfx/libmodules__hal_nordic__nrfx.a(nrfx_gpiote.c.obj)
 .text.pin_handler_trigger_uninit
                0x0000000000004fc4       0x3c modules/hal_nordic/nrfx/libmodules__hal_nordic__nrfx.a(nrfx_gpiote.c.obj)
 .text.nrfx_gpiote_input_configure
                0x0000000000005000      0x15c modules/hal_nordic/nrfx/libmodules__hal_nordic__nrfx.a(nrfx_gpiote.c.obj)
                0x0000000000005000                nrfx_gpiote_input_configure
 .text.nrfx_gpiote_output_configure
                0x000000000000515c       0xe8 modules/hal_nordic/nrfx/libmodules__hal_nordic__nrfx.a(nrfx_gpiote.c.obj)
                0x000000000000515c                nrfx_gpiote_output_configure
 .text.nrfx_gpiote_global_callback_set
                0x0000000000005244        0xc modules/hal_nordic/nrfx/libmodules__hal_nordic__nrfx.a(nrfx_gpiote.c.obj)
                0x0000000000005244                nrfx_gpiote_global_callback_set
 .text.nrfx_gpiote_channel_get
                0x0000000000005250       0x2c modules/hal_nordic/nrfx/libmodules__hal_nordic__nrfx.a(nrfx_gpiote.c.obj)
                0x0000000000005250                nrfx_gpiote_channel_get
 .text.nrfx_gpiote_init
                0x000000000000527c       0x50 modules/hal_nordic/nrfx/libmodules__hal_nordic__nrfx.a(nrfx_gpiote.c.obj)
                0x000000000000527c                nrfx_gpiote_init
 .text.nrfx_gpiote_is_init
                0x00000000000052cc       0x14 modules/hal_nordic/nrfx/libmodules__hal_nordic__nrfx.a(nrfx_gpiote.c.obj)
                0x00000000000052cc                nrfx_gpiote_is_init
 .text.nrfx_gpiote_channel_free
                0x00000000000052e0        0xc modules/hal_nordic/nrfx/libmodules__hal_nordic__nrfx.a(nrfx_gpiote.c.obj)
                0x00000000000052e0                nrfx_gpiote_channel_free
 .text.nrfx_gpiote_channel_alloc
                0x00000000000052ec        0xc modules/hal_nordic/nrfx/libmodules__hal_nordic__nrfx.a(nrfx_gpiote.c.obj)
                0x00000000000052ec                nrfx_gpiote_channel_alloc
 .text.nrfx_gpiote_trigger_enable
                0x00000000000052f8       0x8c modules/hal_nordic/nrfx/libmodules__hal_nordic__nrfx.a(nrfx_gpiote.c.obj)
                0x00000000000052f8                nrfx_gpiote_trigger_enable
 .text.nrfx_gpiote_trigger_disable
                0x0000000000005384       0x50 modules/hal_nordic/nrfx/libmodules__hal_nordic__nrfx.a(nrfx_gpiote.c.obj)
                0x0000000000005384                nrfx_gpiote_trigger_disable
 .text.nrfx_gpiote_pin_uninit
                0x00000000000053d4       0x50 modules/hal_nordic/nrfx/libmodules__hal_nordic__nrfx.a(nrfx_gpiote.c.obj)
                0x00000000000053d4                nrfx_gpiote_pin_uninit
 .text.nrfx_gpiote_irq_handler
                0x0000000000005424      0x1b0 modules/hal_nordic/nrfx/libmodules__hal_nordic__nrfx.a(nrfx_gpiote.c.obj)
                0x0000000000005424                nrfx_gpiote_irq_handler
 .text.nrfx_ipc_init
                0x00000000000055d4       0x30 modules/hal_nordic/nrfx/libmodules__hal_nordic__nrfx.a(nrfx_ipc.c.obj)
                0x00000000000055d4                nrfx_ipc_init
 .text.nrfx_ipc_irq_handler
                0x0000000000005604       0x40 modules/hal_nordic/nrfx/libmodules__hal_nordic__nrfx.a(nrfx_ipc.c.obj)
                0x0000000000005604                nrfx_ipc_irq_handler
 .text.nrf_gpio_pin_clear
                0x0000000000005644       0x20 modules/hal_nordic/nrfx/libmodules__hal_nordic__nrfx.a(nrfx_spim.c.obj)
 .text.nrf_gpio_cfg.constprop.0
                0x0000000000005664       0x40 modules/hal_nordic/nrfx/libmodules__hal_nordic__nrfx.a(nrfx_spim.c.obj)
 .text.nrf_gpio_pin_set
                0x00000000000056a4       0x20 modules/hal_nordic/nrfx/libmodules__hal_nordic__nrfx.a(nrfx_spim.c.obj)
 .text.nrfx_spim_init
                0x00000000000056c4      0x23c modules/hal_nordic/nrfx/libmodules__hal_nordic__nrfx.a(nrfx_spim.c.obj)
                0x00000000000056c4                nrfx_spim_init
 .text.nrfx_spim_uninit
                0x0000000000005900       0xa4 modules/hal_nordic/nrfx/libmodules__hal_nordic__nrfx.a(nrfx_spim.c.obj)
                0x0000000000005900                nrfx_spim_uninit
 .text.nrfx_spim_xfer
                0x00000000000059a4       0xf8 modules/hal_nordic/nrfx/libmodules__hal_nordic__nrfx.a(nrfx_spim.c.obj)
                0x00000000000059a4                nrfx_spim_xfer
 .text.nrfx_spim_4_irq_handler
                0x0000000000005a9c       0x3c modules/hal_nordic/nrfx/libmodules__hal_nordic__nrfx.a(nrfx_spim.c.obj)
                0x0000000000005a9c                nrfx_spim_4_irq_handler
 .text.z_fatal_error
                0x0000000000005ad8       0xfc zephyr/kernel/libkernel.a(fatal.c.obj)
                0x0000000000005ad8                z_fatal_error
 .text.z_sys_init_run_level
                0x0000000000005bd4       0x44 zephyr/kernel/libkernel.a(init.c.obj)
 .text.bg_thread_main
                0x0000000000005c18       0x34 zephyr/kernel/libkernel.a(init.c.obj)
 .text.z_bss_zero
                0x0000000000005c4c       0x18 zephyr/kernel/libkernel.a(init.c.obj)
                0x0000000000005c4c                z_bss_zero
 .text.z_init_cpu
                0x0000000000005c64       0x68 zephyr/kernel/libkernel.a(init.c.obj)
                0x0000000000005c64                z_init_cpu
 .text.z_cstart
                0x0000000000005ccc       0xe0 zephyr/kernel/libkernel.a(init.c.obj)
                0x0000000000005ccc                z_cstart
 .text.init_mem_slab_module
                0x0000000000005dac       0x24 zephyr/kernel/libkernel.a(mem_slab.c.obj)
 .text.k_mem_slab_alloc
                0x0000000000005dd0       0x5c zephyr/kernel/libkernel.a(mem_slab.c.obj)
                0x0000000000005dd0                k_mem_slab_alloc
 .text.z_setup_new_thread
                0x0000000000005e2c       0x60 zephyr/kernel/libkernel.a(thread.c.obj)
                0x0000000000005e2c                z_setup_new_thread
 .text.z_impl_k_thread_create
                0x0000000000005e8c       0x58 zephyr/kernel/libkernel.a(thread.c.obj)
                0x0000000000005e8c                z_impl_k_thread_create
 .text.z_init_static_threads
                0x0000000000005ee4       0xb8 zephyr/kernel/libkernel.a(thread.c.obj)
                0x0000000000005ee4                z_init_static_threads
 .text.idle     0x0000000000005f9c       0x38 zephyr/kernel/libkernel.a(idle.c.obj)
                0x0000000000005f9c                idle
 .text.z_impl_k_mutex_lock
                0x0000000000005fd4       0xf4 zephyr/kernel/libkernel.a(mutex.c.obj)
                0x0000000000005fd4                z_impl_k_mutex_lock
 .text.z_impl_k_mutex_unlock
                0x00000000000060c8       0x78 zephyr/kernel/libkernel.a(mutex.c.obj)
                0x00000000000060c8                z_impl_k_mutex_unlock
 .text.z_impl_k_sem_give
                0x0000000000006140       0x4c zephyr/kernel/libkernel.a(sem.c.obj)
                0x0000000000006140                z_impl_k_sem_give
 .text.z_impl_k_sem_take
                0x000000000000618c       0x50 zephyr/kernel/libkernel.a(sem.c.obj)
                0x000000000000618c                z_impl_k_sem_take
 .text.z_reset_time_slice
                0x00000000000061dc       0x28 zephyr/kernel/libkernel.a(sched.c.obj)
                0x00000000000061dc                z_reset_time_slice
 .text.update_cache
                0x0000000000006204       0x3c zephyr/kernel/libkernel.a(sched.c.obj)
 .text.move_thread_to_end_of_prio_q
                0x0000000000006240       0x74 zephyr/kernel/libkernel.a(sched.c.obj)
 .text.ready_thread
                0x00000000000062b4       0x68 zephyr/kernel/libkernel.a(sched.c.obj)
 .text.unready_thread
                0x000000000000631c       0x30 zephyr/kernel/libkernel.a(sched.c.obj)
 .text.pend_locked
                0x000000000000634c       0x30 zephyr/kernel/libkernel.a(sched.c.obj)
 .text.k_sched_time_slice_set
                0x000000000000637c       0x64 zephyr/kernel/libkernel.a(sched.c.obj)
                0x000000000000637c                k_sched_time_slice_set
 .text.z_time_slice
                0x00000000000063e0       0x84 zephyr/kernel/libkernel.a(sched.c.obj)
                0x00000000000063e0                z_time_slice
 .text.z_pend_curr
                0x0000000000006464       0x3c zephyr/kernel/libkernel.a(sched.c.obj)
                0x0000000000006464                z_pend_curr
 .text.z_set_prio
                0x00000000000064a0       0x8c zephyr/kernel/libkernel.a(sched.c.obj)
                0x00000000000064a0                z_set_prio
 .text.z_reschedule
                0x000000000000652c       0x24 zephyr/kernel/libkernel.a(sched.c.obj)
                0x000000000000652c                z_reschedule
 .text.z_sched_start
                0x0000000000006550       0x3c zephyr/kernel/libkernel.a(sched.c.obj)
                0x0000000000006550                z_sched_start
 .text.z_impl_k_thread_suspend
                0x000000000000658c       0x64 zephyr/kernel/libkernel.a(sched.c.obj)
                0x000000000000658c                z_impl_k_thread_suspend
 .text.k_sched_lock
                0x00000000000065f0       0x28 zephyr/kernel/libkernel.a(sched.c.obj)
                0x00000000000065f0                k_sched_lock
 .text.k_sched_unlock
                0x0000000000006618       0x38 zephyr/kernel/libkernel.a(sched.c.obj)
                0x0000000000006618                k_sched_unlock
 .text.z_sched_init
                0x0000000000006650       0x18 zephyr/kernel/libkernel.a(sched.c.obj)
                0x0000000000006650                z_sched_init
 .text.z_impl_k_yield
                0x0000000000006668       0x7c zephyr/kernel/libkernel.a(sched.c.obj)
                0x0000000000006668                z_impl_k_yield
 .text.z_tick_sleep
                0x00000000000066e4       0x88 zephyr/kernel/libkernel.a(sched.c.obj)
 .text.z_impl_k_sleep
                0x000000000000676c       0x34 zephyr/kernel/libkernel.a(sched.c.obj)
                0x000000000000676c                z_impl_k_sleep
 .text.z_impl_z_current_get
                0x00000000000067a0        0xc zephyr/kernel/libkernel.a(sched.c.obj)
                0x00000000000067a0                z_impl_z_current_get
 .text.z_thread_abort
                0x00000000000067ac       0xc0 zephyr/kernel/libkernel.a(sched.c.obj)
                0x00000000000067ac                z_thread_abort
 .text.z_sched_wait
                0x000000000000686c       0x24 zephyr/kernel/libkernel.a(sched.c.obj)
                0x000000000000686c                z_sched_wait
 .text.z_data_copy
                0x0000000000006890       0x34 zephyr/kernel/libkernel.a(xip.c.obj)
                0x0000000000006890                z_data_copy
 .text.elapsed  0x00000000000068c4       0x14 zephyr/kernel/libkernel.a(timeout.c.obj)
 .text.next_timeout
                0x00000000000068d8       0x50 zephyr/kernel/libkernel.a(timeout.c.obj)
 .text.remove_timeout
                0x0000000000006928       0x38 zephyr/kernel/libkernel.a(timeout.c.obj)
 .text.z_add_timeout
                0x0000000000006960       0xfc zephyr/kernel/libkernel.a(timeout.c.obj)
                0x0000000000006960                z_add_timeout
 .text.sys_clock_announce
                0x0000000000006a5c       0xb8 zephyr/kernel/libkernel.a(timeout.c.obj)
                0x0000000000006a5c                sys_clock_announce
 .text.sys_clock_tick_get
                0x0000000000006b14       0x34 zephyr/kernel/libkernel.a(timeout.c.obj)
                0x0000000000006b14                sys_clock_tick_get
 .text.z_timer_expiration_handler
                0x0000000000006b48       0xd4 zephyr/kernel/libkernel.a(timer.c.obj)
                0x0000000000006b48                z_timer_expiration_handler
 .text.z_impl_k_timer_start
                0x0000000000006c1c       0x98 zephyr/kernel/libkernel.a(timer.c.obj)
                0x0000000000006c1c                z_impl_k_timer_start
 .text.z_impl_k_poll_signal_raise
                0x0000000000006cb4       0x50 zephyr/kernel/libkernel.a(poll.c.obj)
                0x0000000000006cb4                z_impl_k_poll_signal_raise
 .text.boot_banner
                0x0000000000006d04        0xc zephyr/kernel/libkernel.a(banner.c.obj)
                0x0000000000006d04                boot_banner
 .text.k_sys_work_q_init
                0x0000000000006d10       0x34 zephyr/kernel/libkernel.a(system_work_q.c.obj)
 .text.work_queue_main
                0x0000000000006d44      0x138 zephyr/kernel/libkernel.a(work.c.obj)
 .text.submit_to_queue_locked
                0x0000000000006e7c       0xb4 zephyr/kernel/libkernel.a(work.c.obj)
 .text.k_work_queue_start
                0x0000000000006f30       0x70 zephyr/kernel/libkernel.a(work.c.obj)
                0x0000000000006f30                k_work_queue_start
 .text.nrf_cc3xx_platform_init_no_rng
                0x0000000000006fa0       0x38 C:/ncs/v2.2.99-dev3/nrfxlib/crypto/nrf_cc312_platform/lib/cortex-m33/soft-float/no-interrupts/libnrf_cc312_platform_0.9.16.a(nrf_cc3xx_platform.c.obj)
                0x0000000000006fa0                nrf_cc3xx_platform_init_no_rng
 .text.nrf_cc3xx_platform_abort
                0x0000000000006fd8       0x24 C:/ncs/v2.2.99-dev3/nrfxlib/crypto/nrf_cc312_platform/lib/cortex-m33/soft-float/no-interrupts/libnrf_cc312_platform_0.9.16.a(nrf_cc3xx_platform_abort.c.obj)
 .text.CC_PalAbort
                0x0000000000006ffc       0x44 C:/ncs/v2.2.99-dev3/nrfxlib/crypto/nrf_cc312_platform/lib/cortex-m33/soft-float/no-interrupts/libnrf_cc312_platform_0.9.16.a(nrf_cc3xx_platform_abort.c.obj)
                0x0000000000006ffc                CC_PalAbort
 .text.nrf_cc3xx_platform_set_abort
                0x0000000000007040       0x10 C:/ncs/v2.2.99-dev3/nrfxlib/crypto/nrf_cc312_platform/lib/cortex-m33/soft-float/no-interrupts/libnrf_cc312_platform_0.9.16.a(nrf_cc3xx_platform_abort.c.obj)
                0x0000000000007040                nrf_cc3xx_platform_set_abort
 .text.mutex_free
                0x0000000000007050       0x34 C:/ncs/v2.2.99-dev3/nrfxlib/crypto/nrf_cc312_platform/lib/cortex-m33/soft-float/no-interrupts/libnrf_cc312_platform_0.9.16.a(nrf_cc3xx_platform_mutex.c.obj)
 .text.mutex_lock
                0x0000000000007084       0x48 C:/ncs/v2.2.99-dev3/nrfxlib/crypto/nrf_cc312_platform/lib/cortex-m33/soft-float/no-interrupts/libnrf_cc312_platform_0.9.16.a(nrf_cc3xx_platform_mutex.c.obj)
 .text.mutex_unlock
                0x00000000000070cc       0x38 C:/ncs/v2.2.99-dev3/nrfxlib/crypto/nrf_cc312_platform/lib/cortex-m33/soft-float/no-interrupts/libnrf_cc312_platform_0.9.16.a(nrf_cc3xx_platform_mutex.c.obj)
 .text.mutex_init
                0x0000000000007104       0x20 C:/ncs/v2.2.99-dev3/nrfxlib/crypto/nrf_cc312_platform/lib/cortex-m33/soft-float/no-interrupts/libnrf_cc312_platform_0.9.16.a(nrf_cc3xx_platform_mutex.c.obj)
 .text.nrf_cc3xx_platform_set_mutexes
                0x0000000000007124       0x78 C:/ncs/v2.2.99-dev3/nrfxlib/crypto/nrf_cc312_platform/lib/cortex-m33/soft-float/no-interrupts/libnrf_cc312_platform_0.9.16.a(nrf_cc3xx_platform_mutex.c.obj)
                0x0000000000007124                nrf_cc3xx_platform_set_mutexes
 .text.CC_LibInitNoRng
                0x000000000000719c       0x28 C:/ncs/v2.2.99-dev3/nrfxlib/crypto/nrf_cc312_platform/lib/cortex-m33/soft-float/no-interrupts/libnrf_cc312_platform_0.9.16.a(cc_lib.c.obj)
                0x000000000000719c                CC_LibInitNoRng
 .text.CC_HalInit
                0x00000000000071c4        0x4 C:/ncs/v2.2.99-dev3/nrfxlib/crypto/nrf_cc312_platform/lib/cortex-m33/soft-float/no-interrupts/libnrf_cc312_platform_0.9.16.a(cc_hal.c.obj)
                0x00000000000071c4                CC_HalInit
 .text.CC_PalInit
                0x00000000000071c8       0x5c C:/ncs/v2.2.99-dev3/nrfxlib/crypto/nrf_cc312_platform/lib/cortex-m33/soft-float/no-interrupts/libnrf_cc312_platform_0.9.16.a(cc_pal.c.obj)
                0x00000000000071c8                CC_PalInit
 .text.CC_PalTerminate
                0x0000000000007224       0x34 C:/ncs/v2.2.99-dev3/nrfxlib/crypto/nrf_cc312_platform/lib/cortex-m33/soft-float/no-interrupts/libnrf_cc312_platform_0.9.16.a(cc_pal.c.obj)
                0x0000000000007224                CC_PalTerminate
 .text.CC_PalDmaInit
                0x0000000000007258        0x4 C:/ncs/v2.2.99-dev3/nrfxlib/crypto/nrf_cc312_platform/lib/cortex-m33/soft-float/no-interrupts/libnrf_cc312_platform_0.9.16.a(cc_pal_dma.c.obj)
                0x0000000000007258                CC_PalDmaInit
 .text.CC_PalDmaTerminate
                0x000000000000725c        0x4 C:/ncs/v2.2.99-dev3/nrfxlib/crypto/nrf_cc312_platform/lib/cortex-m33/soft-float/no-interrupts/libnrf_cc312_platform_0.9.16.a(cc_pal_dma.c.obj)
                0x000000000000725c                CC_PalDmaTerminate
 .text.CC_PalMutexCreate
                0x0000000000007260       0x14 C:/ncs/v2.2.99-dev3/nrfxlib/crypto/nrf_cc312_platform/lib/cortex-m33/soft-float/no-interrupts/libnrf_cc312_platform_0.9.16.a(cc_pal_mutex.c.obj)
                0x0000000000007260                CC_PalMutexCreate
 .text.CC_PalMutexDestroy
                0x0000000000007274       0x14 C:/ncs/v2.2.99-dev3/nrfxlib/crypto/nrf_cc312_platform/lib/cortex-m33/soft-float/no-interrupts/libnrf_cc312_platform_0.9.16.a(cc_pal_mutex.c.obj)
                0x0000000000007274                CC_PalMutexDestroy
 .text.CC_PalPowerSaveModeInit
                0x0000000000007288       0x3c C:/ncs/v2.2.99-dev3/nrfxlib/crypto/nrf_cc312_platform/lib/cortex-m33/soft-float/no-interrupts/libnrf_cc312_platform_0.9.16.a(cc_pal_pm.c.obj)
                0x0000000000007288                CC_PalPowerSaveModeInit
 .text.cbpprintf_external
                0x00000000000072c4       0x62 zephyr/libzephyr.a(cbprintf_packaged.c.obj)
                0x00000000000072c4                cbpprintf_external
 .text.is_ptr   0x0000000000007326       0x4a zephyr/libzephyr.a(cbprintf_packaged.c.obj)
                0x0000000000007326                is_ptr
 .text.arch_printk_char_out
                0x0000000000007370        0x4 zephyr/libzephyr.a(printk.c.obj)
                0x0000000000007370                arch_printk_char_out
 .text.str_out  0x0000000000007374       0x26 zephyr/libzephyr.a(printk.c.obj)
 .text.printk   0x000000000000739a       0x1a zephyr/libzephyr.a(printk.c.obj)
                0x000000000000739a                printk
 .text.snprintk
                0x00000000000073b4       0x1a zephyr/libzephyr.a(printk.c.obj)
                0x00000000000073b4                snprintk
 .text.z_thread_entry
                0x00000000000073ce       0x14 zephyr/libzephyr.a(thread_entry.c.obj)
                0x00000000000073ce                z_thread_entry
 .text.process_recheck
                0x00000000000073e2       0x38 zephyr/libzephyr.a(onoff.c.obj)
 .text.validate_args
                0x000000000000741a       0x20 zephyr/libzephyr.a(onoff.c.obj)
 .text.notify_one
                0x000000000000743a       0x2c zephyr/libzephyr.a(onoff.c.obj)
 .text.transition_complete
                0x0000000000007466       0x1c zephyr/libzephyr.a(onoff.c.obj)
 .text.onoff_manager_init
                0x0000000000007482       0x26 zephyr/libzephyr.a(onoff.c.obj)
                0x0000000000007482                onoff_manager_init
 .text.onoff_request
                0x00000000000074a8       0xb0 zephyr/libzephyr.a(onoff.c.obj)
                0x00000000000074a8                onoff_request
 .text.sys_notify_validate
                0x0000000000007558       0x28 zephyr/libzephyr.a(notify.c.obj)
                0x0000000000007558                sys_notify_validate
 .text.sys_notify_finalize
                0x0000000000007580       0x32 zephyr/libzephyr.a(notify.c.obj)
                0x0000000000007580                sys_notify_finalize
 .text.encode_uint
                0x00000000000075b2       0x8c zephyr/libzephyr.a(cbprintf_complete.c.obj)
 .text.outs     0x000000000000763e       0x2e zephyr/libzephyr.a(cbprintf_complete.c.obj)
 .text.free_space
                0x000000000000766c       0x22 zephyr/libzephyr.a(mpsc_pbuf.c.obj)
 .text.get_usage
                0x000000000000768e       0x22 zephyr/libzephyr.a(mpsc_pbuf.c.obj)
 .text.idx_inc  0x00000000000076b0       0x1c zephyr/libzephyr.a(mpsc_pbuf.c.obj)
 .text.add_skip_item
                0x00000000000076cc       0x2c zephyr/libzephyr.a(mpsc_pbuf.c.obj)
 .text.max_utilization_update
                0x00000000000076f8       0x1a zephyr/libzephyr.a(mpsc_pbuf.c.obj)
 .text.drop_item_locked
                0x0000000000007712       0xb4 zephyr/libzephyr.a(mpsc_pbuf.c.obj)
 .text.mpsc_pbuf_init
                0x00000000000077c6       0x42 zephyr/libzephyr.a(mpsc_pbuf.c.obj)
                0x00000000000077c6                mpsc_pbuf_init
 .text.mpsc_pbuf_alloc
                0x0000000000007808       0xfc zephyr/libzephyr.a(mpsc_pbuf.c.obj)
                0x0000000000007808                mpsc_pbuf_alloc
 .text.mpsc_pbuf_commit
                0x0000000000007904       0x40 zephyr/libzephyr.a(mpsc_pbuf.c.obj)
                0x0000000000007904                mpsc_pbuf_commit
 .text.mpsc_pbuf_claim
                0x0000000000007944       0xa0 zephyr/libzephyr.a(mpsc_pbuf.c.obj)
                0x0000000000007944                mpsc_pbuf_claim
 .text.mpsc_pbuf_free
                0x00000000000079e4       0x68 zephyr/libzephyr.a(mpsc_pbuf.c.obj)
                0x00000000000079e4                mpsc_pbuf_free
 .text.mpsc_pbuf_is_pending
                0x0000000000007a4c       0x14 zephyr/libzephyr.a(mpsc_pbuf.c.obj)
                0x0000000000007a4c                mpsc_pbuf_is_pending
 .text._ConfigAbsSyms
                0x0000000000007a60        0x2 zephyr/libzephyr.a(configs.c.obj)
                0x0000000000007a60                _ConfigAbsSyms
 .text.pm_state_exit_post_ops
                0x0000000000007a62        0xc zephyr/libzephyr.a(power.c.obj)
                0x0000000000007a62                pm_state_exit_post_ops
 .text.log_msg_generic_get_wlen
                0x0000000000007a6e       0x22 zephyr/libzephyr.a(log_core.c.obj)
 .text.dummy_timestamp
                0x0000000000007a90        0x4 zephyr/libzephyr.a(log_core.c.obj)
 .text.default_get_timestamp
                0x0000000000007a94        0x4 zephyr/libzephyr.a(log_core.c.obj)
 .text.atomic_inc
                0x0000000000007a98       0x12 zephyr/libzephyr.a(log_core.c.obj)
 .text.z_log_vprintk
                0x0000000000007aaa       0x1c zephyr/libzephyr.a(log_core.c.obj)
                0x0000000000007aaa                z_log_vprintk
 .text.z_log_notify_drop
                0x0000000000007ac6        0x6 zephyr/libzephyr.a(log_core.c.obj)
 .text.z_log_get_tag
                0x0000000000007acc        0x4 zephyr/libzephyr.a(log_core.c.obj)
                0x0000000000007acc                z_log_get_tag
 .text.z_cbprintf_cpy
                0x0000000000007ad0       0x2c zephyr/libzephyr.a(log_msg.c.obj)
 .text.z_log_msg_finalize
                0x0000000000007afc       0x34 zephyr/libzephyr.a(log_msg.c.obj)
                0x0000000000007afc                z_log_msg_finalize
 .text.buffer_write
                0x0000000000007b30       0x1a zephyr/libzephyr.a(log_output.c.obj)
 .text.cbvprintf
                0x0000000000007b4a        0xe zephyr/libzephyr.a(log_output.c.obj)
 .text.log_output_flush
                0x0000000000007b58       0x1a zephyr/libzephyr.a(log_output.c.obj)
                0x0000000000007b58                log_output_flush
 .text.out_func
                0x0000000000007b72       0x2e zephyr/libzephyr.a(log_output.c.obj)
 .text.cr_out_func
                0x0000000000007ba0       0x1c zephyr/libzephyr.a(log_output.c.obj)
 .text.log_backend_uart_init
                0x0000000000007bbc        0x2 zephyr/libzephyr.a(log_backend_uart.c.obj)
 .text.abort_function
                0x0000000000007bbe        0x8 zephyr/libzephyr.a(nrf_cc3xx_platform_abort_zephyr.c.obj)
 .text.z_do_kernel_oops
                0x0000000000007bc6        0x8 zephyr/arch/arch/arm/core/aarch32/libarch__arm__core__aarch32.a(fatal.c.obj)
                0x0000000000007bc6                z_do_kernel_oops
 .text.z_irq_spurious
                0x0000000000007bce        0x8 zephyr/arch/arch/arm/core/aarch32/libarch__arm__core__aarch32.a(irq_manage.c.obj)
                0x0000000000007bce                z_irq_spurious
 .text.z_arm_nmi
                0x0000000000007bd6        0xe zephyr/arch/arch/arm/core/aarch32/libarch__arm__core__aarch32.a(nmi.c.obj)
                0x0000000000007bd6                z_arm_nmi
 .text.configure_builtin_stack_guard
                0x0000000000007be4        0x8 zephyr/arch/arch/arm/core/aarch32/libarch__arm__core__aarch32.a(thread.c.obj)
                0x0000000000007be4                configure_builtin_stack_guard
 .text.z_log_msg_static_create.constprop.0
                0x0000000000007bec        0x6 zephyr/arch/arch/arm/core/aarch32/cortex_m/libarch__arm__core__aarch32__cortex_m.a(fault.c.obj)
 .text.arm_cmse_mpu_region_get
                0x0000000000007bf2       0x12 zephyr/arch/arch/arm/core/aarch32/cortex_m/cmse/libarch__arm__core__aarch32__cortex_m__cmse.a(arm_core_cmse.c.obj)
                0x0000000000007bf2                arm_cmse_mpu_region_get
 .text.mpu_configure_region
                0x0000000000007c04       0x40 zephyr/arch/arch/arm/core/aarch32/mpu/libarch__arm__core__aarch32__mpu.a(arm_mpu.c.obj)
 .text.strlen   0x0000000000007c44        0xe zephyr/lib/libc/minimal/liblib__libc__minimal.a(string.c.obj)
                0x0000000000007c44                strlen
 .text.strnlen  0x0000000000007c52       0x12 zephyr/lib/libc/minimal/liblib__libc__minimal.a(string.c.obj)
                0x0000000000007c52                strnlen
 .text.memcpy   0x0000000000007c64       0x16 zephyr/lib/libc/minimal/liblib__libc__minimal.a(string.c.obj)
                0x0000000000007c64                memcpy
 .text.memset   0x0000000000007c7a       0x12 zephyr/lib/libc/minimal/liblib__libc__minimal.a(string.c.obj)
                0x0000000000007c7a                memset
 .text._stdout_hook_default
                0x0000000000007c8c        0x6 zephyr/lib/libc/minimal/liblib__libc__minimal.a(stdout_console.c.obj)
 .text.get_status
                0x0000000000007c92       0x12 zephyr/drivers/clock_control/libdrivers__clock_control.a(clock_control_nrf.c.obj)
 .text.set_on_state
                0x0000000000007ca4       0x26 zephyr/drivers/clock_control/libdrivers__clock_control.a(clock_control_nrf.c.obj)
 .text.stop     0x0000000000007cca       0x52 zephyr/drivers/clock_control/libdrivers__clock_control.a(clock_control_nrf.c.obj)
 .text.api_stop
                0x0000000000007d1c        0x6 zephyr/drivers/clock_control/libdrivers__clock_control.a(clock_control_nrf.c.obj)
 .text.async_start
                0x0000000000007d22       0x5c zephyr/drivers/clock_control/libdrivers__clock_control.a(clock_control_nrf.c.obj)
 .text.api_start
                0x0000000000007d7e        0xe zephyr/drivers/clock_control/libdrivers__clock_control.a(clock_control_nrf.c.obj)
 .text.onoff_started_callback
                0x0000000000007d8c       0x12 zephyr/drivers/clock_control/libdrivers__clock_control.a(clock_control_nrf.c.obj)
 .text.hfclkaudio_start
                0x0000000000007d9e        0x6 zephyr/drivers/clock_control/libdrivers__clock_control.a(clock_control_nrf.c.obj)
 .text.hfclk192m_start
                0x0000000000007da4        0x6 zephyr/drivers/clock_control/libdrivers__clock_control.a(clock_control_nrf.c.obj)
 .text.lfclk_start
                0x0000000000007daa        0x6 zephyr/drivers/clock_control/libdrivers__clock_control.a(clock_control_nrf.c.obj)
 .text.hfclkaudio_stop
                0x0000000000007db0        0x6 zephyr/drivers/clock_control/libdrivers__clock_control.a(clock_control_nrf.c.obj)
 .text.hfclk192m_stop
                0x0000000000007db6        0x6 zephyr/drivers/clock_control/libdrivers__clock_control.a(clock_control_nrf.c.obj)
 .text.lfclk_stop
                0x0000000000007dbc        0x6 zephyr/drivers/clock_control/libdrivers__clock_control.a(clock_control_nrf.c.obj)
 .text.blocking_start_callback
                0x0000000000007dc2        0x6 zephyr/drivers/clock_control/libdrivers__clock_control.a(clock_control_nrf.c.obj)
 .text.gpio_nrfx_port_get_raw
                0x0000000000007dc8        0xc zephyr/drivers/gpio/libdrivers__gpio.a(gpio_nrfx.c.obj)
 .text.gpio_nrfx_port_set_masked_raw
                0x0000000000007dd4       0x14 zephyr/drivers/gpio/libdrivers__gpio.a(gpio_nrfx.c.obj)
 .text.gpio_nrfx_port_set_bits_raw
                0x0000000000007de8        0xa zephyr/drivers/gpio/libdrivers__gpio.a(gpio_nrfx.c.obj)
 .text.gpio_nrfx_port_clear_bits_raw
                0x0000000000007df2        0xa zephyr/drivers/gpio/libdrivers__gpio.a(gpio_nrfx.c.obj)
 .text.gpio_nrfx_port_toggle_bits
                0x0000000000007dfc       0x14 zephyr/drivers/gpio/libdrivers__gpio.a(gpio_nrfx.c.obj)
 .text.gpio_nrfx_manage_callback
                0x0000000000007e10       0x52 zephyr/drivers/gpio/libdrivers__gpio.a(gpio_nrfx.c.obj)
 .text.irq_connect4
                0x0000000000007e62        0xa zephyr/drivers/spi/libdrivers__spi.a(spi_nrfx_spim.c.obj)
 .text.spi_context_get_next_buf.constprop.0
                0x0000000000007e6c       0x26 zephyr/drivers/spi/libdrivers__spi.a(spi_nrfx_spim.c.obj)
 .text.z_log_msg_static_create.constprop.0
                0x0000000000007e92        0x6 zephyr/drivers/spi/libdrivers__spi.a(spi_nrfx_spim.c.obj)
 .text.gpio_pin_set_dt.isra.0
                0x0000000000007e98       0x28 zephyr/drivers/spi/libdrivers__spi.a(spi_nrfx_spim.c.obj)
 .text._spi_context_cs_control
                0x0000000000007ec0       0x44 zephyr/drivers/spi/libdrivers__spi.a(spi_nrfx_spim.c.obj)
 .text.spi_context_unlock_unconditionally
                0x0000000000007f04       0x20 zephyr/drivers/spi/libdrivers__spi.a(spi_nrfx_spim.c.obj)
 .text.spi_nrfx_release
                0x0000000000007f24       0x24 zephyr/drivers/spi/libdrivers__spi.a(spi_nrfx_spim.c.obj)
 .text.spi_nrfx_transceive_async
                0x0000000000007f48       0x16 zephyr/drivers/spi/libdrivers__spi.a(spi_nrfx_spim.c.obj)
 .text.spi_nrfx_transceive
                0x0000000000007f5e       0x12 zephyr/drivers/spi/libdrivers__spi.a(spi_nrfx_spim.c.obj)
 .text.uarte_nrfx_config_get
                0x0000000000007f70       0x10 zephyr/drivers/serial/libdrivers__serial.a(uart_nrfx_uarte.c.obj)
 .text.uarte_nrfx_err_check
                0x0000000000007f80        0xe zephyr/drivers/serial/libdrivers__serial.a(uart_nrfx_uarte.c.obj)
 .text.uarte_nrfx_poll_in
                0x0000000000007f8e       0x28 zephyr/drivers/serial/libdrivers__serial.a(uart_nrfx_uarte.c.obj)
 .text.is_tx_ready.isra.0
                0x0000000000007fb6       0x20 zephyr/drivers/serial/libdrivers__serial.a(uart_nrfx_uarte.c.obj)
 .text.uarte_nrfx_isr_int
                0x0000000000007fd6       0x72 zephyr/drivers/serial/libdrivers__serial.a(uart_nrfx_uarte.c.obj)
 .text.sys_clock_idle_exit
                0x0000000000008048        0x2 zephyr/drivers/timer/libdrivers__timer.a(sys_clock_init.c.obj)
                0x0000000000008048                sys_clock_idle_exit
 .text.sys_clock_cycle_get_32
                0x000000000000804a        0x8 zephyr/drivers/timer/libdrivers__timer.a(nrf_rtc_timer.c.obj)
                0x000000000000804a                sys_clock_cycle_get_32
 .text.pinctrl_lookup_state
                0x0000000000008052       0x26 zephyr/drivers/pinctrl/libdrivers__pinctrl.a(common.c.obj)
                0x0000000000008052                pinctrl_lookup_state
 .text.hw_cc3xx_init_internal
                0x0000000000008078        0x4 modules/nrf/drivers/hw_cc310/lib..__nrf__drivers__hw_cc310.a(hw_cc310.c.obj)
 .text.hw_cc3xx_init
                0x000000000000807c       0x12 modules/nrf/drivers/hw_cc310/lib..__nrf__drivers__hw_cc310.a(hw_cc310.c.obj)
 .text.nrfx_isr
                0x000000000000808e        0x2 modules/hal_nordic/nrfx/libmodules__hal_nordic__nrfx.a(nrfx_glue.c.obj)
                0x000000000000808e                nrfx_isr
 .text.nrfx_busy_wait
                0x0000000000008090        0x4 modules/hal_nordic/nrfx/libmodules__hal_nordic__nrfx.a(nrfx_glue.c.obj)
                0x0000000000008090                nrfx_busy_wait
 .text.clock_stop
                0x0000000000008094      0x186 modules/hal_nordic/nrfx/libmodules__hal_nordic__nrfx.a(nrfx_clock.c.obj)
 .text.nrfx_clock_enable
                0x000000000000821a       0x24 modules/hal_nordic/nrfx/libmodules__hal_nordic__nrfx.a(nrfx_clock.c.obj)
                0x000000000000821a                nrfx_clock_enable
 .text.nrfx_clock_start
                0x000000000000823e       0xbe modules/hal_nordic/nrfx/libmodules__hal_nordic__nrfx.a(nrfx_clock.c.obj)
                0x000000000000823e                nrfx_clock_start
 .text.nrfx_clock_stop
                0x00000000000082fc        0x4 modules/hal_nordic/nrfx/libmodules__hal_nordic__nrfx.a(nrfx_clock.c.obj)
                0x00000000000082fc                nrfx_clock_stop
 .text.nrf_gpio_reconfigure
                0x0000000000008300       0x92 modules/hal_nordic/nrfx/libmodules__hal_nordic__nrfx.a(nrfx_gpiote.c.obj)
 .text.nrf_gpio_cfg_sense_set
                0x0000000000008392       0x1e modules/hal_nordic/nrfx/libmodules__hal_nordic__nrfx.a(nrfx_gpiote.c.obj)
 .text.spim_pin_uninit
                0x00000000000083b0       0x18 modules/hal_nordic/nrfx/libmodules__hal_nordic__nrfx.a(nrfx_spim.c.obj)
 .text.set_ss_pin_state
                0x00000000000083c8       0x20 modules/hal_nordic/nrfx/libmodules__hal_nordic__nrfx.a(nrfx_spim.c.obj)
 .text.z_device_state_init
                0x00000000000083e8        0x2 zephyr/kernel/libkernel.a(device.c.obj)
                0x00000000000083e8                z_device_state_init
 .text.z_device_is_ready
                0x00000000000083ea       0x16 zephyr/kernel/libkernel.a(device.c.obj)
                0x00000000000083ea                z_device_is_ready
 .text.z_early_memset
                0x0000000000008400        0x4 zephyr/kernel/libkernel.a(init.c.obj)
                0x0000000000008400                z_early_memset
 .text.z_early_memcpy
                0x0000000000008404        0x4 zephyr/kernel/libkernel.a(init.c.obj)
                0x0000000000008404                z_early_memcpy
 .text.create_free_list
                0x0000000000008408       0x2c zephyr/kernel/libkernel.a(mem_slab.c.obj)
 .text.k_mem_slab_init
                0x0000000000008434       0x1c zephyr/kernel/libkernel.a(mem_slab.c.obj)
                0x0000000000008434                k_mem_slab_init
 .text.k_mem_slab_free
                0x0000000000008450       0x52 zephyr/kernel/libkernel.a(mem_slab.c.obj)
                0x0000000000008450                k_mem_slab_free
 .text.k_is_in_isr
                0x00000000000084a2        0xc zephyr/kernel/libkernel.a(thread.c.obj)
                0x00000000000084a2                k_is_in_isr
 .text.z_impl_k_thread_name_set
                0x00000000000084ae        0x6 zephyr/kernel/libkernel.a(thread.c.obj)
                0x00000000000084ae                z_impl_k_thread_name_set
 .text.k_thread_name_get
                0x00000000000084b4        0x4 zephyr/kernel/libkernel.a(thread.c.obj)
                0x00000000000084b4                k_thread_name_get
 .text.z_impl_k_thread_start
                0x00000000000084b8        0x4 zephyr/kernel/libkernel.a(thread.c.obj)
                0x00000000000084b8                z_impl_k_thread_start
 .text.z_pm_save_idle_exit
                0x00000000000084bc        0xe zephyr/kernel/libkernel.a(idle.c.obj)
                0x00000000000084bc                z_pm_save_idle_exit
 .text.adjust_owner_prio.isra.0
                0x00000000000084ca       0x10 zephyr/kernel/libkernel.a(mutex.c.obj)
 .text.z_impl_k_mutex_init
                0x00000000000084da        0xe zephyr/kernel/libkernel.a(mutex.c.obj)
                0x00000000000084da                z_impl_k_mutex_init
 .text.z_impl_k_sem_init
                0x00000000000084e8       0x20 zephyr/kernel/libkernel.a(sem.c.obj)
                0x00000000000084e8                z_impl_k_sem_init
 .text.sys_dlist_remove
                0x0000000000008508       0x10 zephyr/kernel/libkernel.a(sched.c.obj)
 .text.unpend_thread_no_timeout
                0x0000000000008518       0x14 zephyr/kernel/libkernel.a(sched.c.obj)
 .text.z_thread_timeout
                0x000000000000852c       0x44 zephyr/kernel/libkernel.a(sched.c.obj)
                0x000000000000852c                z_thread_timeout
 .text.add_to_waitq_locked
                0x0000000000008570       0x50 zephyr/kernel/libkernel.a(sched.c.obj)
 .text.z_ready_thread
                0x00000000000085c0       0x20 zephyr/kernel/libkernel.a(sched.c.obj)
                0x00000000000085c0                z_ready_thread
 .text.z_unpend_thread_no_timeout
                0x00000000000085e0       0x20 zephyr/kernel/libkernel.a(sched.c.obj)
                0x00000000000085e0                z_unpend_thread_no_timeout
 .text.z_unpend1_no_timeout
                0x0000000000008600       0x2e zephyr/kernel/libkernel.a(sched.c.obj)
                0x0000000000008600                z_unpend1_no_timeout
 .text.z_unpend_first_thread
                0x000000000000862e       0x38 zephyr/kernel/libkernel.a(sched.c.obj)
                0x000000000000862e                z_unpend_first_thread
 .text.z_unpend_thread
                0x0000000000008666       0x28 zephyr/kernel/libkernel.a(sched.c.obj)
                0x0000000000008666                z_unpend_thread
 .text.z_reschedule_irqlock
                0x000000000000868e       0x18 zephyr/kernel/libkernel.a(sched.c.obj)
                0x000000000000868e                z_reschedule_irqlock
 .text.z_reschedule_unlocked
                0x00000000000086a6       0x14 zephyr/kernel/libkernel.a(sched.c.obj)
 .text.z_sched_wake
                0x00000000000086ba       0x46 zephyr/kernel/libkernel.a(sched.c.obj)
                0x00000000000086ba                z_sched_wake
 .text.z_abort_timeout
                0x0000000000008700       0x2c zephyr/kernel/libkernel.a(timeout.c.obj)
                0x0000000000008700                z_abort_timeout
 .text.z_get_next_timeout_expiry
                0x000000000000872c       0x20 zephyr/kernel/libkernel.a(timeout.c.obj)
                0x000000000000872c                z_get_next_timeout_expiry
 .text.z_set_timeout_expiry
                0x000000000000874c       0x38 zephyr/kernel/libkernel.a(timeout.c.obj)
                0x000000000000874c                z_set_timeout_expiry
 .text.sys_clock_tick_get_32
                0x0000000000008784        0x8 zephyr/kernel/libkernel.a(timeout.c.obj)
                0x0000000000008784                sys_clock_tick_get_32
 .text.z_impl_k_uptime_ticks
                0x000000000000878c        0x4 zephyr/kernel/libkernel.a(timeout.c.obj)
                0x000000000000878c                z_impl_k_uptime_ticks
 .text.z_impl_k_busy_wait
                0x0000000000008790        0x8 zephyr/kernel/libkernel.a(timeout.c.obj)
                0x0000000000008790                z_impl_k_busy_wait
 .text.k_timer_init
                0x0000000000008798       0x18 zephyr/kernel/libkernel.a(timer.c.obj)
                0x0000000000008798                k_timer_init
 .text.z_impl_k_timer_stop
                0x00000000000087b0       0x3a zephyr/kernel/libkernel.a(timer.c.obj)
                0x00000000000087b0                z_impl_k_timer_stop
 .text.signal_poll_event
                0x00000000000087ea       0xb4 zephyr/kernel/libkernel.a(poll.c.obj)
 .text.z_handle_obj_poll_events
                0x000000000000889e       0x1c zephyr/kernel/libkernel.a(poll.c.obj)
                0x000000000000889e                z_handle_obj_poll_events
 .text.flag_test_and_clear
                0x00000000000088ba       0x16 zephyr/kernel/libkernel.a(work.c.obj)
 .text.notify_queue_locked.isra.0
                0x00000000000088d0        0xe zephyr/kernel/libkernel.a(work.c.obj)
 .text.z_work_submit_to_queue
                0x00000000000088de       0x28 zephyr/kernel/libkernel.a(work.c.obj)
                0x00000000000088de                z_work_submit_to_queue
 .text._OffsetAbsSyms
                0x0000000000008906        0x2 zephyr/CMakeFiles/offsets.dir/./arch/arm/core/offsets/offsets.c.obj
                0x0000000000008906                _OffsetAbsSyms
 *(SORT_BY_ALIGNMENT(.TEXT.*))
 *(SORT_BY_ALIGNMENT(.gnu.linkonce.t.*))
 *(SORT_BY_ALIGNMENT(.glue_7t))
 .glue_7t       0x0000000000008908        0x0 linker stubs
 *(SORT_BY_ALIGNMENT(.glue_7))
 .glue_7        0x0000000000008908        0x0 linker stubs
 *(SORT_BY_ALIGNMENT(.vfp11_veneer))
 .vfp11_veneer  0x0000000000008908        0x0 linker stubs
 *(SORT_BY_ALIGNMENT(.v4_bx))
 .v4_bx         0x0000000000008908        0x0 linker stubs
                0x0000000000008908                . = ALIGN (0x4)
                0x0000000000008908                __text_region_end = .

.ARM.exidx      0x0000000000008908        0x8
                0x0000000000008908                __exidx_start = .
 *(SORT_BY_ALIGNMENT(.ARM.exidx*) SORT_BY_ALIGNMENT(gnu.linkonce.armexidx.*))
 .ARM.exidx     0x0000000000008908        0x8 c:/ncs/toolchains/v2.2.99-dev3/opt/zephyr-sdk/arm-zephyr-eabi/bin/../lib/gcc/arm-zephyr-eabi/12.1.0/thumb/v8-m.main/nofp\libgcc.a(_udivmoddi4.o)
                0x0000000000008910                __exidx_end = .
                0x0000000000008910                __rodata_region_start = .

initlevel       0x0000000000008910       0x70
                0x0000000000008910                __init_start = .
                0x0000000000008910                __init_EARLY_start = .
 *(SORT_BY_NAME(SORT_BY_ALIGNMENT(.z_init_EARLY[0-9]_*)))
 *(SORT_BY_NAME(SORT_BY_ALIGNMENT(.z_init_EARLY[1-9][0-9]_*)))
                0x0000000000008910                __init_PRE_KERNEL_1_start = .
 *(SORT_BY_NAME(SORT_BY_ALIGNMENT(.z_init_PRE_KERNEL_1[0-9]_*)))
 .z_init_PRE_KERNEL_10_
                0x0000000000008910        0x8 zephyr/libzephyr.a(soc.c.obj)
 *(SORT_BY_NAME(SORT_BY_ALIGNMENT(.z_init_PRE_KERNEL_1[1-9][0-9]_*)))
 .z_init_PRE_KERNEL_130_
                0x0000000000008918        0x8 zephyr/drivers/clock_control/libdrivers__clock_control.a(clock_control_nrf.c.obj)
 .z_init_PRE_KERNEL_130_
                0x0000000000008920        0x8 zephyr/kernel/libkernel.a(mem_slab.c.obj)
 .z_init_PRE_KERNEL_140_
                0x0000000000008928       0x10 zephyr/drivers/gpio/libdrivers__gpio.a(gpio_nrfx.c.obj)
 .z_init_PRE_KERNEL_140_
                0x0000000000008938        0x8 modules/nrf/drivers/hw_cc310/lib..__nrf__drivers__hw_cc310.a(hw_cc310.c.obj)
 .z_init_PRE_KERNEL_155_
                0x0000000000008940        0x8 zephyr/drivers/serial/libdrivers__serial.a(uart_nrfx_uarte.c.obj)
 .z_init_PRE_KERNEL_160_
                0x0000000000008948        0x8 zephyr/drivers/console/libdrivers__console.a(uart_console.c.obj)
                0x0000000000008950                __init_PRE_KERNEL_2_start = .
 *(SORT_BY_NAME(SORT_BY_ALIGNMENT(.z_init_PRE_KERNEL_2[0-9]_*)))
 .z_init_PRE_KERNEL_20_
                0x0000000000008950        0x8 zephyr/drivers/timer/libdrivers__timer.a(nrf_rtc_timer.c.obj)
 *(SORT_BY_NAME(SORT_BY_ALIGNMENT(.z_init_PRE_KERNEL_2[1-9][0-9]_*)))
                0x0000000000008958                __init_POST_KERNEL_start = .
 *(SORT_BY_NAME(SORT_BY_ALIGNMENT(.z_init_POST_KERNEL[0-9]_*)))
 .z_init_POST_KERNEL0_
                0x0000000000008958        0x8 zephyr/libzephyr.a(log_core.c.obj)
 *(SORT_BY_NAME(SORT_BY_ALIGNMENT(.z_init_POST_KERNEL[1-9][0-9]_*)))
 .z_init_POST_KERNEL40_
                0x0000000000008960        0x8 modules/nrf/drivers/hw_cc310/lib..__nrf__drivers__hw_cc310.a(hw_cc310.c.obj)
 .z_init_POST_KERNEL40_
                0x0000000000008968        0x8 zephyr/kernel/libkernel.a(system_work_q.c.obj)
 .z_init_POST_KERNEL50_
                0x0000000000008970        0x8 zephyr/boards/arm/nrf5340dk_nrf5340/libboards__arm__nrf5340dk_nrf5340.a(nrf5340_cpunet_reset.c.obj)
 .z_init_POST_KERNEL70_
                0x0000000000008978        0x8 zephyr/drivers/spi/libdrivers__spi.a(spi_nrfx_spim.c.obj)
                0x0000000000008980                __init_APPLICATION_start = .
 *(SORT_BY_NAME(SORT_BY_ALIGNMENT(.z_init_APPLICATION[0-9]_*)))
 *(SORT_BY_NAME(SORT_BY_ALIGNMENT(.z_init_APPLICATION[1-9][0-9]_*)))
                0x0000000000008980                __init_SMP_start = .
 *(SORT_BY_NAME(SORT_BY_ALIGNMENT(.z_init_SMP[0-9]_*)))
 *(SORT_BY_NAME(SORT_BY_ALIGNMENT(.z_init_SMP[1-9][0-9]_*)))
                0x0000000000008980                __init_end = .

devices         0x0000000000008980       0x78
                0x0000000000008980                __device_start = .
                0x0000000000008980                __device_EARLY_start = .
 *(SORT_BY_NAME(SORT_BY_ALIGNMENT(.z_device_EARLY[0-9]_*)))
 *(SORT_BY_NAME(SORT_BY_ALIGNMENT(.z_device_EARLY[1-9][0-9]_*)))
                0x0000000000008980                __device_PRE_KERNEL_1_start = .
 *(SORT_BY_NAME(SORT_BY_ALIGNMENT(.z_device_PRE_KERNEL_1[0-9]_*)))
 *(SORT_BY_NAME(SORT_BY_ALIGNMENT(.z_device_PRE_KERNEL_1[1-9][0-9]_*)))
 .z_device_PRE_KERNEL_130_
                0x0000000000008980       0x18 zephyr/drivers/clock_control/libdrivers__clock_control.a(clock_control_nrf.c.obj)
                0x0000000000008980                __device_dts_ord_80
 .z_device_PRE_KERNEL_140_
                0x0000000000008998       0x30 zephyr/drivers/gpio/libdrivers__gpio.a(gpio_nrfx.c.obj)
                0x0000000000008998                __device_dts_ord_30
                0x00000000000089b0                __device_dts_ord_9
 .z_device_PRE_KERNEL_155_
                0x00000000000089c8       0x18 zephyr/drivers/serial/libdrivers__serial.a(uart_nrfx_uarte.c.obj)
                0x00000000000089c8                __device_dts_ord_120
                0x00000000000089e0                __device_PRE_KERNEL_2_start = .
 *(SORT_BY_NAME(SORT_BY_ALIGNMENT(.z_device_PRE_KERNEL_2[0-9]_*)))
 *(SORT_BY_NAME(SORT_BY_ALIGNMENT(.z_device_PRE_KERNEL_2[1-9][0-9]_*)))
                0x00000000000089e0                __device_POST_KERNEL_start = .
 *(SORT_BY_NAME(SORT_BY_ALIGNMENT(.z_device_POST_KERNEL[0-9]_*)))
 *(SORT_BY_NAME(SORT_BY_ALIGNMENT(.z_device_POST_KERNEL[1-9][0-9]_*)))
 .z_device_POST_KERNEL70_
                0x00000000000089e0       0x18 zephyr/drivers/spi/libdrivers__spi.a(spi_nrfx_spim.c.obj)
                0x00000000000089e0                __device_dts_ord_140
                0x00000000000089f8                __device_APPLICATION_start = .
 *(SORT_BY_NAME(SORT_BY_ALIGNMENT(.z_device_APPLICATION[0-9]_*)))
 *(SORT_BY_NAME(SORT_BY_ALIGNMENT(.z_device_APPLICATION[1-9][0-9]_*)))
                0x00000000000089f8                __device_SMP_start = .
 *(SORT_BY_NAME(SORT_BY_ALIGNMENT(.z_device_SMP[0-9]_*)))
 *(SORT_BY_NAME(SORT_BY_ALIGNMENT(.z_device_SMP[1-9][0-9]_*)))
                0x00000000000089f8                __device_end = .

sw_isr_table    0x00000000000089f8      0x228
                0x00000000000089f8                . = ALIGN (0x4)
 *(SORT_BY_ALIGNMENT(.gnu.linkonce.sw_isr_table*))
 .gnu.linkonce.sw_isr_table
                0x00000000000089f8      0x228 zephyr/arch/common/libisr_tables.a(isr_tables.c.obj)
                0x00000000000089f8                _sw_isr_table

initlevel_error
                0x0000000000008910        0x0
 *(SORT_BY_NAME(SORT_BY_ALIGNMENT(.z_init_[_A-Z0-9]*)))
                0x0000000000000001                ASSERT ((SIZEOF (initlevel_error) == 0x0), Undefined initialization levels used.)

app_shmem_regions
                0x0000000000008c20        0x0
                0x0000000000008c20                __app_shmem_regions_start = .
 *(SORT_BY_NAME(SORT_BY_ALIGNMENT(.app_regions.*)))
                0x0000000000008c20                __app_shmem_regions_end = .

k_p4wq_initparam_area
                0x0000000000008c20        0x0
                0x0000000000008c20                _k_p4wq_initparam_list_start = .
 *(SORT_BY_NAME(SORT_BY_ALIGNMENT(._k_p4wq_initparam.static.*)))
                0x0000000000008c20                _k_p4wq_initparam_list_end = .

_static_thread_data_area
                0x0000000000008c20        0x0
                0x0000000000008c20                __static_thread_data_list_start = .
 *(SORT_BY_NAME(SORT_BY_ALIGNMENT(.__static_thread_data.static.*)))
                0x0000000000008c20                __static_thread_data_list_end = .

device_handles  0x0000000000008c20       0x22
                0x0000000000008c20                __device_handles_start = .
 *(SORT_BY_NAME(SORT_BY_ALIGNMENT(.__device_handles_pass2*)))
 .__device_handles_pass2
                0x0000000000008c20       0x22 zephyr/CMakeFiles/zephyr_pre1.dir/dev_handles.c.obj
                0x0000000000008c20                __devicehdl_dts_ord_140
                0x0000000000008c28                __devicehdl_dts_ord_120
                0x0000000000008c2e                __devicehdl_dts_ord_9
                0x0000000000008c36                __devicehdl_dts_ord_30
                0x0000000000008c3c                __devicehdl_dts_ord_80
                0x0000000000008c42                __device_handles_end = .

ztest           0x0000000000008c42        0x0
                0x0000000000008c42                _ztest_expected_result_entry_list_start = .
 *(SORT_BY_NAME(SORT_BY_ALIGNMENT(._ztest_expected_result_entry.static.*)))
                0x0000000000008c42                _ztest_expected_result_entry_list_end = .
                0x0000000000008c42                _ztest_suite_node_list_start = .
 *(SORT_BY_NAME(SORT_BY_ALIGNMENT(._ztest_suite_node.static.*)))
                0x0000000000008c42                _ztest_suite_node_list_end = .
                0x0000000000008c42                _ztest_unit_test_list_start = .
 *(SORT_BY_NAME(SORT_BY_ALIGNMENT(._ztest_unit_test.static.*)))
                0x0000000000008c42                _ztest_unit_test_list_end = .
                0x0000000000008c42                _ztest_test_rule_list_start = .
 *(SORT_BY_NAME(SORT_BY_ALIGNMENT(._ztest_test_rule.static.*)))
                0x0000000000008c42                _ztest_test_rule_list_end = .

bt_l2cap_fixed_chan_area
                0x0000000000008c42        0x0
                0x0000000000008c42                _bt_l2cap_fixed_chan_list_start = .
 *(SORT_BY_NAME(SORT_BY_ALIGNMENT(._bt_l2cap_fixed_chan.static.*)))
                0x0000000000008c42                _bt_l2cap_fixed_chan_list_end = .

bt_gatt_service_static_area
                0x0000000000008c42        0x0
                0x0000000000008c42                _bt_gatt_service_static_list_start = .
 *(SORT_BY_NAME(SORT_BY_ALIGNMENT(._bt_gatt_service_static.static.*)))
                0x0000000000008c42                _bt_gatt_service_static_list_end = .

log_strings_sections
                0x0000000000008c42        0x0
                0x0000000000008c42                __log_strings_start = .
 *(SORT_BY_NAME(SORT_BY_ALIGNMENT(.log_strings*)))
                0x0000000000008c42                __log_strings_end = .

log_const_sections
                0x0000000000008c44       0x90
                0x0000000000008c44                __log_const_start = .
 *(SORT_BY_NAME(SORT_BY_ALIGNMENT(.log_const_*)))
 .log_const_NRFX_CLOCK
                0x0000000000008c44        0x8 modules/hal_nordic/nrfx/libmodules__hal_nordic__nrfx.a(nrfx_clock.c.obj)
                0x0000000000008c44                log_const_NRFX_CLOCK
 .log_const_NRFX_DPPI
                0x0000000000008c4c        0x8 modules/hal_nordic/nrfx/libmodules__hal_nordic__nrfx.a(nrfx_dppi.c.obj)
                0x0000000000008c4c                log_const_NRFX_DPPI
 .log_const_NRFX_GPIOTE
                0x0000000000008c54        0x8 modules/hal_nordic/nrfx/libmodules__hal_nordic__nrfx.a(nrfx_gpiote.c.obj)
                0x0000000000008c54                log_const_NRFX_GPIOTE
 .log_const_NRFX_SPIM
                0x0000000000008c5c        0x8 modules/hal_nordic/nrfx/libmodules__hal_nordic__nrfx.a(nrfx_spim.c.obj)
                0x0000000000008c5c                log_const_NRFX_SPIM
 .log_const_cbprintf_package
                0x0000000000008c64        0x8 zephyr/libzephyr.a(cbprintf_packaged.c.obj)
                0x0000000000008c64                log_const_cbprintf_package
 .log_const_clock_control
                0x0000000000008c6c        0x8 zephyr/drivers/clock_control/libdrivers__clock_control.a(clock_control_nrf.c.obj)
                0x0000000000008c6c                log_const_clock_control
 .log_const_fatal_error
                0x0000000000008c74        0x8 modules/nrf/lib/fatal_error/lib..__nrf__lib__fatal_error.a(fatal_error.c.obj)
                0x0000000000008c74                log_const_fatal_error
 .log_const_ipc_app
                0x0000000000008c7c        0x8 app/libapp.a(main.c.obj)
                0x0000000000008c7c                log_const_ipc_app
 .log_const_log
                0x0000000000008c84        0x8 zephyr/libzephyr.a(log_core.c.obj)
                0x0000000000008c84                log_const_log
 .log_const_log_mgmt
                0x0000000000008c8c        0x8 zephyr/libzephyr.a(log_mgmt.c.obj)
                0x0000000000008c8c                log_const_log_mgmt
 .log_const_log_uart
                0x0000000000008c94        0x8 zephyr/libzephyr.a(log_backend_uart.c.obj)
                0x0000000000008c94                log_const_log_uart
 .log_const_mpu
                0x0000000000008c9c        0x8 zephyr/arch/arch/arm/core/aarch32/mpu/libarch__arm__core__aarch32__mpu.a(arm_core_mpu.c.obj)
                0x0000000000008c9c                log_const_mpu
 .log_const_nrf5340dk_nrf5340_cpuapp
                0x0000000000008ca4        0x8 zephyr/boards/arm/nrf5340dk_nrf5340/libboards__arm__nrf5340dk_nrf5340.a(nrf5340_cpunet_reset.c.obj)
                0x0000000000008ca4                log_const_nrf5340dk_nrf5340_cpuapp
 .log_const_os  0x0000000000008cac        0x8 zephyr/kernel/libkernel.a(init.c.obj)
                0x0000000000008cac                log_const_os
 .log_const_pm  0x0000000000008cb4        0x8 zephyr/libzephyr.a(pm.c.obj)
                0x0000000000008cb4                log_const_pm
 .log_const_soc
                0x0000000000008cbc        0x8 zephyr/libzephyr.a(soc.c.obj)
                0x0000000000008cbc                log_const_soc
 .log_const_spi_nrfx_spim
                0x0000000000008cc4        0x8 zephyr/drivers/spi/libdrivers__spi.a(spi_nrfx_spim.c.obj)
                0x0000000000008cc4                log_const_spi_nrfx_spim
 .log_const_uart_nrfx_uarte
                0x0000000000008ccc        0x8 zephyr/drivers/serial/libdrivers__serial.a(uart_nrfx_uarte.c.obj)
                0x0000000000008ccc                log_const_uart_nrfx_uarte
                0x0000000000008cd4                __log_const_end = .

log_backend_area
                0x0000000000008cd4       0x10
                0x0000000000008cd4                _log_backend_list_start = .
 *(SORT_BY_NAME(SORT_BY_ALIGNMENT(._log_backend.static.*)))
 ._log_backend.static.log_backend_uart
                0x0000000000008cd4       0x10 zephyr/libzephyr.a(log_backend_uart.c.obj)
                0x0000000000008ce4                _log_backend_list_end = .

log_link_area   0x0000000000008ce4        0x0
                0x0000000000008ce4                _log_link_list_start = .
 *(SORT_BY_NAME(SORT_BY_ALIGNMENT(._log_link.static.*)))
                0x0000000000008ce4                _log_link_list_end = .

tracing_backend_area
                0x0000000000008ce4        0x0
                0x0000000000008ce4                _tracing_backend_list_start = .
 *(SORT_BY_NAME(SORT_BY_ALIGNMENT(._tracing_backend.static.*)))
                0x0000000000008ce4                _tracing_backend_list_end = .

zephyr_dbg_info
 *(SORT_BY_ALIGNMENT(.dbg_thread_info))

symbol_to_keep  0x0000000000008ce4        0x0
                0x0000000000008ce4                __symbol_to_keep_start = .
 *(SORT_BY_NAME(SORT_BY_ALIGNMENT(.symbol_to_keep*)))
                0x0000000000008ce4                __symbol_to_keep_end = .

shell_area      0x0000000000008ce4        0x0
                0x0000000000008ce4                _shell_list_start = .
 *(SORT_BY_NAME(SORT_BY_ALIGNMENT(._shell.static.*)))
                0x0000000000008ce4                _shell_list_end = .

shell_root_cmds_sections
                0x0000000000008ce4        0x0
                0x0000000000008ce4                __shell_root_cmds_start = .
 *(SORT_BY_NAME(SORT_BY_ALIGNMENT(.shell_root_cmd_*)))
                0x0000000000008ce4                __shell_root_cmds_end = .

shell_subcmds_sections
                0x0000000000008ce4        0x0
                0x0000000000008ce4                __shell_subcmds_start = .
 *(SORT_BY_NAME(SORT_BY_ALIGNMENT(.shell_subcmd_*)))
                0x0000000000008ce4                __shell_subcmds_end = .

shell_dynamic_subcmds_sections
                0x0000000000008ce4        0x0
                0x0000000000008ce4                __shell_dynamic_subcmds_start = .
 *(SORT_BY_NAME(SORT_BY_ALIGNMENT(.shell_dynamic_subcmd_*)))
                0x0000000000008ce4                __shell_dynamic_subcmds_end = .

font_entry_sections
                0x0000000000008ce4        0x0
                0x0000000000008ce4                __font_entry_start = .
 *(SORT_BY_NAME(SORT_BY_ALIGNMENT(._cfb_font.*)))
                0x0000000000008ce4                __font_entry_end = .

rodata          0x0000000000008cf0      0xe00
 *(SORT_BY_ALIGNMENT(.rodata))
 .rodata        0x0000000000008cf0        0xc app/libapp.a(main.c.obj)
 *(SORT_BY_ALIGNMENT(.rodata.*))
 *fill*         0x0000000000008cfc        0x4 
 .rodata.delay_machine_code.1
                0x0000000000008d00        0x6 zephyr/libzephyr.a(soc.c.obj)
 *fill*         0x0000000000008d06        0x2 
 .rodata.mpsc_config
                0x0000000000008d08       0x14 zephyr/libzephyr.a(log_core.c.obj)
 .rodata.format_table
                0x0000000000008d1c       0x10 zephyr/libzephyr.a(log_core.c.obj)
 .rodata.colors
                0x0000000000008d2c       0x14 zephyr/libzephyr.a(log_output.c.obj)
 .rodata.severity
                0x0000000000008d40       0x14 zephyr/libzephyr.a(log_output.c.obj)
 .rodata.log_backend_uart_api
                0x0000000000008d54       0x1c zephyr/libzephyr.a(log_backend_uart.c.obj)
                0x0000000000008d54                log_backend_uart_api
 .rodata.log_output_uart
                0x0000000000008d70       0x10 zephyr/libzephyr.a(log_backend_uart.c.obj)
 .rodata.pmstates_DT_N_S_cpus_S_cpu_0
                0x0000000000008d80        0x0 zephyr/libzephyr.a(state.c.obj)
 .rodata.apis   0x0000000000008d80        0x8 zephyr/libzephyr.a(nrf_cc3xx_platform_abort_zephyr.c.obj)
 .rodata.mutexes
                0x0000000000008d88       0x14 zephyr/libzephyr.a(nrf_cc3xx_platform_mutex_zephyr.c.obj)
 .rodata.mutex_apis
                0x0000000000008d9c       0x10 zephyr/libzephyr.a(nrf_cc3xx_platform_mutex_zephyr.c.obj)
 .rodata.static_regions
                0x0000000000008dac        0xc zephyr/arch/arch/arm/core/aarch32/mpu/libarch__arm__core__aarch32__mpu.a(arm_core_mpu.c.obj)
 .rodata.mpu_config
                0x0000000000008db8        0x8 zephyr/soc/arm/common/cortex_m/libsoc__arm__common__cortex_m.a(arm_mpu_regions.c.obj)
                0x0000000000008db8                mpu_config
 .rodata.mpu_regions
                0x0000000000008dc0       0x20 zephyr/soc/arm/common/cortex_m/libsoc__arm__common__cortex_m.a(arm_mpu_regions.c.obj)
 .rodata.transitions.0
                0x0000000000008de0        0xc zephyr/drivers/clock_control/libdrivers__clock_control.a(clock_control_nrf.c.obj)
 .rodata.config
                0x0000000000008dec       0x30 zephyr/drivers/clock_control/libdrivers__clock_control.a(clock_control_nrf.c.obj)
 .rodata.clock_control_api
                0x0000000000008e1c       0x1c zephyr/drivers/clock_control/libdrivers__clock_control.a(clock_control_nrf.c.obj)
 .rodata.gpio_nrfx_p1_cfg
                0x0000000000008e38       0x10 zephyr/drivers/gpio/libdrivers__gpio.a(gpio_nrfx.c.obj)
 .rodata.gpio_nrfx_p0_cfg
                0x0000000000008e48       0x10 zephyr/drivers/gpio/libdrivers__gpio.a(gpio_nrfx.c.obj)
 .rodata.gpio_nrfx_drv_api_funcs
                0x0000000000008e58       0x24 zephyr/drivers/gpio/libdrivers__gpio.a(gpio_nrfx.c.obj)
 .rodata.spi_4z_config
                0x0000000000008e7c       0x2c zephyr/drivers/spi/libdrivers__spi.a(spi_nrfx_spim.c.obj)
 .rodata.__pinctrl_dev_config__device_dts_ord_140
                0x0000000000008ea8        0xc zephyr/drivers/spi/libdrivers__spi.a(spi_nrfx_spim.c.obj)
 .rodata.__pinctrl_states__device_dts_ord_140
                0x0000000000008eb4        0x8 zephyr/drivers/spi/libdrivers__spi.a(spi_nrfx_spim.c.obj)
 .rodata.__pinctrl_state_pins_0__device_dts_ord_140
                0x0000000000008ebc        0xc zephyr/drivers/spi/libdrivers__spi.a(spi_nrfx_spim.c.obj)
 .rodata.__compound_literal.0
                0x0000000000008ec8        0x8 zephyr/drivers/spi/libdrivers__spi.a(spi_nrfx_spim.c.obj)
 .rodata.spi_nrfx_driver_api
                0x0000000000008ed0        0xc zephyr/drivers/spi/libdrivers__spi.a(spi_nrfx_spim.c.obj)
 .rodata.uarte_0z_config
                0x0000000000008edc       0x10 zephyr/drivers/serial/libdrivers__serial.a(uart_nrfx_uarte.c.obj)
 .rodata.__pinctrl_dev_config__device_dts_ord_120
                0x0000000000008eec        0xc zephyr/drivers/serial/libdrivers__serial.a(uart_nrfx_uarte.c.obj)
 .rodata.__pinctrl_states__device_dts_ord_120
                0x0000000000008ef8        0x8 zephyr/drivers/serial/libdrivers__serial.a(uart_nrfx_uarte.c.obj)
 .rodata.__pinctrl_state_pins_0__device_dts_ord_120
                0x0000000000008f00       0x10 zephyr/drivers/serial/libdrivers__serial.a(uart_nrfx_uarte.c.obj)
 .rodata.uart_nrfx_uarte_driver_api
                0x0000000000008f10       0x14 zephyr/drivers/serial/libdrivers__serial.a(uart_nrfx_uarte.c.obj)
 .rodata._k_neg_eagain
                0x0000000000008f24        0x4 zephyr/kernel/libkernel.a(errno.c.obj)
                0x0000000000008f24                _k_neg_eagain
 .rodata.CSWTCH.474
                0x0000000000008f28       0x14 zephyr/kernel/libkernel.a(fatal.c.obj)
 .rodata.levels.0
                0x0000000000008f3c       0x18 zephyr/kernel/libkernel.a(init.c.obj)
 .rodata.CSWTCH.10
                0x0000000000008f54       0x20 C:/ncs/v2.2.99-dev3/nrfxlib/crypto/nrf_cc312_platform/lib/cortex-m33/soft-float/no-interrupts/libnrf_cc312_platform_0.9.16.a(nrf_cc3xx_platform.c.obj)
 .rodata.mutex_free.str1.4
                0x0000000000008f74       0x26 C:/ncs/v2.2.99-dev3/nrfxlib/crypto/nrf_cc312_platform/lib/cortex-m33/soft-float/no-interrupts/libnrf_cc312_platform_0.9.16.a(nrf_cc3xx_platform_mutex.c.obj)
 *fill*         0x0000000000008f9a        0x2 
 .rodata.mutex_init.str1.4
                0x0000000000008f9c       0x23 C:/ncs/v2.2.99-dev3/nrfxlib/crypto/nrf_cc312_platform/lib/cortex-m33/soft-float/no-interrupts/libnrf_cc312_platform_0.9.16.a(nrf_cc3xx_platform_mutex.c.obj)
 *fill*         0x0000000000008fbf        0x1 
 .rodata.CC_PalPowerSaveModeInit.str1.4
                0x0000000000008fc0       0x20 C:/ncs/v2.2.99-dev3/nrfxlib/crypto/nrf_cc312_platform/lib/cortex-m33/soft-float/no-interrupts/libnrf_cc312_platform_0.9.16.a(cc_pal_pm.c.obj)
 .rodata.nrfx_ipc_send.part.0.str1.1
                0x0000000000008fe0        0xc app/libapp.a(main.c.obj)
 .rodata.nrfx_ipc_handler.str1.1
                0x0000000000008fec       0x2d app/libapp.a(main.c.obj)
                                         0x30 (size before relaxing)
 .rodata.send_to_net.str1.1
                0x0000000000009019       0x2c app/libapp.a(main.c.obj)
 .rodata.main.str1.1
                0x0000000000009045       0xb6 app/libapp.a(main.c.obj)
 .rodata.str1.1
                0x00000000000090fb        0x8 app/libapp.a(main.c.obj)
 .rodata.cbprintf_package_convert.str1.1
                0x0000000000009103       0xa3 zephyr/libzephyr.a(cbprintf_packaged.c.obj)
 .rodata.str1.1
                0x00000000000091a6       0x11 zephyr/libzephyr.a(cbprintf_packaged.c.obj)
 .rodata.z_cbvprintf_impl.str1.1
                0x00000000000091b7        0x6 zephyr/libzephyr.a(cbprintf_complete.c.obj)
 .rodata.sys_reboot.str1.1
                0x00000000000091bd       0x29 zephyr/libzephyr.a(reboot.c.obj)
 .rodata.str1.1
                0x00000000000091e6        0x4 zephyr/libzephyr.a(soc.c.obj)
 .rodata.enable_logger.str1.1
                0x00000000000091ea        0x8 zephyr/libzephyr.a(log_core.c.obj)
 .rodata.str1.1